******************************************************************************
             TMS320C2000 Linker PC v18.1.1                     
******************************************************************************
>> Linked Wed Jul 18 23:54:46 2018

OUTPUT FILE NAME:   <EV_28069M_Fpu32.out>
ENTRY POINT SYMBOL: "_c_int00"  address: 003f272e


MEMORY CONFIGURATION

         name            origin    length      used     unused   attr    fill
----------------------  --------  ---------  --------  --------  ----  --------
PAGE 0:
  RAML0_1               00008000   00000c00  00000373  0000088d  RWIX
  OTP                   003d7800   00000400  00000000  00000400  RWIX
  FLASHH                003d8000   00004000  00000000  00004000  RWIX
  FLASHG                003dc000   00004000  00000000  00004000  RWIX
  FLASHF                003e0000   00004000  00000000  00004000  RWIX
  FLASHE                003e4000   00004000  00000000  00004000  RWIX
  FLASHD                003e8000   00004000  00000373  00003c8d  RWIX
  FLASHA_C              003ec000   0000bf80  0000853d  00003a43  RWIX
  CSM_RSVD              003f7f80   00000076  00000000  00000076  RWIX
  BEGIN                 003f7ff6   00000002  00000002  00000000  RWIX
  CSM_PWL_P0            003f7ff8   00000008  00000000  00000008  RWIX
  FPUTABLES             003fd590   000006a0  00000000  000006a0  RWIX
  IQTABLES              003fdc30   00000b50  00000b50  00000000  RWIX
  IQTABLES2             003fe780   0000008c  00000000  0000008c  RWIX
  IQTABLES3             003fe80c   000000aa  00000000  000000aa  RWIX
  ROM                   003ff3b0   00000c10  00000000  00000c10  RWIX
  RESET                 003fffc0   00000002  00000000  00000002  RWIX
  VECTORS               003fffc2   0000003e  00000000  0000003e  RWIX

PAGE 1:
  BOOT_RSVD             00000000   00000050  00000000  00000050  RWIX
  RAMM0                 00000050   000003b0  000003b0  00000000  RWIX
  RAMM1                 00000400   00000400  00000000  00000400  RWIX
  RAML2_4               00008c00   00003400  000006f8  00002d08  RWIX
  RAML5                 0000c000   00002000  000009a0  00001660  RWIX
  RAML6                 0000e000   00002000  00000000  00002000  RWIX
  RAML7                 00010000   00002000  00000000  00002000  RWIX
  RAML8                 00012000   00001800  00000000  00001800  RWIX
  USB_RAM               00040000   00000800  00000000  00000800  RWIX


SECTION ALLOCATION MAP

 output                                  attributes/
section   page    origin      length       input sections
--------  ----  ----------  ----------   ----------------
.cinit     0    003f424a    000001bf     
                  003f424a    000000f9     user_data.obj (.cinit)
                  003f4343    00000079     Main.obj (.cinit)
                  003f43bc    00000010     sci_operator.obj (.cinit)
                  003f43cc    0000000e     rts2800_fpu32.lib : exit.c.obj (.cinit)
                  003f43da    0000000d     datalog.obj (.cinit)
                  003f43e7    0000000b     hallbldc.obj (.cinit)
                  003f43f2    00000007     i2c_lcd.obj (.cinit)
                  003f43f9    00000005     rts2800_fpu32.lib : _lock.c.obj (.cinit:__lock)
                  003f43fe    00000005                       : _lock.c.obj (.cinit:__unlock)
                  003f4403    00000004                       : errno.c.obj (.cinit)
                  003f4407    00000002     --HOLE-- [fill = 0]

.pinit     0    003ec000    00000000     UNINITIALIZED

ramfuncs   0    003e8000    00000373     RUN ADDR = 00008000
                  003e8000    0000031f     ctrlQEP.obj (ramfuncs)
                  003e831f    00000032     flash.obj (ramfuncs)
                  003e8351    0000001e     hal.obj (ramfuncs)
                  003e836f    00000004     usDelay.obj (ramfuncs)

.text      0    003ec000    00006d24     
                  003ec000    00000ffc     user_data.obj (.text)
                  003ecffc    00000d47     rts2800_fpu32.lib : _printfi.c.obj (.text)
                  003edd43    00000d1c     hal.obj (.text)
                  003eea5f    00000001     rts2800_fpu32.lib : startup.c.obj (.text)
                  003eea60    000008dc     sci_operator.obj (.text)
                  003ef33c    00000720     ctrlQEP.obj (.text)
                  003efa5c    000005bf     Main.obj (.text)
                  003f001b    00000586     user.obj (.text)
                  003f05a1    00000001     --HOLE-- [fill = 0]
                  003f05a2    0000048a     Main.obj (.text:retain)
                  003f0a2c    00000380     rts2800_fpu32.lib : e_powf.c.obj (.text)
                  003f0dac    000002f6     pwm.obj (.text)
                  003f10a2    0000022e     hallbldc.obj (.text)
                  003f12d0    000001ee     adc.obj (.text)
                  003f14be    0000018a     clk.obj (.text)
                  003f1648    00000170     gpio.obj (.text)
                  003f17b8    0000012b     rts2800_fpu32.lib : e_logf.c.obj (.text)
                  003f18e3    00000126     pie.obj (.text)
                  003f1a09    0000011d     enc.obj (.text)
                  003f1b26    00000107     rts2800_fpu32.lib : ll_div28.asm.obj (.text)
                  003f1c2d    000000f7     i2c.obj (.text)
                  003f1d24    000000f2     sci.obj (.text)
                  003f1e16    000000e5     i2c_24lc32.obj (.text)
                  003f1efb    000000e0     throttle.obj (.text)
                  003f1fdb    000000d1     i2c_mcp23017.obj (.text)
                  003f20ac    000000c0     sci_message.obj (.text)
                  003f216c    000000bf     i2c_message.obj (.text)
                  003f222b    000000ab     rts2800_fpu32.lib : s_scalbn.c.obj (.text)
                  003f22d6    000000a9     spi.obj (.text)
                  003f237f    0000009c     rts2800_fpu32.lib : fd_add28.asm.obj (.text)
                  003f241b    0000008b                       : fd_div28.asm.obj (.text)
                  003f24a6    00000088                       : fs_div28.asm.obj (.text)
                  003f252e    00000083                       : fd_mpy28.asm.obj (.text)
                  003f25b1    00000071     sci_modbus.obj (.text)
                  003f2622    0000005b     pll.obj (.text)
                  003f267d    0000005a     rts2800_fpu32.lib : s_frexp.c.obj (.text)
                  003f26d7    00000057                       : s_scalbnf.c.obj (.text)
                  003f272e    00000056                       : boot28.asm.obj (.text)
                  003f2784    00000056                       : s_ceilf.c.obj (.text)
                  003f27da    00000048     filter.obj (.text)
                  003f2822    00000047     offset.obj (.text)
                  003f2869    00000046     wdog.obj (.text)
                  003f28af    00000044     pwr.obj (.text)
                  003f28f3    00000032     rts2800_fpu32.lib : sprintf.c.obj (.text)
                  003f2925    00000032     timer.obj (.text)
                  003f2957    00000031     rts2800_fpu32.lib : atoi.c.obj (.text)
                  003f2988    0000002e                       : ltoa.c.obj (.text)
                  003f29b6    0000002d     osc.obj (.text)
                  003f29e3    0000002a     rts2800_fpu32.lib : fd_cmp28.asm.obj (.text)
                  003f2a0d    0000002a                       : l_div28.asm.obj (.text)
                  003f2a37    00000029                       : exit.c.obj (.text)
                  003f2a60    00000026                       : e_sqrtf.c.obj (.text)
                  003f2a86    00000025     cpu.obj (.text)
                  003f2aab    00000025     filter_fo.obj (.text)
                  003f2ad0    00000024     rts2800_fpu32.lib : cpy_tbl.c.obj (.text)
                  003f2af4    00000024                       : s_copysign.c.obj (.text)
                  003f2b18    00000022                       : i_div28.asm.obj (.text)
                  003f2b3a    00000021                       : fd_toi28.asm.obj (.text)
                  003f2b5b    00000020     flash.obj (.text)
                  003f2b7b    0000001f     rts2800_fpu32.lib : fd_tol28.asm.obj (.text)
                  003f2b9a    0000001e                       : ll_cmp28.asm.obj (.text)
                  003f2bb8    0000001e                       : memcpy.c.obj (.text)
                  003f2bd6    0000001d                       : i_tofd28.asm.obj (.text)
                  003f2bf3    0000001c                       : fs_tofdfpu32.asm.obj (.text)
                  003f2c0f    0000001c                       : l_tofd28.asm.obj (.text)
                  003f2c2b    00000019                       : args_main.c.obj (.text)
                  003f2c44    00000018                       : ll_aox28.asm.obj (.text)
                  003f2c5c    00000011     pid.obj (.text)
                  003f2c6d    00000011     rts2800_fpu32.lib : s_copysignf.c.obj (.text)
                  003f2c7e    0000000f     memCopy.obj (.text)
                  003f2c8d    0000000e     datalog.obj (.text)
                  003f2c9b    0000000e     rts2800_fpu32.lib : fd_sub28.asm.obj (.text)
                  003f2ca9    0000000d                       : memccpy.c.obj (.text)
                  003f2cb6    0000000c                       : memset.c.obj (.text)
                  003f2cc2    0000000c                       : strchr.c.obj (.text)
                  003f2cce    0000000b                       : u_div28.asm.obj (.text)
                  003f2cd9    0000000a     pie.obj (.text:retain)
                  003f2ce3    00000009     rts2800_fpu32.lib : _lock.c.obj (.text)
                  003f2cec    00000009                       : fd_neg28.asm.obj (.text)
                  003f2cf5    00000009                       : strcat.c.obj (.text)
                  003f2cfe    00000009                       : wcslen.c.obj (.text)
                  003f2d07    00000008     CodeStartBranch.obj (.text)
                  003f2d0f    00000008     rts2800_fpu32.lib : strlen.c.obj (.text)
                  003f2d17    00000006     qep.obj (.text)
                  003f2d1d    00000005     rts2800_fpu32.lib : strcpy.c.obj (.text)
                  003f2d22    00000002                       : pre_init.c.obj (.text)

codestart 
*          0    003f7ff6    00000002     
                  003f7ff6    00000002     CodeStartBranch.obj (codestart)

.econst    0    003f2d24    00001526     
                  003f2d24    000001f1     user_data.obj (.econst:.string)
                  003f2f15    00000001     --HOLE-- [fill = 0]
                  003f2f16    00000121     sci_operator.obj (.econst:.string)
                  003f3037    00000101     rts2800_fpu32.lib : ctype.c.obj (.econst:.string:__ctypes_)
                  003f3138    00000099     user_data.obj (.econst:_g_ai8DescTripTrace)
                  003f31d1    00000055     user_data.obj (.econst:_g_ai8DescAccessLevel)
                  003f3226    00000055     user_data.obj (.econst:_g_ai8DescCtrlMethod)
                  003f327b    00000044     user_data.obj (.econst:_g_ai8DescInitial)
                  003f32bf    00000044     user_data.obj (.econst:_g_ai8DescReferSelect)
                  003f3303    00000044     user_data.obj (.econst:_g_ai8DescStopMethod)
                  003f3347    00000033     user_data.obj (.econst:_g_ai8DescCtrlLoop)
                  003f337a    00000032     rts2800_fpu32.lib : e_powf.c.obj (.econst)
                  003f33ac    0000002e     sci_operator.obj (.econst:_$P$T1$6)
                  003f33da    00000026     rts2800_fpu32.lib : _printfi.c.obj (.econst:.string)
                  003f3400    00000025     sci_operator.obj (.econst:_$P$T0$5)
                  003f3425    00000022     user_data.obj (.econst:_g_ai8DescEnable)
                  003f3447    00000022     user_data.obj (.econst:_g_ai8DescMotorType)
                  003f3469    00000001     --HOLE-- [fill = 0]
                  003f346a    0000001c     rts2800_fpu32.lib : _printfi.c.obj (.econst)
                  003f3486    0000001c                       : s_scalbn.c.obj (.econst)
                  003f34a2    0000001a     user_data.obj (.econst:_g_dmFunA1)
                  003f34bc    0000001a     user_data.obj (.econst:_g_dmFunA2)
                  003f34d6    0000001a     user_data.obj (.econst:_g_dmFunC1)
                  003f34f0    0000001a     user_data.obj (.econst:_g_dmFunC2)
                  003f350a    0000001a     user_data.obj (.econst:_g_dmFunCellA1_02)
                  003f3524    0000001a     user_data.obj (.econst:_g_dmFunCellA1_03)
                  003f353e    0000001a     user_data.obj (.econst:_g_dmFunCellA1_04)
                  003f3558    0000001a     user_data.obj (.econst:_g_dmFunCellC1_01)
                  003f3572    0000001a     user_data.obj (.econst:_g_dmFunCellC1_02)
                  003f358c    0000001a     user_data.obj (.econst:_g_dmFunCellC1_03)
                  003f35a6    0000001a     user_data.obj (.econst:_g_dmFunCellC2_01)
                  003f35c0    0000001a     user_data.obj (.econst:_g_dmFunCellC2_02)
                  003f35da    0000001a     user_data.obj (.econst:_g_dmFunCellC2_03)
                  003f35f4    0000001a     user_data.obj (.econst:_g_dmFunCellC2_04)
                  003f360e    0000001a     user_data.obj (.econst:_g_dmFunCellC2_05)
                  003f3628    0000001a     user_data.obj (.econst:_g_dmFunCellC2_06)
                  003f3642    0000001a     user_data.obj (.econst:_g_dmFunCellD1_01)
                  003f365c    0000001a     user_data.obj (.econst:_g_dmFunCellD1_02)
                  003f3676    0000001a     user_data.obj (.econst:_g_dmFunCellD1_03)
                  003f3690    0000001a     user_data.obj (.econst:_g_dmFunCellD1_04)
                  003f36aa    0000001a     user_data.obj (.econst:_g_dmFunCellD1_05)
                  003f36c4    0000001a     user_data.obj (.econst:_g_dmFunCellD1_06)
                  003f36de    0000001a     user_data.obj (.econst:_g_dmFunCellD1_07)
                  003f36f8    0000001a     user_data.obj (.econst:_g_dmFunCellD1_08)
                  003f3712    0000001a     user_data.obj (.econst:_g_dmFunCellD2_01)
                  003f372c    0000001a     user_data.obj (.econst:_g_dmFunCellD2_02)
                  003f3746    0000001a     user_data.obj (.econst:_g_dmFunCellD2_03)
                  003f3760    0000001a     user_data.obj (.econst:_g_dmFunCellD2_04)
                  003f377a    0000001a     user_data.obj (.econst:_g_dmFunCellD2_05)
                  003f3794    0000001a     user_data.obj (.econst:_g_dmFunCellD2_06)
                  003f37ae    0000001a     user_data.obj (.econst:_g_dmFunCellD2_07)
                  003f37c8    0000001a     user_data.obj (.econst:_g_dmFunCellD2_08)
                  003f37e2    0000001a     user_data.obj (.econst:_g_dmFunCellReserved)
                  003f37fc    0000001a     user_data.obj (.econst:_g_dmFunCellU1_01)
                  003f3816    0000001a     user_data.obj (.econst:_g_dmFunCellU1_02)
                  003f3830    0000001a     user_data.obj (.econst:_g_dmFunCellU1_03)
                  003f384a    0000001a     user_data.obj (.econst:_g_dmFunCellU1_04)
                  003f3864    0000001a     user_data.obj (.econst:_g_dmFunCellU1_05)
                  003f387e    0000001a     user_data.obj (.econst:_g_dmFunCellU1_06)
                  003f3898    0000001a     user_data.obj (.econst:_g_dmFunCellU1_07)
                  003f38b2    0000001a     user_data.obj (.econst:_g_dmFunCellU1_08)
                  003f38cc    0000001a     user_data.obj (.econst:_g_dmFunCellU1_09)
                  003f38e6    0000001a     user_data.obj (.econst:_g_dmFunCellU1_10)
                  003f3900    0000001a     user_data.obj (.econst:_g_dmFunCellU1_11)
                  003f391a    0000001a     user_data.obj (.econst:_g_dmFunCellU1_12)
                  003f3934    0000001a     user_data.obj (.econst:_g_dmFunCellU1_13)
                  003f394e    0000001a     user_data.obj (.econst:_g_dmFunCellU1_14)
                  003f3968    0000001a     user_data.obj (.econst:_g_dmFunCellU1_15)
                  003f3982    0000001a     user_data.obj (.econst:_g_dmFunCellU1_16)
                  003f399c    0000001a     user_data.obj (.econst:_g_dmFunCellU1_17)
                  003f39b6    0000001a     user_data.obj (.econst:_g_dmFunCellU1_18)
                  003f39d0    0000001a     user_data.obj (.econst:_g_dmFunCellU1_19)
                  003f39ea    0000001a     user_data.obj (.econst:_g_dmFunCellU1_20)
                  003f3a04    0000001a     user_data.obj (.econst:_g_dmFunCellU1_21)
                  003f3a1e    0000001a     user_data.obj (.econst:_g_dmFunCellU1_22)
                  003f3a38    0000001a     user_data.obj (.econst:_g_dmFunCellU1_23)
                  003f3a52    0000001a     user_data.obj (.econst:_g_dmFunCellU1_24)
                  003f3a6c    0000001a     user_data.obj (.econst:_g_dmFunCellU1_25)
                  003f3a86    0000001a     user_data.obj (.econst:_g_dmFunCellU1_26)
                  003f3aa0    0000001a     user_data.obj (.econst:_g_dmFunCellU1_27)
                  003f3aba    0000001a     user_data.obj (.econst:_g_dmFunCellU1_28)
                  003f3ad4    0000001a     user_data.obj (.econst:_g_dmFunCellU1_29)
                  003f3aee    0000001a     user_data.obj (.econst:_g_dmFunCellU2_01)
                  003f3b08    0000001a     user_data.obj (.econst:_g_dmFunCellU2_02)
                  003f3b22    0000001a     user_data.obj (.econst:_g_dmFunCellU2_03)
                  003f3b3c    0000001a     user_data.obj (.econst:_g_dmFunCellU2_04)
                  003f3b56    0000001a     user_data.obj (.econst:_g_dmFunCellU2_05)
                  003f3b70    0000001a     user_data.obj (.econst:_g_dmFunCellb1_01)
                  003f3b8a    0000001a     user_data.obj (.econst:_g_dmFunCellb1_02)
                  003f3ba4    0000001a     user_data.obj (.econst:_g_dmFunCellb1_03)
                  003f3bbe    0000001a     user_data.obj (.econst:_g_dmFunCellb1_04)
                  003f3bd8    0000001a     user_data.obj (.econst:_g_dmFunCellb1_05)
                  003f3bf2    0000001a     user_data.obj (.econst:_g_dmFunCellb1_06)
                  003f3c0c    0000001a     user_data.obj (.econst:_g_dmFunCellb1_07)
                  003f3c26    0000001a     user_data.obj (.econst:_g_dmFunCellb2_01)
                  003f3c40    0000001a     user_data.obj (.econst:_g_dmFunCellb2_02)
                  003f3c5a    0000001a     user_data.obj (.econst:_g_dmFunCellb2_03)
                  003f3c74    0000001a     user_data.obj (.econst:_g_dmFunD1)
                  003f3c8e    0000001a     user_data.obj (.econst:_g_dmFunD2)
                  003f3ca8    0000001a     user_data.obj (.econst:_g_dmFunU1)
                  003f3cc2    0000001a     user_data.obj (.econst:_g_dmFunU2)
                  003f3cdc    0000001a     user_data.obj (.econst:_g_dmFunb1)
                  003f3cf6    0000001a     user_data.obj (.econst:_g_dmFunb2)
                  003f3d10    0000001a     user_data.obj (.econst:_g_dmGroupA)
                  003f3d2a    0000001a     user_data.obj (.econst:_g_dmGroupC)
                  003f3d44    0000001a     user_data.obj (.econst:_g_dmGroupD)
                  003f3d5e    0000001a     user_data.obj (.econst:_g_dmGroupU)
                  003f3d78    0000001a     user_data.obj (.econst:_g_dmGroupb)
                  003f3d92    00000018     user_data.obj (.econst:_g_dmModeAutotuning)
                  003f3daa    00000018     user_data.obj (.econst:_g_dmModeInitialize)
                  003f3dc2    00000018     user_data.obj (.econst:_g_dmModeOperation)
                  003f3dda    00000018     user_data.obj (.econst:_g_dmModeProgram)
                  003f3df2    00000010     rts2800_fpu32.lib : e_logf.c.obj (.econst)
                  003f3e02    0000000e     user_data.obj (.econst:_g_dmCellAccTime)
                  003f3e10    0000000e     user_data.obj (.econst:_g_dmCellAccessLvl)
                  003f3e1e    0000000e     user_data.obj (.econst:_g_dmCellBLDC2FOC)
                  003f3e2c    0000000e     user_data.obj (.econst:_g_dmCellCtlLoop)
                  003f3e3a    0000000e     user_data.obj (.econst:_g_dmCellCtlMethod)
                  003f3e48    0000000e     user_data.obj (.econst:_g_dmCellCurrentMax)
                  003f3e56    0000000e     user_data.obj (.econst:_g_dmCellCurrentOut)
                  003f3e64    0000000e     user_data.obj (.econst:_g_dmCellCurrentRef)
                  003f3e72    0000000e     user_data.obj (.econst:_g_dmCellCurrentU)
                  003f3e80    0000000e     user_data.obj (.econst:_g_dmCellCurrentV)
                  003f3e8e    0000000e     user_data.obj (.econst:_g_dmCellCurrentW)
                  003f3e9c    0000000e     user_data.obj (.econst:_g_dmCellDCBus)
                  003f3eaa    0000000e     user_data.obj (.econst:_g_dmCellDCBusMax)
                  003f3eb8    0000000e     user_data.obj (.econst:_g_dmCellDCBusMin)
                  003f3ec6    0000000e     user_data.obj (.econst:_g_dmCellExtAd1)
                  003f3ed4    0000000e     user_data.obj (.econst:_g_dmCellExtAd2)
                  003f3ee2    0000000e     user_data.obj (.econst:_g_dmCellExtAd3)
                  003f3ef0    0000000e     user_data.obj (.econst:_g_dmCellExtAd4)
                  003f3efe    0000000e     user_data.obj (.econst:_g_dmCellExtAd5)
                  003f3f0c    0000000e     user_data.obj (.econst:_g_dmCellExtAd6)
                  003f3f1a    0000000e     user_data.obj (.econst:_g_dmCellExtTemp)
                  003f3f28    0000000e     user_data.obj (.econst:_g_dmCellFOC2BLDC)
                  003f3f36    0000000e     user_data.obj (.econst:_g_dmCellFluxEstHz)
                  003f3f44    0000000e     user_data.obj (.econst:_g_dmCellFreqOut)
                  003f3f52    0000000e     user_data.obj (.econst:_g_dmCellFreqRef)
                  003f3f60    0000000e     user_data.obj (.econst:_g_dmCellIBias1)
                  003f3f6e    0000000e     user_data.obj (.econst:_g_dmCellIBias2)
                  003f3f7c    0000000e     user_data.obj (.econst:_g_dmCellIBias3)
                  003f3f8a    0000000e     user_data.obj (.econst:_g_dmCellIndAxisD)
                  003f3f98    0000000e     user_data.obj (.econst:_g_dmCellIndAxisQ)
                  003f3fa6    0000000e     user_data.obj (.econst:_g_dmCellIndEstCurrent)
                  003f3fb4    0000000e     user_data.obj (.econst:_g_dmCellInitial)
                  003f3fc2    0000000e     user_data.obj (.econst:_g_dmCellInputTerm)
                  003f3fd0    0000000e     user_data.obj (.econst:_g_dmCellKi_BLDC)
                  003f3fde    0000000e     user_data.obj (.econst:_g_dmCellKi_Id)
                  003f3fec    0000000e     user_data.obj (.econst:_g_dmCellKi_Iq)
                  003f3ffa    0000000e     user_data.obj (.econst:_g_dmCellKi_Speed)
                  003f4008    0000000e     user_data.obj (.econst:_g_dmCellKp_BLDC)
                  003f4016    0000000e     user_data.obj (.econst:_g_dmCellKp_Id)
                  003f4024    0000000e     user_data.obj (.econst:_g_dmCellKp_Iq)
                  003f4032    0000000e     user_data.obj (.econst:_g_dmCellKp_Speed)
                  003f4040    0000000e     user_data.obj (.econst:_g_dmCellMagnetCur)
                  003f404e    0000000e     user_data.obj (.econst:_g_dmCellMotorSpd)
                  003f405c    0000000e     user_data.obj (.econst:_g_dmCellMotorSpdEnc1)
                  003f406a    0000000e     user_data.obj (.econst:_g_dmCellMotorSpdEnc2)
                  003f4078    0000000e     user_data.obj (.econst:_g_dmCellMotorSpdHall)
                  003f4086    0000000e     user_data.obj (.econst:_g_dmCellMotorType)
                  003f4094    0000000e     user_data.obj (.econst:_g_dmCellOperationSel)
                  003f40a2    0000000e     user_data.obj (.econst:_g_dmCellOutputTerm)
                  003f40b0    0000000e     user_data.obj (.econst:_g_dmCellPolePair)
                  003f40be    0000000e     user_data.obj (.econst:_g_dmCellPowerOut)
                  003f40cc    0000000e     user_data.obj (.econst:_g_dmCellRatedFlux)
                  003f40da    0000000e     user_data.obj (.econst:_g_dmCellReferenceSel)
                  003f40e8    0000000e     user_data.obj (.econst:_g_dmCellResEstCurrent)
                  003f40f6    0000000e     user_data.obj (.econst:_g_dmCellResRotor)
                  003f4104    0000000e     user_data.obj (.econst:_g_dmCellResStator)
                  003f4112    0000000e     user_data.obj (.econst:_g_dmCellReserved)
                  003f4120    0000000e     user_data.obj (.econst:_g_dmCellReverseProhibit)
                  003f412e    0000000e     user_data.obj (.econst:_g_dmCellStopMethod)
                  003f413c    0000000e     user_data.obj (.econst:_g_dmCellTorqueOut)
                  003f414a    0000000e     user_data.obj (.econst:_g_dmCellVBias1)
                  003f4158    0000000e     user_data.obj (.econst:_g_dmCellVBias2)
                  003f4166    0000000e     user_data.obj (.econst:_g_dmCellVBias3)
                  003f4174    0000000e     user_data.obj (.econst:_g_dmCellVersion)
                  003f4182    0000000e     user_data.obj (.econst:_g_dmCellVoltageU)
                  003f4190    0000000e     user_data.obj (.econst:_g_dmCellVoltageV)
                  003f419e    0000000e     user_data.obj (.econst:_g_dmCellVoltageW)
                  003f41ac    0000000e     user_data.obj (.econst:_g_dmTripTrace1)
                  003f41ba    0000000e     user_data.obj (.econst:_g_dmTripTrace2)
                  003f41c8    0000000e     user_data.obj (.econst:_g_dmTripTrace3)
                  003f41d6    0000000e     user_data.obj (.econst:_g_dmTripTrace4)
                  003f41e4    0000000e     user_data.obj (.econst:_g_dmTripTrace5)
                  003f41f2    00000008     enc.obj (.econst)
                  003f41fa    00000008     rts2800_fpu32.lib : s_frexp.c.obj (.econst)
                  003f4202    00000008     user.obj (.econst)
                  003f420a    00000006     rts2800_fpu32.lib : s_scalbnf.c.obj (.econst)
                  003f4210    00000004     Main.obj (.econst)
                  003f4214    00000004     ctrlQEP.obj (.econst:_$P$T0$1)
                  003f4218    00000004     ctrlQEP.obj (.econst:_$P$T1$2)
                  003f421c    00000004     ctrlQEP.obj (.econst:_$P$T2$3)
                  003f4220    00000004     ctrlQEP.obj (.econst:_$P$T3$4)
                  003f4224    00000004     ctrlQEP.obj (.econst:_$P$T4$5)
                  003f4228    00000004     ctrlQEP.obj (.econst:_$P$T5$6)
                  003f422c    00000004     rts2800_fpu32.lib : e_powf.c.obj (.econst:_bp)
                  003f4230    00000004                       : e_powf.c.obj (.econst:_dp_h)
                  003f4234    00000004                       : e_powf.c.obj (.econst:_dp_l)
                  003f4238    00000004     ctrlQEP.obj (.econst)
                  003f423c    00000004     filter.obj (.econst)
                  003f4240    00000004     hal.obj (.econst)
                  003f4244    00000004     user_data.obj (.econst)
                  003f4248    00000002     rts2800_fpu32.lib : s_ceilf.c.obj (.econst)

IQmath     0    003f4409    00000116     
                  003f4409    00000047     IQmath_fpu32.lib : IQ24div.obj (IQmath)
                  003f4450    00000042                      : IQ24sqrt.obj (IQmath)
                  003f4492    00000029                      : IQ24sinPU.obj (IQmath)
                  003f44bb    00000027                      : IQ24cosPU.obj (IQmath)
                  003f44e2    00000016                      : IQ24toF.obj (IQmath)
                  003f44f8    00000016                      : IQ30toF.obj (IQmath)
                  003f450e    00000011                      : IQ24mpyI32int.obj (IQmath)

.switch    0    003f4520    0000001e     
                  003f4520    0000001e     sci_operator.obj (.switch:_OPERATOR_convertEstState)

IQmathTables 
*          0    003fdc30    00000b50     NOLOAD SECTION
                  003fdc30    00000b50     IQmath_fpu32.lib : IQmathTables.obj (IQmathTables)

.stack     1    00000050    000003b0     UNINITIALIZED
                  00000050    000003b0     --HOLE--

.ebss      1    00008c00    000006f8     UNINITIALIZED
                  00008c00    00000404     Main.obj (.ebss)
                  00009004    0000000e     sci_operator.obj (.ebss)
                  00009012    0000000c     datalog.obj (.ebss)
                  0000901e    0000000a     hallbldc.obj (.ebss)
                  00009028    00000006     rts2800_fpu32.lib : exit.c.obj (.ebss)
                  0000902e    00000004     i2c_lcd.obj (.ebss)
                  00009032    00000002     rts2800_fpu32.lib : _lock.c.obj (.ebss:__lock)
                  00009034    00000002                       : _lock.c.obj (.ebss:__unlock)
                  00009036    00000001     cpu.obj (.ebss)
                  00009037    00000001     rts2800_fpu32.lib : errno.c.obj (.ebss)
                  00009038    00000008     --HOLE--
                  00009040    000001d8     user_data.obj (.ebss)
                  00009218    00000028     --HOLE--
                  00009240    000000b8     hal.obj (.ebss)

graph_data 
*          1    0000c000    000009a0     UNINITIALIZED
                  0000c000    000009a0     datalog.obj (graph_data)

.reset     0    003fffc0    00000002     DSECT
                  003fffc0    00000002     rts2800_fpu32.lib : boot28.asm.obj (.reset)

vectors    0    003fffc2    00000000     DSECT

MODULE SUMMARY

       Module                 code    initialized data   uninitialized data
       ------                 ----    ----------------   ------------------
    .\
       user_data.obj          4092    4788               472               
       Main.obj               2633    125                1028              
       hal.obj                3416    4                  184               
       ctrlQEP.obj            3422    28                 0                 
       sci_operator.obj       2268    418                14                
       datalog.obj            14      13                 2476              
       user.obj               1414    8                  0                 
       pwm.obj                758     0                  0                 
       hallbldc.obj           558     11                 10                
       adc.obj                494     0                  0                 
       clk.obj                394     0                  0                 
       gpio.obj               368     0                  0                 
       pie.obj                304     0                  0                 
       enc.obj                285     8                  0                 
       i2c.obj                247     0                  0                 
       sci.obj                242     0                  0                 
       i2c_24lc32.obj         229     0                  0                 
       throttle.obj           224     0                  0                 
       i2c_mcp23017.obj       209     0                  0                 
       sci_message.obj        192     0                  0                 
       i2c_message.obj        191     0                  0                 
       spi.obj                169     0                  0                 
       flash.obj              132     0                  0                 
       sci_modbus.obj         113     0                  0                 
       pll.obj                91      0                  0                 
       filter.obj             72      4                  0                 
       offset.obj             71      0                  0                 
       wdog.obj               70      0                  0                 
       pwr.obj                68      0                  0                 
       timer.obj              50      0                  0                 
       osc.obj                45      0                  0                 
       cpu.obj                37      0                  1                 
       filter_fo.obj          37      0                  0                 
       pid.obj                17      0                  0                 
       memCopy.obj            15      0                  0                 
       i2c_lcd.obj            0       7                  4                 
       CodeStartBranch.obj    10      0                  0                 
       usDelay.obj            8       0                  0                 
       qep.obj                6       0                  0                 
    +--+----------------------+-------+------------------+--------------------+
       Total:                 22965   5414               4189              
                                                                           
    ../sw/modules/iqmath/lib/f28x/float/IQmath_fpu32.lib
       IQmathTables.obj       0       2896               0                 
       IQ24div.obj            71      0                  0                 
       IQ24sqrt.obj           66      0                  0                 
       IQ24sinPU.obj          41      0                  0                 
       IQ24cosPU.obj          39      0                  0                 
       IQ24toF.obj            22      0                  0                 
       IQ30toF.obj            22      0                  0                 
       IQ24mpyI32int.obj      17      0                  0                 
    +--+----------------------+-------+------------------+--------------------+
       Total:                 278     2896               0                 
                                                                           
    D:/TI/ccsv8/tools/compiler/ti-cgt-c2000_18.1.1.LTS/lib/rts2800_fpu32.lib
       _printfi.c.obj         3399    66                 0                 
       e_powf.c.obj           896     62                 0                 
       e_logf.c.obj           299     16                 0                 
       ll_div28.asm.obj       263     0                  0                 
       ctype.c.obj            0       257                0                 
       s_scalbn.c.obj         171     28                 0                 
       fd_add28.asm.obj       156     0                  0                 
       fd_div28.asm.obj       139     0                  0                 
       fs_div28.asm.obj       136     0                  0                 
       fd_mpy28.asm.obj       131     0                  0                 
       s_frexp.c.obj          90      8                  0                 
       s_scalbnf.c.obj        87      6                  0                 
       s_ceilf.c.obj          86      2                  0                 
       boot28.asm.obj         86      0                  0                 
       exit.c.obj             41      14                 6                 
       sprintf.c.obj          50      0                  0                 
       atoi.c.obj             49      0                  0                 
       ltoa.c.obj             46      0                  0                 
       fd_cmp28.asm.obj       42      0                  0                 
       l_div28.asm.obj        42      0                  0                 
       e_sqrtf.c.obj          38      0                  0                 
       cpy_tbl.c.obj          36      0                  0                 
       s_copysign.c.obj       36      0                  0                 
       i_div28.asm.obj        34      0                  0                 
       fd_toi28.asm.obj       33      0                  0                 
       fd_tol28.asm.obj       31      0                  0                 
       ll_cmp28.asm.obj       30      0                  0                 
       memcpy.c.obj           30      0                  0                 
       i_tofd28.asm.obj       29      0                  0                 
       fs_tofdfpu32.asm.obj   28      0                  0                 
       l_tofd28.asm.obj       28      0                  0                 
       args_main.c.obj        25      0                  0                 
       ll_aox28.asm.obj       24      0                  0                 
       _lock.c.obj            9       10                 4                 
       s_copysignf.c.obj      17      0                  0                 
       fd_sub28.asm.obj       14      0                  0                 
       memccpy.c.obj          13      0                  0                 
       memset.c.obj           12      0                  0                 
       strchr.c.obj           12      0                  0                 
       u_div28.asm.obj        11      0                  0                 
       fd_neg28.asm.obj       9       0                  0                 
       strcat.c.obj           9       0                  0                 
       wcslen.c.obj           9       0                  0                 
       strlen.c.obj           8       0                  0                 
       errno.c.obj            0       4                  1                 
       strcpy.c.obj           5       0                  0                 
       pre_init.c.obj         2       0                  0                 
       startup.c.obj          1       0                  0                 
    +--+----------------------+-------+------------------+--------------------+
       Total:                 6742    473                11                
                                                                           
       Stack:                 0       0                  944               
    +--+----------------------+-------+------------------+--------------------+
       Grand Total:           29985   8783               5144              


GLOBAL DATA SYMBOLS: SORTED BY DATA PAGE

address     data page           name
--------    ----------------    ----
00000050       1 (00000040)     __stack

00008c00     230 (00008c00)     _gModbusObj
00008c01     230 (00008c00)     _bFlag_Latch_softwareUpdate
00008c03     230 (00008c00)     _gu16Counter_updateGlobals
00008c04     230 (00008c00)     _gpCtlObj
00008c06     230 (00008c00)     _giqMaxCurrentSlope
00008c08     230 (00008c00)     _gI2cMessageHandle
00008c0a     230 (00008c00)     _gModbusHandle
00008c0c     230 (00008c00)     _gEepromHandle
00008c0e     230 (00008c00)     _gCtrlHandle
00008c10     230 (00008c00)     _gHalHandle
00008c12     230 (00008c00)     _giqTorque_Flux_Iq_pu_to_Nm_sf
00008c14     230 (00008c00)     _giqTorque_Ls_Id_Iq_pu_to_Nm_sf
00008c16     230 (00008c00)     _giqFlux_pu_to_VpHz_sf
00008c18     230 (00008c00)     _giqFlux_pu_to_Wb_sf
00008c1a     230 (00008c00)     _gHallBLDCHandle
00008c1c     230 (00008c00)     _gOperHandle
00008c1e     230 (00008c00)     _gEncHandle
00008c20     230 (00008c00)     _gIoexpandHandle
00008c22     230 (00008c00)     _gThrottleHandle
00008c24     230 (00008c00)     _gEepromObj
00008c28     230 (00008c00)     _gSciMessageHandle
00008c2c     230 (00008c00)     _gPwmData
00008c32     230 (00008c00)     _gIoexpandObj

00008c40     231 (00008c40)     _gAdcData
00008c5c     231 (00008c40)     _gEncObj

00008c80     232 (00008c80)     _gDacData

00008cc0     233 (00008cc0)     _gThrottleObj

00008d00     234 (00008d00)     _gOperObj

00008d40     235 (00008d40)     _gHallBLDCObj

00008d80     236 (00008d80)     _gI2cMessage

00008e00     238 (00008e00)     _gMotorVars

00008e80     23a (00008e80)     _gUserParams

00008f40     23d (00008f40)     _gSciMessage

00009008     240 (00009000)     _g_i32EditValue
0000900a     240 (00009000)     _g_pOperObj
0000900c     240 (00009000)     _g_i32DeltaValue
0000900e     240 (00009000)     _g_i32EditMinValue
00009010     240 (00009000)     _g_i32EditMaxValue
00009012     240 (00009000)     _gDatalogHandle
00009014     240 (00009000)     _gDatalog
0000901e     240 (00009000)     _giqHall_PwmDuty
00009020     240 (00009000)     _gai8Hall_PwmIndex
00009028     240 (00009000)     ___TI_enable_exit_profile_output
0000902a     240 (00009000)     ___TI_cleanup_ptr
0000902c     240 (00009000)     ___TI_dtors_ptr
00009032     240 (00009000)     __lock
00009034     240 (00009000)     __unlock
00009036     240 (00009000)     _cpu
00009037     240 (00009000)     _errno

00009040     241 (00009040)     _g_u16Reserved
00009041     241 (00009040)     _g_u16DelayCnt
00009044     241 (00009040)     _g_dmGroupInitArray
00009046     241 (00009040)     _g_dmGroupOperArray
00009048     241 (00009040)     _g_dmFunCellArrayA2
0000904a     241 (00009040)     _gdmHandle
0000904c     241 (00009040)     _g_dmFunbArray
00009050     241 (00009040)     _g_dmFunDArray
00009054     241 (00009040)     _g_dmFunCArray
00009058     241 (00009040)     _g_dmFunUArray
0000905c     241 (00009040)     _g_dmFunAArray
00009060     241 (00009040)     _g_dmGroupProgArray
00009066     241 (00009040)     _g_dmFunCellArrayb2
0000906c     241 (00009040)     _g_dmFunCellArrayA1
00009072     241 (00009040)     _g_dmFunCellArrayC1
00009078     241 (00009040)     _g_dmModeArray

00009080     242 (00009080)     _g_dmFunCellArrayU2

000090de     243 (000090c0)     _g_dmFunCellArrayC2
000090ea     243 (000090c0)     _g_dmFunCellArrayb1

00009100     244 (00009100)     _g_dmFunCellArrayD1
00009110     244 (00009100)     _g_dmFunCellArrayD2

00009140     245 (00009140)     _g_dmFunCellArrayU1

00009180     246 (00009180)     _gdmObj

00009240     249 (00009240)     _ghal

0000c000     300 (0000c000)     _ai32DatalogBuff2

0000c340     30d (0000c340)     _ai32DatalogBuff1

0000c680     31a (0000c680)     _ai32DatalogBuff3

003f3037    fcc0 (003f3000)     __ctypes_

003f3138    fcc4 (003f3100)     _g_ai8DescTripTrace

003f31d1    fcc7 (003f31c0)     _g_ai8DescAccessLevel

003f3226    fcc8 (003f3200)     _g_ai8DescCtrlMethod

003f327b    fcc9 (003f3240)     _g_ai8DescInitial

003f32bf    fcca (003f3280)     _g_ai8DescReferSelect

003f3303    fccc (003f3300)     _g_ai8DescStopMethod

003f3347    fccd (003f3340)     _g_ai8DescCtrlLoop

003f3425    fcd0 (003f3400)     _g_ai8DescEnable

003f3447    fcd1 (003f3440)     _g_ai8DescMotorType

003f34a2    fcd2 (003f3480)     _g_dmFunA1
003f34bc    fcd2 (003f3480)     _g_dmFunA2

003f34d6    fcd3 (003f34c0)     _g_dmFunC1
003f34f0    fcd3 (003f34c0)     _g_dmFunC2

003f350a    fcd4 (003f3500)     _g_dmFunCellA1_02
003f3524    fcd4 (003f3500)     _g_dmFunCellA1_03
003f353e    fcd4 (003f3500)     _g_dmFunCellA1_04

003f3558    fcd5 (003f3540)     _g_dmFunCellC1_01
003f3572    fcd5 (003f3540)     _g_dmFunCellC1_02

003f358c    fcd6 (003f3580)     _g_dmFunCellC1_03
003f35a6    fcd6 (003f3580)     _g_dmFunCellC2_01

003f35c0    fcd7 (003f35c0)     _g_dmFunCellC2_02
003f35da    fcd7 (003f35c0)     _g_dmFunCellC2_03
003f35f4    fcd7 (003f35c0)     _g_dmFunCellC2_04

003f360e    fcd8 (003f3600)     _g_dmFunCellC2_05
003f3628    fcd8 (003f3600)     _g_dmFunCellC2_06

003f3642    fcd9 (003f3640)     _g_dmFunCellD1_01
003f365c    fcd9 (003f3640)     _g_dmFunCellD1_02
003f3676    fcd9 (003f3640)     _g_dmFunCellD1_03

003f3690    fcda (003f3680)     _g_dmFunCellD1_04
003f36aa    fcda (003f3680)     _g_dmFunCellD1_05

003f36c4    fcdb (003f36c0)     _g_dmFunCellD1_06
003f36de    fcdb (003f36c0)     _g_dmFunCellD1_07
003f36f8    fcdb (003f36c0)     _g_dmFunCellD1_08

003f3712    fcdc (003f3700)     _g_dmFunCellD2_01
003f372c    fcdc (003f3700)     _g_dmFunCellD2_02

003f3746    fcdd (003f3740)     _g_dmFunCellD2_03
003f3760    fcdd (003f3740)     _g_dmFunCellD2_04
003f377a    fcdd (003f3740)     _g_dmFunCellD2_05

003f3794    fcde (003f3780)     _g_dmFunCellD2_06
003f37ae    fcde (003f3780)     _g_dmFunCellD2_07

003f37c8    fcdf (003f37c0)     _g_dmFunCellD2_08
003f37e2    fcdf (003f37c0)     _g_dmFunCellReserved
003f37fc    fcdf (003f37c0)     _g_dmFunCellU1_01

003f3816    fce0 (003f3800)     _g_dmFunCellU1_02
003f3830    fce0 (003f3800)     _g_dmFunCellU1_03

003f384a    fce1 (003f3840)     _g_dmFunCellU1_04
003f3864    fce1 (003f3840)     _g_dmFunCellU1_05
003f387e    fce1 (003f3840)     _g_dmFunCellU1_06

003f3898    fce2 (003f3880)     _g_dmFunCellU1_07
003f38b2    fce2 (003f3880)     _g_dmFunCellU1_08

003f38cc    fce3 (003f38c0)     _g_dmFunCellU1_09
003f38e6    fce3 (003f38c0)     _g_dmFunCellU1_10

003f3900    fce4 (003f3900)     _g_dmFunCellU1_11
003f391a    fce4 (003f3900)     _g_dmFunCellU1_12
003f3934    fce4 (003f3900)     _g_dmFunCellU1_13

003f394e    fce5 (003f3940)     _g_dmFunCellU1_14
003f3968    fce5 (003f3940)     _g_dmFunCellU1_15

003f3982    fce6 (003f3980)     _g_dmFunCellU1_16
003f399c    fce6 (003f3980)     _g_dmFunCellU1_17
003f39b6    fce6 (003f3980)     _g_dmFunCellU1_18

003f39d0    fce7 (003f39c0)     _g_dmFunCellU1_19
003f39ea    fce7 (003f39c0)     _g_dmFunCellU1_20

003f3a04    fce8 (003f3a00)     _g_dmFunCellU1_21
003f3a1e    fce8 (003f3a00)     _g_dmFunCellU1_22
003f3a38    fce8 (003f3a00)     _g_dmFunCellU1_23

003f3a52    fce9 (003f3a40)     _g_dmFunCellU1_24
003f3a6c    fce9 (003f3a40)     _g_dmFunCellU1_25

003f3a86    fcea (003f3a80)     _g_dmFunCellU1_26
003f3aa0    fcea (003f3a80)     _g_dmFunCellU1_27
003f3aba    fcea (003f3a80)     _g_dmFunCellU1_28

003f3ad4    fceb (003f3ac0)     _g_dmFunCellU1_29
003f3aee    fceb (003f3ac0)     _g_dmFunCellU2_01

003f3b08    fcec (003f3b00)     _g_dmFunCellU2_02
003f3b22    fcec (003f3b00)     _g_dmFunCellU2_03
003f3b3c    fcec (003f3b00)     _g_dmFunCellU2_04

003f3b56    fced (003f3b40)     _g_dmFunCellU2_05
003f3b70    fced (003f3b40)     _g_dmFunCellb1_01

003f3b8a    fcee (003f3b80)     _g_dmFunCellb1_02
003f3ba4    fcee (003f3b80)     _g_dmFunCellb1_03
003f3bbe    fcee (003f3b80)     _g_dmFunCellb1_04

003f3bd8    fcef (003f3bc0)     _g_dmFunCellb1_05
003f3bf2    fcef (003f3bc0)     _g_dmFunCellb1_06

003f3c0c    fcf0 (003f3c00)     _g_dmFunCellb1_07
003f3c26    fcf0 (003f3c00)     _g_dmFunCellb2_01

003f3c40    fcf1 (003f3c40)     _g_dmFunCellb2_02
003f3c5a    fcf1 (003f3c40)     _g_dmFunCellb2_03
003f3c74    fcf1 (003f3c40)     _g_dmFunD1

003f3c8e    fcf2 (003f3c80)     _g_dmFunD2
003f3ca8    fcf2 (003f3c80)     _g_dmFunU1

003f3cc2    fcf3 (003f3cc0)     _g_dmFunU2
003f3cdc    fcf3 (003f3cc0)     _g_dmFunb1
003f3cf6    fcf3 (003f3cc0)     _g_dmFunb2

003f3d10    fcf4 (003f3d00)     _g_dmGroupA
003f3d2a    fcf4 (003f3d00)     _g_dmGroupC

003f3d44    fcf5 (003f3d40)     _g_dmGroupD
003f3d5e    fcf5 (003f3d40)     _g_dmGroupU
003f3d78    fcf5 (003f3d40)     _g_dmGroupb

003f3d92    fcf6 (003f3d80)     _g_dmModeAutotuning
003f3daa    fcf6 (003f3d80)     _g_dmModeInitialize

003f3dc2    fcf7 (003f3dc0)     _g_dmModeOperation
003f3dda    fcf7 (003f3dc0)     _g_dmModeProgram

003f3e02    fcf8 (003f3e00)     _g_dmCellAccTime
003f3e10    fcf8 (003f3e00)     _g_dmCellAccessLvl
003f3e1e    fcf8 (003f3e00)     _g_dmCellBLDC2FOC
003f3e2c    fcf8 (003f3e00)     _g_dmCellCtlLoop
003f3e3a    fcf8 (003f3e00)     _g_dmCellCtlMethod

003f3e48    fcf9 (003f3e40)     _g_dmCellCurrentMax
003f3e56    fcf9 (003f3e40)     _g_dmCellCurrentOut
003f3e64    fcf9 (003f3e40)     _g_dmCellCurrentRef
003f3e72    fcf9 (003f3e40)     _g_dmCellCurrentU

003f3e80    fcfa (003f3e80)     _g_dmCellCurrentV
003f3e8e    fcfa (003f3e80)     _g_dmCellCurrentW
003f3e9c    fcfa (003f3e80)     _g_dmCellDCBus
003f3eaa    fcfa (003f3e80)     _g_dmCellDCBusMax
003f3eb8    fcfa (003f3e80)     _g_dmCellDCBusMin

003f3ec6    fcfb (003f3ec0)     _g_dmCellExtAd1
003f3ed4    fcfb (003f3ec0)     _g_dmCellExtAd2
003f3ee2    fcfb (003f3ec0)     _g_dmCellExtAd3
003f3ef0    fcfb (003f3ec0)     _g_dmCellExtAd4
003f3efe    fcfb (003f3ec0)     _g_dmCellExtAd5

003f3f0c    fcfc (003f3f00)     _g_dmCellExtAd6
003f3f1a    fcfc (003f3f00)     _g_dmCellExtTemp
003f3f28    fcfc (003f3f00)     _g_dmCellFOC2BLDC
003f3f36    fcfc (003f3f00)     _g_dmCellFluxEstHz

003f3f44    fcfd (003f3f40)     _g_dmCellFreqOut
003f3f52    fcfd (003f3f40)     _g_dmCellFreqRef
003f3f60    fcfd (003f3f40)     _g_dmCellIBias1
003f3f6e    fcfd (003f3f40)     _g_dmCellIBias2
003f3f7c    fcfd (003f3f40)     _g_dmCellIBias3

003f3f8a    fcfe (003f3f80)     _g_dmCellIndAxisD
003f3f98    fcfe (003f3f80)     _g_dmCellIndAxisQ
003f3fa6    fcfe (003f3f80)     _g_dmCellIndEstCurrent
003f3fb4    fcfe (003f3f80)     _g_dmCellInitial

003f3fc2    fcff (003f3fc0)     _g_dmCellInputTerm
003f3fd0    fcff (003f3fc0)     _g_dmCellKi_BLDC
003f3fde    fcff (003f3fc0)     _g_dmCellKi_Id
003f3fec    fcff (003f3fc0)     _g_dmCellKi_Iq
003f3ffa    fcff (003f3fc0)     _g_dmCellKi_Speed

003f4008    fd00 (003f4000)     _g_dmCellKp_BLDC
003f4016    fd00 (003f4000)     _g_dmCellKp_Id
003f4024    fd00 (003f4000)     _g_dmCellKp_Iq
003f4032    fd00 (003f4000)     _g_dmCellKp_Speed

003f4040    fd01 (003f4040)     _g_dmCellMagnetCur
003f404e    fd01 (003f4040)     _g_dmCellMotorSpd
003f405c    fd01 (003f4040)     _g_dmCellMotorSpdEnc1
003f406a    fd01 (003f4040)     _g_dmCellMotorSpdEnc2
003f4078    fd01 (003f4040)     _g_dmCellMotorSpdHall

003f4086    fd02 (003f4080)     _g_dmCellMotorType
003f4094    fd02 (003f4080)     _g_dmCellOperationSel
003f40a2    fd02 (003f4080)     _g_dmCellOutputTerm
003f40b0    fd02 (003f4080)     _g_dmCellPolePair
003f40be    fd02 (003f4080)     _g_dmCellPowerOut

003f40cc    fd03 (003f40c0)     _g_dmCellRatedFlux
003f40da    fd03 (003f40c0)     _g_dmCellReferenceSel
003f40e8    fd03 (003f40c0)     _g_dmCellResEstCurrent
003f40f6    fd03 (003f40c0)     _g_dmCellResRotor

003f4104    fd04 (003f4100)     _g_dmCellResStator
003f4112    fd04 (003f4100)     _g_dmCellReserved
003f4120    fd04 (003f4100)     _g_dmCellReverseProhibit
003f412e    fd04 (003f4100)     _g_dmCellStopMethod
003f413c    fd04 (003f4100)     _g_dmCellTorqueOut

003f414a    fd05 (003f4140)     _g_dmCellVBias1
003f4158    fd05 (003f4140)     _g_dmCellVBias2
003f4166    fd05 (003f4140)     _g_dmCellVBias3
003f4174    fd05 (003f4140)     _g_dmCellVersion

003f4182    fd06 (003f4180)     _g_dmCellVoltageU
003f4190    fd06 (003f4180)     _g_dmCellVoltageV
003f419e    fd06 (003f4180)     _g_dmCellVoltageW
003f41ac    fd06 (003f4180)     _g_dmTripTrace1
003f41ba    fd06 (003f4180)     _g_dmTripTrace2

003f41c8    fd07 (003f41c0)     _g_dmTripTrace3
003f41d6    fd07 (003f41c0)     _g_dmTripTrace4
003f41e4    fd07 (003f41c0)     _g_dmTripTrace5

003fdc30    ff70 (003fdc00)     _IQsinTable

003fdd30    ff74 (003fdd00)     _IQcosTable

003fe030    ff80 (003fe000)     _IQsinTableEnd

003fe132    ff84 (003fe100)     _IQcosTableEnd
003fe132    ff84 (003fe100)     _IQdivRoundSatTable

003fe140    ff85 (003fe140)     _IQdivTable

003fe342    ff8d (003fe340)     _IQdivTableEnd
003fe342    ff8d (003fe340)     _IQisqrtRoundSatTable
003fe342    ff8d (003fe340)     _IQsqrtRoundSatTable
003fe352    ff8d (003fe340)     _IQisqrtTable
003fe352    ff8d (003fe340)     _IQsqrtTable

003fe454    ff91 (003fe440)     _IQatan2HalfPITable
003fe454    ff91 (003fe440)     _IQisqrtTableEnd
003fe454    ff91 (003fe440)     _IQsqrtTableEnd

003fe492    ff92 (003fe480)     _IQatan2Table

003fe618    ff98 (003fe600)     _IQ30mpyRndSatTable
003fe618    ff98 (003fe600)     _IQatan2TableEnd
003fe618    ff98 (003fe600)     _IQmpyRndSatTable
003fe624    ff98 (003fe600)     _IQ29mpyRndSatTable
003fe630    ff98 (003fe600)     _IQ28mpyRndSatTable
003fe63c    ff98 (003fe600)     _IQ27mpyRndSatTable

003fe648    ff99 (003fe640)     _IQ26mpyRndSatTable
003fe654    ff99 (003fe640)     _IQ25mpyRndSatTable
003fe660    ff99 (003fe640)     _IQ24mpyRndSatTable
003fe66c    ff99 (003fe640)     _IQ23mpyRndSatTable
003fe678    ff99 (003fe640)     _IQ22mpyRndSatTable

003fe684    ff9a (003fe680)     _IQ21mpyRndSatTable
003fe690    ff9a (003fe680)     _IQ20mpyRndSatTable
003fe69c    ff9a (003fe680)     _IQ19mpyRndSatTable
003fe6a8    ff9a (003fe680)     _IQ18mpyRndSatTable
003fe6b4    ff9a (003fe680)     _IQ17mpyRndSatTable

003fe6c0    ff9b (003fe6c0)     _IQ16mpyRndSatTable
003fe6cc    ff9b (003fe6c0)     _IQ15mpyRndSatTable
003fe6d8    ff9b (003fe6c0)     _IQ14mpyRndSatTable
003fe6e4    ff9b (003fe6c0)     _IQ13mpyRndSatTable
003fe6f0    ff9b (003fe6c0)     _IQ12mpyRndSatTable
003fe6fc    ff9b (003fe6c0)     _IQ11mpyRndSatTable

003fe708    ff9c (003fe700)     _IQ10mpyRndSatTable
003fe714    ff9c (003fe700)     _IQ9mpyRndSatTable
003fe720    ff9c (003fe700)     _IQ8mpyRndSatTable
003fe72c    ff9c (003fe700)     _IQ7mpyRndSatTable
003fe738    ff9c (003fe700)     _IQ6mpyRndSatTable

003fe744    ff9d (003fe740)     _IQ5mpyRndSatTable
003fe750    ff9d (003fe740)     _IQ4mpyRndSatTable
003fe75c    ff9d (003fe740)     _IQ3mpyRndSatTable
003fe768    ff9d (003fe740)     _IQ2mpyRndSatTable
003fe774    ff9d (003fe740)     _IQ1mpyRndSatTable

003fe780    ff9e (003fe780)     _IQmpyRndSatTableEnd


GLOBAL SYMBOLS: SORTED ALPHABETICALLY BY Name 

page  address   name                                             
----  -------   ----                                             
0     003ec000  .text                                            
0     003f2a37  C$$EXIT                                          
0     003f237f  FD$$ADD                                          
0     003f29e3  FD$$CMP                                          
0     003f241b  FD$$DIV                                          
0     003f252e  FD$$MPY                                          
0     003f2cec  FD$$NEG                                          
0     003f2c9b  FD$$SUB                                          
0     003f2b3a  FD$$TOI                                          
0     003f2b7b  FD$$TOL                                          
0     003f24a6  FS$$DIV                                          
0     003f2bf3  FS$$TOFD                                         
0     003f2b18  I$$DIV                                           
0     003f2b29  I$$MOD                                           
0     003f2bd6  I$$TOFD                                          
0     003f2a0d  L$$DIV                                           
0     003f2a1c  L$$MOD                                           
0     003f2c0f  L$$TOFD                                          
0     003f2c44  LL$$AND                                          
0     003f2b9a  LL$$CMP                                          
0     003f1b26  LL$$DIV                                          
0     003f1b62  LL$$MOD                                          
0     003f2c4c  LL$$OR                                           
0     003f2c54  LL$$XOR                                          
0     003f2cce  U$$DIV                                           
0     003f2cd3  U$$MOD                                           
0     003f2a2a  UL$$DIV                                          
0     003f2a31  UL$$MOD                                          
0     003f2bac  ULL$$CMP                                         
0     003f1b9c  ULL$$DIV                                         
0     003f1bcb  ULL$$MOD                                         
0     003f14b4  _ADC_disable                                     
0     003f14aa  _ADC_disableBandGap                              
0     003f1493  _ADC_disableInt                                  
0     003f1489  _ADC_disableNoOverlapMode                        
0     003f147f  _ADC_disableRefBuffers                           
0     003f1475  _ADC_disableVoltRefLoConv                        
0     003f146b  _ADC_enable                                      
0     003f1461  _ADC_enableBandGap                               
0     003f144b  _ADC_enableInt                                   
0     003f1441  _ADC_enableNoOverlapMode                         
0     003f1437  _ADC_enableRefBuffers                            
0     003f142d  _ADC_enableVoltRefLoConv                         
0     003f1425  _ADC_getDivideSelect                             
0     003f141d  _ADC_init                                        
0     003f1413  _ADC_powerDown                                   
0     003f1409  _ADC_powerUp                                     
0     003f13ff  _ADC_reset                                       
0     003f13ee  _ADC_setDivideSelect                             
0     003f13cd  _ADC_setIntMode                                  
0     003f13bc  _ADC_setIntPulseGenMode                          
0     003f139b  _ADC_setIntSrc                                   
0     003f1394  _ADC_setOffTrim                                  
0     003f137d  _ADC_setSampleMode                               
0     003f136a  _ADC_setSampleOverlapMode                        
0     003f1356  _ADC_setSocChanNumber                            
0     003f134c  _ADC_setSocFrc                                   
0     003f1345  _ADC_setSocFrcWord                               
0     003f1331  _ADC_setSocSampleDelay                           
0     003f131d  _ADC_setSocTrigSrc                               
0     003f130c  _ADC_setTempSensorSrc                            
0     003f12fb  _ADC_setVoltRefSrc                               
0     003f12d0  _ADC_setupSocTrigSrc                             
0     003f1641  _CLK_disableAdcClock                             
0     003f163a  _CLK_disableClaClock                             
0     003f1634  _CLK_disableClkIn                                
0     003f1630  _CLK_disableCompClock                            
0     003f1629  _CLK_disableCpuTimerClock                        
0     003f1623  _CLK_disableCrystalOsc                           
0     003f161c  _CLK_disableEcanaClock                           
0     003f1615  _CLK_disableEcap1Clock                           
0     003f160e  _CLK_disableEqep1Clock                           
0     003f1607  _CLK_disableEqep2Clock                           
0     003f1600  _CLK_disableGpioInputClock                       
0     003f15f9  _CLK_disableHrPwmClock                           
0     003f15f2  _CLK_disableI2cClock                             
0     003f15eb  _CLK_disableLinAClock                            
0     003f15e5  _CLK_disableOsc1                                 
0     003f15df  _CLK_disableOsc1HaltMode                         
0     003f15d9  _CLK_disableOsc2                                 
0     003f15d3  _CLK_disableOsc2HaltMode                         
0     003f15c9  _CLK_disablePwmClock                             
0     003f15c2  _CLK_disableSciaClock                            
0     003f15bb  _CLK_disableScibClock                            
0     003f15b4  _CLK_disableSpiaClock                            
0     003f15b0  _CLK_disableSpibClock                            
0     003f15a9  _CLK_disableTbClockSync                          
0     003f15a3  _CLK_disableWatchDogHaltMode                     
0     003f159c  _CLK_enableAdcClock                              
0     003f1595  _CLK_enableClaClock                              
0     003f158f  _CLK_enableClkIn                                 
0     003f1589  _CLK_enableCompClock                             
0     003f1583  _CLK_enableCpuTimerClock                         
0     003f157d  _CLK_enableCrystalOsc                            
0     003f1576  _CLK_enableEcanaClock                            
0     003f156f  _CLK_enableEcap1Clock                            
0     003f1568  _CLK_enableEqep1Clock                            
0     003f1561  _CLK_enableEqep2Clock                            
0     003f155a  _CLK_enableGpioInputClock                        
0     003f1553  _CLK_enableHrPwmClock                            
0     003f154c  _CLK_enableI2cClock                              
0     003f1545  _CLK_enableLinAClock                             
0     003f153f  _CLK_enableOsc1                                  
0     003f1539  _CLK_enableOsc1HaltMode                          
0     003f1533  _CLK_enableOsc2                                  
0     003f152d  _CLK_enableOsc2HaltMode                          
0     003f1524  _CLK_enablePwmClock                              
0     003f151d  _CLK_enableSciaClock                             
0     003f1516  _CLK_enableScibClock                             
0     003f150f  _CLK_enableSpiaClock                             
0     003f1508  _CLK_enableSpibClock                             
0     003f1501  _CLK_enableTbClockSync                           
0     003f14fb  _CLK_enableWatchDogHaltMode                      
0     003f14f5  _CLK_init                                        
0     003f14ee  _CLK_setClkOutPreScaler                          
0     003f14e8  _CLK_setLowSpdPreScaler                          
0     003f14e1  _CLK_setOsc2Src                                  
0     003f14da  _CLK_setOscSrc                                   
0     003f14d3  _CLK_setTimer2PreScale                           
0     003f14cc  _CLK_setTimer2Src                                
0     003f14c5  _CLK_setWatchDogSrc                              
0     003f14be  _CLK_setXClkInSrc                                
0     003f2aa8  _CPU_clearIntFlags                               
0     003f2aa5  _CPU_disableDebugInt                             
0     003f2aa2  _CPU_disableGlobalInts                           
0     003f2a9d  _CPU_disableInt                                  
0     003f2a9a  _CPU_disableInts                                 
0     003f2a97  _CPU_disableProtectedRegisterWrite               
0     003f2a94  _CPU_enableDebugInt                              
0     003f2a91  _CPU_enableGlobalInts                            
0     003f2a8d  _CPU_enableInt                                   
0     003f2a8a  _CPU_enableProtectedRegisterWrite                
0     003f2a86  _CPU_init                                        
0     003efa1e  _CTRL_getGains                                   
0     003efa17  _CTRL_getIab_filt_pu                             
0     003efa10  _CTRL_getIab_in_pu                               
0     003efa09  _CTRL_getIdq_in_pu                               
0     003efa02  _CTRL_getIdq_ref_pu                              
0     003efa59  _CTRL_getMagCurrent_pu                           
0     003efa56  _CTRL_getMaximumSpeed_pu                         
0     003ef9fb  _CTRL_getVab_in_pu                               
0     003ef9f4  _CTRL_getVab_out_pu                              
0     003ef9ed  _CTRL_getVdq_out_pu                              
abs   003fa721  _CTRL_getVersion                                 
0     003ef9e4  _CTRL_getWaitTimes                               
abs   003fa6fb  _CTRL_initCtrl                                   
0     0000800c  _CTRL_run                                        
0     003ef6d2  _CTRL_runOnLine_User                             
abs   003fa5d1  _CTRL_runTraj                                    
abs   003f9e64  _CTRL_setEstParams                               
0     003ef43f  _CTRL_setGains                                   
0     003efa53  _CTRL_setMagCurrent_pu                           
0     003efa50  _CTRL_setMaximumSpeed_pu                         
0     003ef469  _CTRL_setParams                                  
0     003ef42c  _CTRL_setSpd_ref_krpm                            
0     003ef429  _CTRL_setSpd_ref_pu                              
abs   003f9d31  _CTRL_setUserMotorParams                         
0     003ef420  _CTRL_setWaitTimes                               
0     00008000  _CTRL_setup                                      
0     003ef404  _CTRL_setupClarke_I                              
0     003ef3ee  _CTRL_setupClarke_V                              
abs   003f9b43  _CTRL_setupCtrl                                  
abs   003f99a5  _CTRL_setupEstIdleState                          
abs   003f996a  _CTRL_setupEstOnLineState                        
abs   003f9806  _CTRL_setupTraj                                  
0     003ef33c  _CTRL_updateState                                
0     003f210a  _CheckPacketFormat                               
0     003f20e8  _CheckPacketFormat0                              
0     003eca3d  _ConvertAddingPoint                              
0     003ec9e1  _ConvertToUnit                                   
0     003ecd8f  _ConverterToEditValueString                      
0     003ecbbb  _ConverterToValueString                          
0     003ecc3f  _ConvertrToI16EditValueString                    
0     003eca55  _ConvertrToI16ValueString                        
0     003eccdb  _ConvertrToI8EditValueString                     
0     003ecaf5  _ConvertrToI8ValueString                         
0     003ecc88  _ConvertrToU16EditValueString                    
0     003ecaa2  _ConvertrToU16ValueString                        
0     003ecd3a  _ConvertrToU8EditValueString                     
0     003ecb54  _ConvertrToU8ValueString                         
0     003f2c8d  _DATALOG_init                                    
0     003ecfe3  _DATA_CalCRC16                                   
0     003ec01e  _DATA_ConvertToCnt                               
0     003ecfdc  _DATA_Delay                                      
0     003ecfda  _DATA_HiByte                                     
0     003ec05d  _DATA_InRange                                    
0     003ecfd8  _DATA_LoByte                                     
0     003ecfd3  _DATA_MakeWord                                   
0     003ecfcd  _DATA_min                                        
0     003ec3bd  _DM_ConvtoKrpm                                   
0     003ec6f3  _DM_FreeRun                                      
0     003ec810  _DM_RampStop                                     
0     003ec54d  _DM_TerminalStatus                               
0     003ecfc8  _DM_autotuneEnd                                  
0     003ecfbf  _DM_autotunePrepStart                            
0     003ecfaf  _DM_autotuneStart                                
0     003ec42f  _DM_changeCtlLoop                                
0     003ec9bf  _DM_convTripCodeToDescIndex                      
0     003ecf7e  _DM_findGroupFunctionCellIndex                   
0     003ecf62  _DM_findGroupFunctionIndex                       
0     003ecf5f  _DM_getAccessLevel                               
0     003ecf56  _DM_getAutotuneState                             
0     003ec439  _DM_getCallbackCurrentOut                        
0     003ec38e  _DM_getCallbackCurrentU                          
0     003ec384  _DM_getCallbackCurrentV                          
0     003ec37a  _DM_getCallbackCurrentW                          
0     003ec401  _DM_getCallbackDCBus                             
0     003ec3e5  _DM_getCallbackEnc1OutRpm                        
0     003ec3e5  _DM_getCallbackEnc2OutRpm                        
0     003ec364  _DM_getCallbackExtAd1                            
0     003ec359  _DM_getCallbackExtAd2                            
0     003ec34e  _DM_getCallbackExtAd3                            
0     003ec343  _DM_getCallbackExtAd4                            
0     003ec338  _DM_getCallbackExtAd5                            
0     003ec32d  _DM_getCallbackExtAd6                            
0     003ec36f  _DM_getCallbackExtTemp                           
0     003ec44c  _DM_getCallbackFreqOutHz                         
0     003ec3f3  _DM_getCallbackFreqOutRpm                        
0     003ec3d6  _DM_getCallbackHallOutRpm                        
0     003ec3b6  _DM_getCallbackInputTerm                         
0     003ec40e  _DM_getCallbackPowerOut                          
0     003ec421  _DM_getCallbackTorqueOut                         
0     003ec329  _DM_getCallbackVersion                           
0     003ec3ac  _DM_getCallbackVoltageU                          
0     003ec3a2  _DM_getCallbackVoltageV                          
0     003ec398  _DM_getCallbackVoltageW                          
0     003ecf52  _DM_getCellSizeNo                                
0     003eca1f  _DM_getCellValue                                 
0     003ec508  _DM_getFunCell                                   
0     003ec4fe  _DM_getFunction                                  
0     003ecf4e  _DM_getFunctionSizeNo                            
0     003ec4f3  _DM_getGroup                                     
0     003ecf4a  _DM_getGroupSizeNo                               
0     003ecf43  _DM_getInitModeLevel                             
0     003ec55d  _DM_getLocalCurrentRef                           
0     003ec59f  _DM_getLocalFreqRef                              
0     003ec4ec  _DM_getMode                                      
0     003ecf3a  _DM_getModeName                                  
0     003ecf33  _DM_getModeSizeNo                                
0     003ecf31  _DM_getOperModeSizeNo                            
0     003ec565  _DM_getRemoteCurrentRef                          
0     003ec5a3  _DM_getRemoteFreqRef                             
0     003ecf2d  _DM_getRunIdentifySignal                         
0     003ecee3  _DM_getToValueInt32                              
0     003ecebe  _DM_getTotalCellSizeNo                           
0     003ecea7  _DM_getTotalFunctionSizeNo                       
0     003ece39  _DM_init                                         
0     003ece2e  _DM_isWrite                                      
0     003ecdb1  _DM_outEditCell                                  
0     003ecbe9  _DM_outFunCell                                   
0     003ec9a4  _DM_outFunction                                  
0     003ec98b  _DM_outGroup                                     
0     003ec95e  _DM_outInverterTripName1                         
0     003ec931  _DM_outInverterTripName2                         
0     003ec877  _DM_run                                          
0     003ec710  _DM_runEmergyStop                                
0     003ec82a  _DM_runOperation                                 
0     003ec716  _DM_runRefLimit                                  
0     003ec5f4  _DM_saveBiasParameters                           
0     003ec654  _DM_saveMotorParameters                          
0     003ec512  _DM_saveToEEprom                                 
0     003ec308  _DM_setCallbackAccTime                           
0     003ec2fe  _DM_setCallbackBLDCtoFOC                         
0     003ec436  _DM_setCallbackCtlLoop                           
0     003ec2f4  _DM_setCallbackFOCtoBLDC                         
0     003ec288  _DM_setCallbackFluxEstHz                         
0     003ec216  _DM_setCallbackIndAxisD                          
0     003ec1f0  _DM_setCallbackIndAxisQ                          
0     003ec2ac  _DM_setCallbackIndEstCurrent                     
0     003ec158  _DM_setCallbackKiSpeed                           
0     003ec07c  _DM_setCallbackKi_BLDC                           
0     003ec10c  _DM_setCallbackKi_Id                             
0     003ec0c0  _DM_setCallbackKi_Iq                             
0     003ec17e  _DM_setCallbackKpSpeed                           
0     003ec09e  _DM_setCallbackKp_BLDC                           
0     003ec132  _DM_setCallbackKp_Id                             
0     003ec0e6  _DM_setCallbackKp_Iq                             
0     003ec1a4  _DM_setCallbackMagnetCur                         
0     003ec1ca  _DM_setCallbackRatedFlux                         
0     003ec5f3  _DM_setCallbackReferenceSel                      
0     003ec2d0  _DM_setCallbackResEstCurrent                     
0     003ec23c  _DM_setCallbackResRotor                          
0     003ec262  _DM_setCallbackResStator                         
0     003ec5d8  _DM_setFreqRef                                   
0     003ec5e6  _DM_setInputRef                                  
0     003ec591  _DM_setTorqueRef                                 
0     003ec523  _DM_setValue                                     
0     003ec45f  _DM_setup                                        
0     003ec051  _DM_toggleLocalRemoteMode                        
0     003ec029  _DM_transSpeedPu                                 
0     003ec025  _Data_GetDelayCnt                                
0     003ec01f  _Data_SetDelayCnt                                
0     003eec87  _DetermineBlinkDig                               
0     003f1e3b  _EEPROM_Read                                     
0     003f1eba  _EEPROM_ReadPage                                 
0     003f1e20  _EEPROM_Write                                    
0     003f1e85  _EEPROM_WritePage                                
0     003f1e62  _EEPROM_WriteVerify                              
0     003f1e1a  _EEPROM_init                                     
0     003f1e16  _EEPROM_setup                                    
0     003f1ab9  _ENC_calcElecAngle                               
0     003f1b1b  _ENC_getSpeedKRPM                                
0     003f1b15  _ENC_init                                        
0     003f1ad4  _ENC_run                                         
0     003f1a09  _ENC_setup                                       
abs   003f9760  _EST_doCurrentCtrl                               
abs   003f9758  _EST_doSpeedCtrl                                 
abs   003f8c0d  _EST_getAngle_pu                                 
abs   003f96be  _EST_getFlux_VpHz                                
abs   003f96ab  _EST_getFlux_pu                                  
abs   003f968e  _EST_getFm_pu                                    
abs   003f9632  _EST_getIdRated                                  
abs   003f95ff  _EST_getLs_coarse_max_pu                         
abs   003f95f5  _EST_getLs_d_H                                   
abs   003f95f0  _EST_getLs_d_pu                                  
abs   003f95ce  _EST_getLs_q_H                                   
abs   003f95c9  _EST_getLs_q_pu                                  
abs   003f95bd  _EST_getMaxCurrentSlope_pu                       
abs   003f95b3  _EST_getOneOverDcBus_pu                          
abs   003f95ad  _EST_getRr_Ohm                                   
abs   003f9513  _EST_getRs_Ohm                                   
abs   003f94c6  _EST_getSpeed_krpm                               
abs   003f861b  _EST_getState                                    
abs   003f9458  _EST_get_krpm_to_pu_sf                           
abs   003f9453  _EST_get_pu_to_krpm_sf                           
abs   003f938d  _EST_isError                                     
abs   003f9386  _EST_isIdle                                      
abs   003f937f  _EST_isLockRotor                                 
abs   003f8679  _EST_isMotorIdentified                           
abs   003f9378  _EST_isOnLine                                    
abs   003f927b  _EST_run                                         
abs   003f8bdb  _EST_setFlag_enableForceAngle                    
abs   003f8bd3  _EST_setFlag_enableRsRecalc                      
abs   003f8b80  _EST_setId_ref_pu                                
abs   003f8b7a  _EST_setIdle                                     
abs   003f8b67  _EST_setIdle_all                                 
abs   003f8b63  _EST_setIq_ref_pu                                
abs   003f8b45  _EST_setLs_d_pu                                  
abs   003f8af1  _EST_setLs_qFmt                                  
abs   003f8ae7  _EST_setLs_q_pu                                  
abs   003f8adb  _EST_setMaxCurrentSlope_pu                       
abs   003f8a18  _EST_setRs_pu                                    
abs   003f89f5  _EST_updateId_ref_pu                             
abs   003f8713  _EST_updateState                                 
abs   003f861d  _EST_useZeroIq_ref                               
0     003f2acd  _FILTER_FO_getDenCoeffs                          
0     003f2ac4  _FILTER_FO_getInitialConditions                  
0     003f2abe  _FILTER_FO_getNumCoeffs                          
0     003f2ab8  _FILTER_FO_init                                  
0     003f2ab6  _FILTER_FO_setDenCoeffs                          
0     003f2aaf  _FILTER_FO_setInitialConditions                  
0     003f2aab  _FILTER_FO_setNumCoeffs                          
0     003f2812  _FILTER_init                                     
0     003f27da  _FILTER_setupCoeffs                              
0     003f2b75  _FLASH_clear3VStatus                             
0     0000834b  _FLASH_disablePipelineMode                       
0     00008345  _FLASH_enablePipelineMode                        
0     003f2b72  _FLASH_get3VStatus                               
0     003f2b6f  _FLASH_getActiveWaitCount                        
0     003f2b6b  _FLASH_getActiveWaitStatus                       
0     003f2b68  _FLASH_getPowerMode                              
0     003f2b65  _FLASH_getStandbyWaitCount                       
0     003f2b61  _FLASH_getStandbyWaitStatus                      
0     003f2b5b  _FLASH_init                                      
0     00008340  _FLASH_setActiveWaitCount                        
0     00008339  _FLASH_setNumPagedReadWaitStates                 
0     00008332  _FLASH_setNumRandomReadWaitStates                
0     0000832b  _FLASH_setOtpWaitStates                          
0     00008324  _FLASH_setPowerMode                              
0     0000831f  _FLASH_setStandbyWaitCount                       
0     003f17aa  _GPIO_getData                                    
0     003f179f  _GPIO_getPortData                                
0     003f1799  _GPIO_init                                       
0     003f178f  _GPIO_lpmSelect                                  
0     003f177c  _GPIO_read                                       
0     003f1762  _GPIO_setDirection                               
0     003f1757  _GPIO_setExtInt                                  
0     003f1747  _GPIO_setHigh                                    
0     003f1737  _GPIO_setLow                                     
0     003f1703  _GPIO_setMode                                    
0     003f16f6  _GPIO_setPortData                                
[...]
0     003f3aba  _g_dmFunCellU1_28                                
0     003f3ad4  _g_dmFunCellU1_29                                
0     003f3aee  _g_dmFunCellU2_01                                
0     003f3b08  _g_dmFunCellU2_02                                
0     003f3b22  _g_dmFunCellU2_03                                
0     003f3b3c  _g_dmFunCellU2_04                                
0     003f3b56  _g_dmFunCellU2_05                                
0     003f3b70  _g_dmFunCellb1_01                                
0     003f3b8a  _g_dmFunCellb1_02                                
0     003f3ba4  _g_dmFunCellb1_03                                
0     003f3bbe  _g_dmFunCellb1_04                                
0     003f3bd8  _g_dmFunCellb1_05                                
0     003f3bf2  _g_dmFunCellb1_06                                
0     003f3c0c  _g_dmFunCellb1_07                                
0     003f3c26  _g_dmFunCellb2_01                                
0     003f3c40  _g_dmFunCellb2_02                                
0     003f3c5a  _g_dmFunCellb2_03                                
0     003f3c74  _g_dmFunD1                                       
0     003f3c8e  _g_dmFunD2                                       
0     003f3ca8  _g_dmFunU1                                       
0     003f3cc2  _g_dmFunU2                                       
0     003f3cdc  _g_dmFunb1                                       
0     003f3cf6  _g_dmFunb2                                       
0     003f3d10  _g_dmGroupA                                      
0     003f3d2a  _g_dmGroupC                                      
0     003f3d44  _g_dmGroupD                                      
0     003f3d5e  _g_dmGroupU                                      
0     003f3d78  _g_dmGroupb                                      
0     003f3d92  _g_dmModeAutotuning                              
0     003f3daa  _g_dmModeInitialize                              
0     003f3dc2  _g_dmModeOperation                               
0     003f3dda  _g_dmModeProgram                                 
0     003f3e02  _g_dmCellAccTime                                 
0     003f3e10  _g_dmCellAccessLvl                               
0     003f3e1e  _g_dmCellBLDC2FOC                                
0     003f3e2c  _g_dmCellCtlLoop                                 
0     003f3e3a  _g_dmCellCtlMethod                               
0     003f3e48  _g_dmCellCurrentMax                              
0     003f3e56  _g_dmCellCurrentOut                              
0     003f3e64  _g_dmCellCurrentRef                              
0     003f3e72  _g_dmCellCurrentU                                
0     003f3e80  _g_dmCellCurrentV                                
0     003f3e8e  _g_dmCellCurrentW                                
0     003f3e9c  _g_dmCellDCBus                                   
0     003f3eaa  _g_dmCellDCBusMax                                
0     003f3eb8  _g_dmCellDCBusMin                                
0     003f3ec6  _g_dmCellExtAd1                                  
0     003f3ed4  _g_dmCellExtAd2                                  
0     003f3ee2  _g_dmCellExtAd3                                  
0     003f3ef0  _g_dmCellExtAd4                                  
0     003f3efe  _g_dmCellExtAd5                                  
0     003f3f0c  _g_dmCellExtAd6                                  
0     003f3f1a  _g_dmCellExtTemp                                 
0     003f3f28  _g_dmCellFOC2BLDC                                
0     003f3f36  _g_dmCellFluxEstHz                               
0     003f3f44  _g_dmCellFreqOut                                 
0     003f3f52  _g_dmCellFreqRef                                 
0     003f3f60  _g_dmCellIBias1                                  
0     003f3f6e  _g_dmCellIBias2                                  
0     003f3f7c  _g_dmCellIBias3                                  
0     003f3f8a  _g_dmCellIndAxisD                                
0     003f3f98  _g_dmCellIndAxisQ                                
0     003f3fa6  _g_dmCellIndEstCurrent                           
0     003f3fb4  _g_dmCellInitial                                 
0     003f3fc2  _g_dmCellInputTerm                               
0     003f3fd0  _g_dmCellKi_BLDC                                 
0     003f3fde  _g_dmCellKi_Id                                   
0     003f3fec  _g_dmCellKi_Iq                                   
0     003f3ffa  _g_dmCellKi_Speed                                
0     003f4008  _g_dmCellKp_BLDC                                 
0     003f4016  _g_dmCellKp_Id                                   
0     003f4024  _g_dmCellKp_Iq                                   
0     003f4032  _g_dmCellKp_Speed                                
0     003f4040  _g_dmCellMagnetCur                               
0     003f404e  _g_dmCellMotorSpd                                
0     003f405c  _g_dmCellMotorSpdEnc1                            
0     003f406a  _g_dmCellMotorSpdEnc2                            
0     003f4078  _g_dmCellMotorSpdHall                            
0     003f4086  _g_dmCellMotorType                               
0     003f4094  _g_dmCellOperationSel                            
0     003f40a2  _g_dmCellOutputTerm                              
0     003f40b0  _g_dmCellPolePair                                
0     003f40be  _g_dmCellPowerOut                                
0     003f40cc  _g_dmCellRatedFlux                               
0     003f40da  _g_dmCellReferenceSel                            
0     003f40e8  _g_dmCellResEstCurrent                           
0     003f40f6  _g_dmCellResRotor                                
0     003f4104  _g_dmCellResStator                               
0     003f4112  _g_dmCellReserved                                
0     003f4120  _g_dmCellReverseProhibit                         
0     003f412e  _g_dmCellStopMethod                              
0     003f413c  _g_dmCellTorqueOut                               
0     003f414a  _g_dmCellVBias1                                  
0     003f4158  _g_dmCellVBias2                                  
0     003f4166  _g_dmCellVBias3                                  
0     003f4174  _g_dmCellVersion                                 
0     003f4182  _g_dmCellVoltageU                                
0     003f4190  _g_dmCellVoltageV                                
0     003f419e  _g_dmCellVoltageW                                
0     003f41ac  _g_dmTripTrace1                                  
0     003f41ba  _g_dmTripTrace2                                  
0     003f41c8  _g_dmTripTrace3                                  
0     003f41d6  _g_dmTripTrace4                                  
0     003f41e4  _g_dmTripTrace5                                  
0     003f424a  ___cinit__                                       
0     003f424a  cinit                                            
0     003f4409  __IQ24div                                        
0     003f4450  __IQ24sqrt                                       
0     003f4492  __IQ24sinPU                                      
0     003f44bb  __IQ24cosPU                                      
0     003f44e2  __IQ24toF                                        
0     003f44f8  __IQ30toF                                        
0     003f450e  __IQ24mpyI32int                                  
0     003f7ff6  code_start                                       
0     003fdc30  _IQsinTable                                      
0     003fdd30  _IQcosTable                                      
0     003fe030  _IQsinTableEnd                                   
0     003fe132  _IQcosTableEnd                                   
0     003fe132  _IQdivRoundSatTable                              
0     003fe140  _IQdivTable                                      
0     003fe342  _IQdivTableEnd                                   
0     003fe342  _IQisqrtRoundSatTable                            
0     003fe342  _IQsqrtRoundSatTable                             
0     003fe352  _IQisqrtTable                                    
0     003fe352  _IQsqrtTable                                     
0     003fe454  _IQatan2HalfPITable                              
0     003fe454  _IQisqrtTableEnd                                 
0     003fe454  _IQsqrtTableEnd                                  
0     003fe492  _IQatan2Table                                    
0     003fe618  _IQ30mpyRndSatTable                              
0     003fe618  _IQatan2TableEnd                                 
0     003fe618  _IQmpyRndSatTable                                
0     003fe624  _IQ29mpyRndSatTable                              
0     003fe630  _IQ28mpyRndSatTable                              
0     003fe63c  _IQ27mpyRndSatTable                              
0     003fe648  _IQ26mpyRndSatTable                              
0     003fe654  _IQ25mpyRndSatTable                              
0     003fe660  _IQ24mpyRndSatTable                              
0     003fe66c  _IQ23mpyRndSatTable                              
0     003fe678  _IQ22mpyRndSatTable                              
0     003fe684  _IQ21mpyRndSatTable                              
0     003fe690  _IQ20mpyRndSatTable                              
0     003fe69c  _IQ19mpyRndSatTable                              
0     003fe6a8  _IQ18mpyRndSatTable                              
0     003fe6b4  _IQ17mpyRndSatTable                              
0     003fe6c0  _IQ16mpyRndSatTable                              
0     003fe6cc  _IQ15mpyRndSatTable                              
0     003fe6d8  _IQ14mpyRndSatTable                              
0     003fe6e4  _IQ13mpyRndSatTable                              
0     003fe6f0  _IQ12mpyRndSatTable                              
0     003fe6fc  _IQ11mpyRndSatTable                              
0     003fe708  _IQ10mpyRndSatTable                              
0     003fe714  _IQ9mpyRndSatTable                               
0     003fe720  _IQ8mpyRndSatTable                               
0     003fe72c  _IQ7mpyRndSatTable                               
0     003fe738  _IQ6mpyRndSatTable                               
0     003fe744  _IQ5mpyRndSatTable                               
0     003fe750  _IQ4mpyRndSatTable                               
0     003fe75c  _IQ3mpyRndSatTable                               
0     003fe768  _IQ2mpyRndSatTable                               
0     003fe774  _IQ1mpyRndSatTable                               
0     003fe780  _IQmpyRndSatTableEnd                             
1     00000050  __stack                                          
1     00000400  __STACK_END                                      
1     00008c00  _gModbusObj                                      
1     00008c01  _bFlag_Latch_softwareUpdate                      
1     00008c03  _gu16Counter_updateGlobals                       
1     00008c04  _gpCtlObj                                        
1     00008c06  _giqMaxCurrentSlope                              
1     00008c08  _gI2cMessageHandle                               
1     00008c0a  _gModbusHandle                                   
1     00008c0c  _gEepromHandle                                   
1     00008c0e  _gCtrlHandle                                     
1     00008c10  _gHalHandle                                      
1     00008c12  _giqTorque_Flux_Iq_pu_to_Nm_sf                   
1     00008c14  _giqTorque_Ls_Id_Iq_pu_to_Nm_sf                  
1     00008c16  _giqFlux_pu_to_VpHz_sf                           
1     00008c18  _giqFlux_pu_to_Wb_sf                             
1     00008c1a  _gHallBLDCHandle                                 
1     00008c1c  _gOperHandle                                     
1     00008c1e  _gEncHandle                                      
1     00008c20  _gIoexpandHandle                                 
1     00008c22  _gThrottleHandle                                 
1     00008c24  _gEepromObj                                      
1     00008c28  _gSciMessageHandle                               
1     00008c2c  _gPwmData                                        
1     00008c32  _gIoexpandObj                                    
1     00008c40  _gAdcData                                        
1     00008c5c  _gEncObj                                         
1     00008c80  _gDacData                                        
1     00008cc0  _gThrottleObj                                    
1     00008d00  _gOperObj                                        
1     00008d40  _gHallBLDCObj                                    
1     00008d80  _gI2cMessage                                     
1     00008e00  _gMotorVars                                      
1     00008e80  _gUserParams                                     
1     00008f40  _gSciMessage                                     
1     00009008  _g_i32EditValue                                  
1     0000900a  _g_pOperObj                                      
1     0000900c  _g_i32DeltaValue                                 
1     0000900e  _g_i32EditMinValue                               
1     00009010  _g_i32EditMaxValue                               
1     00009012  _gDatalogHandle                                  
1     00009014  _gDatalog                                        
1     0000901e  _giqHall_PwmDuty                                 
1     00009020  _gai8Hall_PwmIndex                               
1     00009028  ___TI_enable_exit_profile_output                 
1     0000902a  ___TI_cleanup_ptr                                
1     0000902c  ___TI_dtors_ptr                                  
1     00009032  __lock                                           
1     00009034  __unlock                                         
1     00009036  _cpu                                             
1     00009037  _errno                                           
1     00009040  _g_u16Reserved                                   
1     00009041  _g_u16DelayCnt                                   
1     00009044  _g_dmGroupInitArray                              
1     00009046  _g_dmGroupOperArray                              
1     00009048  _g_dmFunCellArrayA2                              
1     0000904a  _gdmHandle                                       
1     0000904c  _g_dmFunbArray                                   
1     00009050  _g_dmFunDArray                                   
1     00009054  _g_dmFunCArray                                   
1     00009058  _g_dmFunUArray                                   
1     0000905c  _g_dmFunAArray                                   
1     00009060  _g_dmGroupProgArray                              
1     00009066  _g_dmFunCellArrayb2                              
1     0000906c  _g_dmFunCellArrayA1                              
1     00009072  _g_dmFunCellArrayC1                              
1     00009078  _g_dmModeArray                                   
1     00009080  _g_dmFunCellArrayU2                              
1     000090de  _g_dmFunCellArrayC2                              
1     000090ea  _g_dmFunCellArrayb1                              
1     00009100  _g_dmFunCellArrayD1                              
1     00009110  _g_dmFunCellArrayD2                              
1     00009140  _g_dmFunCellArrayU1                              
1     00009180  _gdmObj                                          
1     00009240  _ghal                                            
1     0000c000  _ai32DatalogBuff2                                
1     0000c340  _ai32DatalogBuff1                                
1     0000c680  _ai32DatalogBuff3                                
abs   000003b0  __STACK_SIZE                                     
abs   003f861b  _EST_getState                                    
abs   003f861d  _EST_useZeroIq_ref                               
abs   003f8679  _EST_isMotorIdentified                           
abs   003f8713  _EST_updateState                                 
abs   003f89f5  _EST_updateId_ref_pu                             
abs   003f8a18  _EST_setRs_pu                                    
abs   003f8adb  _EST_setMaxCurrentSlope_pu                       
abs   003f8ae7  _EST_setLs_q_pu                                  
abs   003f8af1  _EST_setLs_qFmt                                  
abs   003f8b45  _EST_setLs_d_pu                                  
abs   003f8b63  _EST_setIq_ref_pu                                
abs   003f8b67  _EST_setIdle_all                                 
abs   003f8b7a  _EST_setIdle                                     
abs   003f8b80  _EST_setId_ref_pu                                
abs   003f8bd3  _EST_setFlag_enableRsRecalc                      
abs   003f8bdb  _EST_setFlag_enableForceAngle                    
abs   003f8c0d  _EST_getAngle_pu                                 
abs   003f927b  _EST_run                                         
abs   003f9378  _EST_isOnLine                                    
abs   003f937f  _EST_isLockRotor                                 
abs   003f9386  _EST_isIdle                                      
abs   003f938d  _EST_isError                                     
abs   003f9453  _EST_get_pu_to_krpm_sf                           
abs   003f9458  _EST_get_krpm_to_pu_sf                           
abs   003f94c6  _EST_getSpeed_krpm                               
abs   003f9513  _EST_getRs_Ohm                                   
abs   003f95ad  _EST_getRr_Ohm                                   
abs   003f95b3  _EST_getOneOverDcBus_pu                          
abs   003f95bd  _EST_getMaxCurrentSlope_pu                       
abs   003f95c9  _EST_getLs_q_pu                                  
abs   003f95ce  _EST_getLs_q_H                                   
abs   003f95f0  _EST_getLs_d_pu                                  
abs   003f95f5  _EST_getLs_d_H                                   
abs   003f95ff  _EST_getLs_coarse_max_pu                         
abs   003f9632  _EST_getIdRated                                  
abs   003f968e  _EST_getFm_pu                                    
abs   003f96ab  _EST_getFlux_pu                                  
abs   003f96be  _EST_getFlux_VpHz                                
abs   003f9758  _EST_doSpeedCtrl                                 
abs   003f9760  _EST_doCurrentCtrl                               
abs   003f9806  _CTRL_setupTraj                                  
abs   003f996a  _CTRL_setupEstOnLineState                        
abs   003f99a5  _CTRL_setupEstIdleState                          
abs   003f9b43  _CTRL_setupCtrl                                  
abs   003f9d31  _CTRL_setUserMotorParams                         
abs   003f9e64  _CTRL_setEstParams                               
abs   003fa5d1  _CTRL_runTraj                                    
abs   003fa6fb  _CTRL_initCtrl                                   
abs   003fa721  _CTRL_getVersion                                 
abs   ffffffff  ___TI_pprof_out_hndl                             
abs   ffffffff  ___TI_prof_data_size                             
abs   ffffffff  ___TI_prof_data_start                            
abs   ffffffff  ___binit__                                       
abs   ffffffff  ___c_args__                                      
abs   ffffffff  ___pinit__                                       
abs   ffffffff  binit                                            
abs   ffffffff  pinit                                            

[1271 symbols]
