******************************************************************************
             TMS320C2000 Linker PC v18.1.1                     
******************************************************************************
>> Linked Sun Aug 26 01:15:25 2018

OUTPUT FILE NAME:   <EV_28069M_Fpu32.out>
ENTRY POINT SYMBOL: "_c_int00"  address: 003f2a5e


MEMORY CONFIGURATION

         name            origin    length      used     unused   attr    fill
----------------------  --------  ---------  --------  --------  ----  --------
PAGE 0:
  RAML0_1               00008000   00000c00  00000373  0000088d  RWIX
  OTP                   003d7800   00000400  00000000  00000400  RWIX
  FLASHH                003d8000   00004000  00000000  00004000  RWIX
  FLASHG                003dc000   00004000  00000000  00004000  RWIX
  FLASHF                003e0000   00004000  00000000  00004000  RWIX
  FLASHE                003e4000   00004000  00000000  00004000  RWIX
  FLASHD                003e8000   00004000  00000373  00003c8d  RWIX
  FLASHA_C              003ec000   0000bf80  0000898e  000035f2  RWIX
  CSM_RSVD              003f7f80   00000076  00000000  00000076  RWIX
  BEGIN                 003f7ff6   00000002  00000002  00000000  RWIX
  CSM_PWL_P0            003f7ff8   00000008  00000000  00000008  RWIX
  FPUTABLES             003fd590   000006a0  00000000  000006a0  RWIX
  IQTABLES              003fdc30   00000b50  00000b50  00000000  RWIX
  IQTABLES2             003fe780   0000008c  00000000  0000008c  RWIX
  IQTABLES3             003fe80c   000000aa  00000000  000000aa  RWIX
  ROM                   003ff3b0   00000c10  00000000  00000c10  RWIX
  RESET                 003fffc0   00000002  00000000  00000002  RWIX
  VECTORS               003fffc2   0000003e  00000000  0000003e  RWIX

PAGE 1:
  BOOT_RSVD             00000000   00000050  00000000  00000050  RWIX
  RAMM0                 00000050   000003b0  000003b0  00000000  RWIX
  RAMM1                 00000400   00000400  00000000  00000400  RWIX
  RAML2_4               00008c00   00003400  000006f8  00002d08  RWIX
  RAML5                 0000c000   00002000  000009a0  00001660  RWIX
  RAML6                 0000e000   00002000  00000000  00002000  RWIX
  RAML7                 00010000   00002000  00000000  00002000  RWIX
  RAML8                 00012000   00001800  00000000  00001800  RWIX
  USB_RAM               00040000   00000800  00000000  00000800  RWIX


SECTION ALLOCATION MAP

 output                                  attributes/
section   page    origin      length       input sections
--------  ----  ----------  ----------   ----------------
.cinit     0    003f4688    000001d2     
                  003f4688    00000108     user_data.obj (.cinit)
                  003f4790    0000007d     Main.obj (.cinit)
                  003f480d    00000010     sci_operator.obj (.cinit)
                  003f481d    0000000e     rts2800_fpu32.lib : exit.c.obj (.cinit)
                  003f482b    0000000d     datalog.obj (.cinit)
                  003f4838    0000000b     hallbldc.obj (.cinit)
                  003f4843    00000007     i2c_lcd.obj (.cinit)
                  003f484a    00000005     rts2800_fpu32.lib : _lock.c.obj (.cinit:__lock)
                  003f484f    00000005                       : _lock.c.obj (.cinit:__unlock)
                  003f4854    00000004                       : errno.c.obj (.cinit)
                  003f4858    00000002     --HOLE-- [fill = 0]

.pinit     0    003ec000    00000000     UNINITIALIZED

ramfuncs   0    003e8000    00000373     RUN ADDR = 00008000
                  003e8000    0000031f     ctrlQEP.obj (ramfuncs)
                  003e831f    00000032     flash.obj (ramfuncs)
                  003e8351    0000001e     hal.obj (ramfuncs)
                  003e836f    00000004     usDelay.obj (ramfuncs)

.text      0    003ec000    00007054     
                  003ec000    000012fd     user_data.obj (.text)
                  003ed2fd    00000001     rts2800_fpu32.lib : startup.c.obj (.text)
                  003ed2fe    00000d47                       : _printfi.c.obj (.text)
                  003ee045    00000d1a     hal.obj (.text)
                  003eed5f    00000001     --HOLE-- [fill = 0]
                  003eed60    00000912     sci_operator.obj (.text)
                  003ef672    0000070c     ctrlQEP.obj (.text)
                  003efd7e    000005da     Main.obj (.text)
                  003f0358    00000586     user.obj (.text)
                  003f08de    0000049b     Main.obj (.text:retain)
                  003f0d79    00000380     rts2800_fpu32.lib : e_powf.c.obj (.text)
                  003f10f9    000002f6     pwm.obj (.text)
                  003f13ef    00000210     hallbldc.obj (.text)
                  003f15ff    000001ee     adc.obj (.text)
                  003f17ed    0000018a     clk.obj (.text)
                  003f1977    00000170     gpio.obj (.text)
                  003f1ae7    0000012b     rts2800_fpu32.lib : e_logf.c.obj (.text)
                  003f1c12    00000126     pie.obj (.text)
                  003f1d38    0000011d     enc.obj (.text)
                  003f1e55    00000107     rts2800_fpu32.lib : ll_div28.asm.obj (.text)
                  003f1f5c    000000f7     i2c.obj (.text)
                  003f2053    000000f2     sci.obj (.text)
                  003f2145    00000001     --HOLE-- [fill = 0]
                  003f2146    000000e5     i2c_24lc32.obj (.text)
                  003f222b    000000e0     throttle.obj (.text)
                  003f230b    000000d1     i2c_mcp23017.obj (.text)
                  003f23dc    000000c0     sci_message.obj (.text)
                  003f249c    000000bf     i2c_message.obj (.text)
                  003f255b    000000ab     rts2800_fpu32.lib : s_scalbn.c.obj (.text)
                  003f2606    000000a9     spi.obj (.text)
                  003f26af    0000009c     rts2800_fpu32.lib : fd_add28.asm.obj (.text)
                  003f274b    0000008b                       : fd_div28.asm.obj (.text)
                  003f27d6    00000088                       : fs_div28.asm.obj (.text)
                  003f285e    00000083                       : fd_mpy28.asm.obj (.text)
                  003f28e1    00000071     sci_modbus.obj (.text)
                  003f2952    0000005b     pll.obj (.text)
                  003f29ad    0000005a     rts2800_fpu32.lib : s_frexp.c.obj (.text)
                  003f2a07    00000057                       : s_scalbnf.c.obj (.text)
                  003f2a5e    00000056                       : boot28.asm.obj (.text)
                  003f2ab4    00000056                       : s_ceilf.c.obj (.text)
                  003f2b0a    00000048     filter.obj (.text)
                  003f2b52    00000047     offset.obj (.text)
                  003f2b99    00000046     wdog.obj (.text)
                  003f2bdf    00000044     pwr.obj (.text)
                  003f2c23    00000032     rts2800_fpu32.lib : sprintf.c.obj (.text)
                  003f2c55    00000032     timer.obj (.text)
                  003f2c87    00000031     rts2800_fpu32.lib : atoi.c.obj (.text)
                  003f2cb8    0000002e                       : ltoa.c.obj (.text)
                  003f2ce6    0000002d     osc.obj (.text)
                  003f2d13    0000002a     rts2800_fpu32.lib : fd_cmp28.asm.obj (.text)
                  003f2d3d    0000002a                       : l_div28.asm.obj (.text)
                  003f2d67    00000029                       : exit.c.obj (.text)
                  003f2d90    00000026                       : e_sqrtf.c.obj (.text)
                  003f2db6    00000025     cpu.obj (.text)
                  003f2ddb    00000025     filter_fo.obj (.text)
                  003f2e00    00000024     rts2800_fpu32.lib : cpy_tbl.c.obj (.text)
                  003f2e24    00000024                       : s_copysign.c.obj (.text)
                  003f2e48    00000022                       : i_div28.asm.obj (.text)
                  003f2e6a    00000021                       : fd_toi28.asm.obj (.text)
                  003f2e8b    00000020     flash.obj (.text)
                  003f2eab    0000001f     rts2800_fpu32.lib : fd_tol28.asm.obj (.text)
                  003f2eca    0000001e                       : ll_cmp28.asm.obj (.text)
                  003f2ee8    0000001e                       : memcpy.c.obj (.text)
                  003f2f06    0000001d                       : i_tofd28.asm.obj (.text)
                  003f2f23    0000001c                       : fs_tofdfpu32.asm.obj (.text)
                  003f2f3f    0000001c                       : l_tofd28.asm.obj (.text)
                  003f2f5b    00000019                       : args_main.c.obj (.text)
                  003f2f74    00000018                       : ll_aox28.asm.obj (.text)
                  003f2f8c    00000011     pid.obj (.text)
                  003f2f9d    00000011     rts2800_fpu32.lib : s_copysignf.c.obj (.text)
                  003f2fae    0000000f     memCopy.obj (.text)
                  003f2fbd    0000000e     datalog.obj (.text)
                  003f2fcb    0000000e     rts2800_fpu32.lib : fd_sub28.asm.obj (.text)
                  003f2fd9    0000000d                       : memccpy.c.obj (.text)
                  003f2fe6    0000000c                       : memset.c.obj (.text)
                  003f2ff2    0000000c                       : strchr.c.obj (.text)
                  003f2ffe    0000000b                       : u_div28.asm.obj (.text)
                  003f3009    0000000a     pie.obj (.text:retain)
                  003f3013    00000009     rts2800_fpu32.lib : _lock.c.obj (.text)
                  003f301c    00000009                       : fd_neg28.asm.obj (.text)
                  003f3025    00000009                       : strcat.c.obj (.text)
                  003f302e    00000009                       : wcslen.c.obj (.text)
                  003f3037    00000008     CodeStartBranch.obj (.text)
                  003f303f    00000008     rts2800_fpu32.lib : strlen.c.obj (.text)
                  003f3047    00000006     qep.obj (.text)
                  003f304d    00000005     rts2800_fpu32.lib : strcpy.c.obj (.text)
                  003f3052    00000002                       : pre_init.c.obj (.text)

codestart 
*          0    003f7ff6    00000002     
                  003f7ff6    00000002     CodeStartBranch.obj (codestart)

.econst    0    003f3054    00001634     
                  003f3054    000001f1     user_data.obj (.econst:.string)
                  003f3245    00000001     --HOLE-- [fill = 0]
                  003f3246    00000121     sci_operator.obj (.econst:.string)
                  003f3367    00000101     rts2800_fpu32.lib : ctype.c.obj (.econst:.string:__ctypes_)
                  003f3468    00000099     user_data.obj (.econst:_g_ai8DescTripTrace)
                  003f3501    00000055     user_data.obj (.econst:_g_ai8DescAccessLevel)
                  003f3556    00000055     user_data.obj (.econst:_g_ai8DescCtrlMethod)
                  003f35ab    00000055     user_data.obj (.econst:_g_ai8DescModel)
                  003f3600    00000044     user_data.obj (.econst:_g_ai8DescInitial)
                  003f3644    00000044     user_data.obj (.econst:_g_ai8DescReferSelect)
                  003f3688    00000044     user_data.obj (.econst:_g_ai8DescStopMethod)
                  003f36cc    00000033     user_data.obj (.econst:_g_ai8DescCtrlLoop)
                  003f36ff    00000001     --HOLE-- [fill = 0]
                  003f3700    00000032     rts2800_fpu32.lib : e_powf.c.obj (.econst)
                  003f3732    0000002e     sci_operator.obj (.econst:_$P$T1$6)
                  003f3760    00000026     rts2800_fpu32.lib : _printfi.c.obj (.econst:.string)
                  003f3786    00000025     sci_operator.obj (.econst:_$P$T0$5)
                  003f37ab    00000022     user_data.obj (.econst:_g_ai8DescEnable)
                  003f37cd    00000022     user_data.obj (.econst:_g_ai8DescFactory)
                  003f37ef    00000022     user_data.obj (.econst:_g_ai8DescMotorType)
                  003f3811    00000001     --HOLE-- [fill = 0]
                  003f3812    0000001c     rts2800_fpu32.lib : _printfi.c.obj (.econst)
                  003f382e    0000001c                       : s_scalbn.c.obj (.econst)
                  003f384a    0000001a     user_data.obj (.econst:_g_dmFunA1)
                  003f3864    0000001a     user_data.obj (.econst:_g_dmFunA2)
                  003f387e    0000001a     user_data.obj (.econst:_g_dmFunC1)
                  003f3898    0000001a     user_data.obj (.econst:_g_dmFunC2)
                  003f38b2    0000001a     user_data.obj (.econst:_g_dmFunCellA1_02)
                  003f38cc    0000001a     user_data.obj (.econst:_g_dmFunCellA1_03)
                  003f38e6    0000001a     user_data.obj (.econst:_g_dmFunCellA1_04)
                  003f3900    0000001a     user_data.obj (.econst:_g_dmFunCellC1_01)
                  003f391a    0000001a     user_data.obj (.econst:_g_dmFunCellC1_02)
                  003f3934    0000001a     user_data.obj (.econst:_g_dmFunCellC1_03)
                  003f394e    0000001a     user_data.obj (.econst:_g_dmFunCellC2_01)
                  003f3968    0000001a     user_data.obj (.econst:_g_dmFunCellC2_02)
                  003f3982    0000001a     user_data.obj (.econst:_g_dmFunCellC2_03)
                  003f399c    0000001a     user_data.obj (.econst:_g_dmFunCellC2_04)
                  003f39b6    0000001a     user_data.obj (.econst:_g_dmFunCellC2_05)
                  003f39d0    0000001a     user_data.obj (.econst:_g_dmFunCellC2_06)
                  003f39ea    0000001a     user_data.obj (.econst:_g_dmFunCellD1_01)
                  003f3a04    0000001a     user_data.obj (.econst:_g_dmFunCellD1_02)
                  003f3a1e    0000001a     user_data.obj (.econst:_g_dmFunCellD1_03)
                  003f3a38    0000001a     user_data.obj (.econst:_g_dmFunCellD1_04)
                  003f3a52    0000001a     user_data.obj (.econst:_g_dmFunCellD1_05)
                  003f3a6c    0000001a     user_data.obj (.econst:_g_dmFunCellD1_06)
                  003f3a86    0000001a     user_data.obj (.econst:_g_dmFunCellD1_07)
                  003f3aa0    0000001a     user_data.obj (.econst:_g_dmFunCellD1_08)
                  003f3aba    0000001a     user_data.obj (.econst:_g_dmFunCellD1_09)
                  003f3ad4    0000001a     user_data.obj (.econst:_g_dmFunCellD2_01)
                  003f3aee    0000001a     user_data.obj (.econst:_g_dmFunCellD2_02)
                  003f3b08    0000001a     user_data.obj (.econst:_g_dmFunCellD2_03)
                  003f3b22    0000001a     user_data.obj (.econst:_g_dmFunCellD2_04)
                  003f3b3c    0000001a     user_data.obj (.econst:_g_dmFunCellD2_05)
                  003f3b56    0000001a     user_data.obj (.econst:_g_dmFunCellD2_06)
                  003f3b70    0000001a     user_data.obj (.econst:_g_dmFunCellD2_07)
                  003f3b8a    0000001a     user_data.obj (.econst:_g_dmFunCellD2_08)
                  003f3ba4    0000001a     user_data.obj (.econst:_g_dmFunCellD3_01)
                  003f3bbe    0000001a     user_data.obj (.econst:_g_dmFunCellD3_02)
                  003f3bd8    0000001a     user_data.obj (.econst:_g_dmFunCellReserved)
                  003f3bf2    0000001a     user_data.obj (.econst:_g_dmFunCellU1_01)
                  003f3c0c    0000001a     user_data.obj (.econst:_g_dmFunCellU1_02)
                  003f3c26    0000001a     user_data.obj (.econst:_g_dmFunCellU1_03)
                  003f3c40    0000001a     user_data.obj (.econst:_g_dmFunCellU1_04)
                  003f3c5a    0000001a     user_data.obj (.econst:_g_dmFunCellU1_05)
                  003f3c74    0000001a     user_data.obj (.econst:_g_dmFunCellU1_06)
                  003f3c8e    0000001a     user_data.obj (.econst:_g_dmFunCellU1_07)
                  003f3ca8    0000001a     user_data.obj (.econst:_g_dmFunCellU1_08)
                  003f3cc2    0000001a     user_data.obj (.econst:_g_dmFunCellU1_09)
                  003f3cdc    0000001a     user_data.obj (.econst:_g_dmFunCellU1_10)
                  003f3cf6    0000001a     user_data.obj (.econst:_g_dmFunCellU1_11)
                  003f3d10    0000001a     user_data.obj (.econst:_g_dmFunCellU1_12)
                  003f3d2a    0000001a     user_data.obj (.econst:_g_dmFunCellU1_13)
                  003f3d44    0000001a     user_data.obj (.econst:_g_dmFunCellU1_14)
                  003f3d5e    0000001a     user_data.obj (.econst:_g_dmFunCellU1_15)
                  003f3d78    0000001a     user_data.obj (.econst:_g_dmFunCellU1_16)
                  003f3d92    0000001a     user_data.obj (.econst:_g_dmFunCellU1_17)
                  003f3dac    0000001a     user_data.obj (.econst:_g_dmFunCellU1_18)
                  003f3dc6    0000001a     user_data.obj (.econst:_g_dmFunCellU1_19)
                  003f3de0    0000001a     user_data.obj (.econst:_g_dmFunCellU1_20)
                  003f3dfa    0000001a     user_data.obj (.econst:_g_dmFunCellU1_21)
                  003f3e14    0000001a     user_data.obj (.econst:_g_dmFunCellU1_22)
                  003f3e2e    0000001a     user_data.obj (.econst:_g_dmFunCellU1_23)
                  003f3e48    0000001a     user_data.obj (.econst:_g_dmFunCellU1_24)
                  003f3e62    0000001a     user_data.obj (.econst:_g_dmFunCellU1_25)
                  003f3e7c    0000001a     user_data.obj (.econst:_g_dmFunCellU1_26)
                  003f3e96    0000001a     user_data.obj (.econst:_g_dmFunCellU1_27)
                  003f3eb0    0000001a     user_data.obj (.econst:_g_dmFunCellU1_28)
                  003f3eca    0000001a     user_data.obj (.econst:_g_dmFunCellU1_29)
                  003f3ee4    0000001a     user_data.obj (.econst:_g_dmFunCellU2_01)
                  003f3efe    0000001a     user_data.obj (.econst:_g_dmFunCellU2_02)
                  003f3f18    0000001a     user_data.obj (.econst:_g_dmFunCellU2_03)
                  003f3f32    0000001a     user_data.obj (.econst:_g_dmFunCellU2_04)
                  003f3f4c    0000001a     user_data.obj (.econst:_g_dmFunCellU2_05)
                  003f3f66    0000001a     user_data.obj (.econst:_g_dmFunCellb1_01)
                  003f3f80    0000001a     user_data.obj (.econst:_g_dmFunCellb1_02)
                  003f3f9a    0000001a     user_data.obj (.econst:_g_dmFunCellb1_03)
                  003f3fb4    0000001a     user_data.obj (.econst:_g_dmFunCellb1_04)
                  003f3fce    0000001a     user_data.obj (.econst:_g_dmFunCellb1_05)
                  003f3fe8    0000001a     user_data.obj (.econst:_g_dmFunCellb1_06)
                  003f4002    0000001a     user_data.obj (.econst:_g_dmFunCellb1_07)
                  003f401c    0000001a     user_data.obj (.econst:_g_dmFunCellb2_01)
                  003f4036    0000001a     user_data.obj (.econst:_g_dmFunCellb2_02)
                  003f4050    0000001a     user_data.obj (.econst:_g_dmFunCellb2_03)
                  003f406a    0000001a     user_data.obj (.econst:_g_dmFunD1)
                  003f4084    0000001a     user_data.obj (.econst:_g_dmFunD2)
                  003f409e    0000001a     user_data.obj (.econst:_g_dmFunD3)
                  003f40b8    0000001a     user_data.obj (.econst:_g_dmFunU1)
                  003f40d2    0000001a     user_data.obj (.econst:_g_dmFunU2)
                  003f40ec    0000001a     user_data.obj (.econst:_g_dmFunb1)
                  003f4106    0000001a     user_data.obj (.econst:_g_dmFunb2)
                  003f4120    0000001a     user_data.obj (.econst:_g_dmGroupA)
                  003f413a    0000001a     user_data.obj (.econst:_g_dmGroupC)
                  003f4154    0000001a     user_data.obj (.econst:_g_dmGroupD)
                  003f416e    0000001a     user_data.obj (.econst:_g_dmGroupU)
                  003f4188    0000001a     user_data.obj (.econst:_g_dmGroupb)
                  003f41a2    00000018     user_data.obj (.econst:_g_dmModeAutotuning)
                  003f41ba    00000018     user_data.obj (.econst:_g_dmModeInitialize)
                  003f41d2    00000018     user_data.obj (.econst:_g_dmModeOperation)
                  003f41ea    00000018     user_data.obj (.econst:_g_dmModeProgram)
                  003f4202    00000010     rts2800_fpu32.lib : e_logf.c.obj (.econst)
                  003f4212    0000000e     user_data.obj (.econst:_g_dmCellAccTime)
                  003f4220    0000000e     user_data.obj (.econst:_g_dmCellAccessLvl)
                  003f422e    0000000e     user_data.obj (.econst:_g_dmCellBLDC2FOC)
                  003f423c    0000000e     user_data.obj (.econst:_g_dmCellCtlLoop)
                  003f424a    0000000e     user_data.obj (.econst:_g_dmCellCtlMethod)
                  003f4258    0000000e     user_data.obj (.econst:_g_dmCellCurrentMax)
                  003f4266    0000000e     user_data.obj (.econst:_g_dmCellCurrentOut)
                  003f4274    0000000e     user_data.obj (.econst:_g_dmCellCurrentRef)
                  003f4282    0000000e     user_data.obj (.econst:_g_dmCellCurrentU)
                  003f4290    0000000e     user_data.obj (.econst:_g_dmCellCurrentV)
                  003f429e    0000000e     user_data.obj (.econst:_g_dmCellCurrentW)
                  003f42ac    0000000e     user_data.obj (.econst:_g_dmCellDCBus)
                  003f42ba    0000000e     user_data.obj (.econst:_g_dmCellDCBusMax)
                  003f42c8    0000000e     user_data.obj (.econst:_g_dmCellDCBusMin)
                  003f42d6    0000000e     user_data.obj (.econst:_g_dmCellExtAd1)
                  003f42e4    0000000e     user_data.obj (.econst:_g_dmCellExtAd2)
                  003f42f2    0000000e     user_data.obj (.econst:_g_dmCellExtAd3)
                  003f4300    0000000e     user_data.obj (.econst:_g_dmCellExtAd4)
                  003f430e    0000000e     user_data.obj (.econst:_g_dmCellExtAd5)
                  003f431c    0000000e     user_data.obj (.econst:_g_dmCellExtAd6)
                  003f432a    0000000e     user_data.obj (.econst:_g_dmCellExtTemp)
                  003f4338    0000000e     user_data.obj (.econst:_g_dmCellFOC2BLDC)
                  003f4346    0000000e     user_data.obj (.econst:_g_dmCellFactory)
                  003f4354    0000000e     user_data.obj (.econst:_g_dmCellFluxEstHz)
                  003f4362    0000000e     user_data.obj (.econst:_g_dmCellFreqOut)
                  003f4370    0000000e     user_data.obj (.econst:_g_dmCellFreqRef)
                  003f437e    0000000e     user_data.obj (.econst:_g_dmCellIBias1)
                  003f438c    0000000e     user_data.obj (.econst:_g_dmCellIBias2)
                  003f439a    0000000e     user_data.obj (.econst:_g_dmCellIBias3)
                  003f43a8    0000000e     user_data.obj (.econst:_g_dmCellIndAxisD)
                  003f43b6    0000000e     user_data.obj (.econst:_g_dmCellIndAxisQ)
                  003f43c4    0000000e     user_data.obj (.econst:_g_dmCellIndEstCurrent)
                  003f43d2    0000000e     user_data.obj (.econst:_g_dmCellInitial)
                  003f43e0    0000000e     user_data.obj (.econst:_g_dmCellInputTerm)
                  003f43ee    0000000e     user_data.obj (.econst:_g_dmCellKi_BLDC)
                  003f43fc    0000000e     user_data.obj (.econst:_g_dmCellKi_Id)
                  003f440a    0000000e     user_data.obj (.econst:_g_dmCellKi_Iq)
                  003f4418    0000000e     user_data.obj (.econst:_g_dmCellKi_Speed)
                  003f4426    0000000e     user_data.obj (.econst:_g_dmCellKp_BLDC)
                  003f4434    0000000e     user_data.obj (.econst:_g_dmCellKp_Id)
                  003f4442    0000000e     user_data.obj (.econst:_g_dmCellKp_Iq)
                  003f4450    0000000e     user_data.obj (.econst:_g_dmCellKp_Speed)
                  003f445e    0000000e     user_data.obj (.econst:_g_dmCellMagnetCur)
                  003f446c    0000000e     user_data.obj (.econst:_g_dmCellMaxCurrent)
                  003f447a    0000000e     user_data.obj (.econst:_g_dmCellMotorModel)
                  003f4488    0000000e     user_data.obj (.econst:_g_dmCellMotorSpd)
                  003f4496    0000000e     user_data.obj (.econst:_g_dmCellMotorSpdEnc1)
                  003f44a4    0000000e     user_data.obj (.econst:_g_dmCellMotorSpdEnc2)
                  003f44b2    0000000e     user_data.obj (.econst:_g_dmCellMotorSpdHall)
                  003f44c0    0000000e     user_data.obj (.econst:_g_dmCellMotorType)
                  003f44ce    0000000e     user_data.obj (.econst:_g_dmCellOperationSel)
                  003f44dc    0000000e     user_data.obj (.econst:_g_dmCellOutputTerm)
                  003f44ea    0000000e     user_data.obj (.econst:_g_dmCellPolePair)
                  003f44f8    0000000e     user_data.obj (.econst:_g_dmCellPowerOut)
                  003f4506    0000000e     user_data.obj (.econst:_g_dmCellRatedFlux)
                  003f4514    0000000e     user_data.obj (.econst:_g_dmCellReferenceSel)
                  003f4522    0000000e     user_data.obj (.econst:_g_dmCellResEstCurrent)
                  003f4530    0000000e     user_data.obj (.econst:_g_dmCellResRotor)
                  003f453e    0000000e     user_data.obj (.econst:_g_dmCellResStator)
                  003f454c    0000000e     user_data.obj (.econst:_g_dmCellReserved)
                  003f455a    0000000e     user_data.obj (.econst:_g_dmCellReverseProhibit)
                  003f4568    0000000e     user_data.obj (.econst:_g_dmCellStopMethod)
                  003f4576    0000000e     user_data.obj (.econst:_g_dmCellTorqueOut)
                  003f4584    0000000e     user_data.obj (.econst:_g_dmCellVBias1)
                  003f4592    0000000e     user_data.obj (.econst:_g_dmCellVBias2)
                  003f45a0    0000000e     user_data.obj (.econst:_g_dmCellVBias3)
                  003f45ae    0000000e     user_data.obj (.econst:_g_dmCellVersion)
                  003f45bc    0000000e     user_data.obj (.econst:_g_dmCellVoltageU)
                  003f45ca    0000000e     user_data.obj (.econst:_g_dmCellVoltageV)
                  003f45d8    0000000e     user_data.obj (.econst:_g_dmCellVoltageW)
                  003f45e6    0000000e     user_data.obj (.econst:_g_dmTripTrace1)
                  003f45f4    0000000e     user_data.obj (.econst:_g_dmTripTrace2)
                  003f4602    0000000e     user_data.obj (.econst:_g_dmTripTrace3)
                  003f4610    0000000e     user_data.obj (.econst:_g_dmTripTrace4)
                  003f461e    0000000e     user_data.obj (.econst:_g_dmTripTrace5)
                  003f462c    00000008     enc.obj (.econst)
                  003f4634    00000008     rts2800_fpu32.lib : s_frexp.c.obj (.econst)
                  003f463c    00000008     user.obj (.econst)
                  003f4644    00000006     rts2800_fpu32.lib : s_scalbnf.c.obj (.econst)
                  003f464a    00000004     Main.obj (.econst)
                  003f464e    00000004     ctrlQEP.obj (.econst:_$P$T0$1)
                  003f4652    00000004     ctrlQEP.obj (.econst:_$P$T1$2)
                  003f4656    00000004     ctrlQEP.obj (.econst:_$P$T2$3)
                  003f465a    00000004     ctrlQEP.obj (.econst:_$P$T3$4)
                  003f465e    00000004     ctrlQEP.obj (.econst:_$P$T4$5)
                  003f4662    00000004     ctrlQEP.obj (.econst:_$P$T5$6)
                  003f4666    00000004     rts2800_fpu32.lib : e_powf.c.obj (.econst:_bp)
                  003f466a    00000004                       : e_powf.c.obj (.econst:_dp_h)
                  003f466e    00000004                       : e_powf.c.obj (.econst:_dp_l)
                  003f4672    00000004     ctrlQEP.obj (.econst)
                  003f4676    00000004     filter.obj (.econst)
                  003f467a    00000004     hal.obj (.econst)
                  003f467e    00000004     sci_operator.obj (.econst)
                  003f4682    00000004     user_data.obj (.econst)
                  003f4686    00000002     rts2800_fpu32.lib : s_ceilf.c.obj (.econst)

IQmath     0    003f485a    00000116     
                  003f485a    00000047     IQmath_fpu32.lib : IQ24div.obj (IQmath)
                  003f48a1    00000042                      : IQ24sqrt.obj (IQmath)
                  003f48e3    00000029                      : IQ24sinPU.obj (IQmath)
                  003f490c    00000027                      : IQ24cosPU.obj (IQmath)
                  003f4933    00000016                      : IQ24toF.obj (IQmath)
                  003f4949    00000016                      : IQ30toF.obj (IQmath)
                  003f495f    00000011                      : IQ24mpyI32int.obj (IQmath)

.switch    0    003f4970    0000001e     
                  003f4970    0000001e     sci_operator.obj (.switch:_OPERATOR_convertEstState)

IQmathTables 
*          0    003fdc30    00000b50     NOLOAD SECTION
                  003fdc30    00000b50     IQmath_fpu32.lib : IQmathTables.obj (IQmathTables)

.stack     1    00000050    000003b0     UNINITIALIZED
                  00000050    000003b0     --HOLE--

.ebss      1    00008c00    000006f8     UNINITIALIZED
                  00008c00    00000404     Main.obj (.ebss)
                  00009004    0000000e     sci_operator.obj (.ebss)
                  00009012    0000000c     datalog.obj (.ebss)
                  0000901e    0000000a     hallbldc.obj (.ebss)
                  00009028    00000006     rts2800_fpu32.lib : exit.c.obj (.ebss)
                  0000902e    00000004     i2c_lcd.obj (.ebss)
                  00009032    00000002     rts2800_fpu32.lib : _lock.c.obj (.ebss:__lock)
                  00009034    00000002                       : _lock.c.obj (.ebss:__unlock)
                  00009036    00000001     cpu.obj (.ebss)
                  00009037    00000001     rts2800_fpu32.lib : errno.c.obj (.ebss)
                  00009038    00000008     --HOLE--
                  00009040    000001e8     user_data.obj (.ebss)
                  00009228    00000018     --HOLE--
                  00009240    000000b8     hal.obj (.ebss)

graph_data 
*          1    0000c000    000009a0     UNINITIALIZED
                  0000c000    000009a0     datalog.obj (graph_data)

.reset     0    003fffc0    00000002     DSECT
                  003fffc0    00000002     rts2800_fpu32.lib : boot28.asm.obj (.reset)

vectors    0    003fffc2    00000000     DSECT

MODULE SUMMARY

       Module                 code    initialized data   uninitialized data
       ------                 ----    ----------------   ------------------
    .\
       user_data.obj          4861    5068               488               
       Main.obj               2677    129                1028              
       hal.obj                3414    4                  184               
       ctrlQEP.obj            3402    28                 0                 
       sci_operator.obj       2322    422                14                
       datalog.obj            14      13                 2476              
       user.obj               1414    8                  0                 
       pwm.obj                758     0                  0                 
       hallbldc.obj           528     11                 10                
       adc.obj                494     0                  0                 
       clk.obj                394     0                  0                 
       gpio.obj               368     0                  0                 
       pie.obj                304     0                  0                 
       enc.obj                285     8                  0                 
       i2c.obj                247     0                  0                 
       sci.obj                242     0                  0                 
       i2c_24lc32.obj         229     0                  0                 
       throttle.obj           224     0                  0                 
       i2c_mcp23017.obj       209     0                  0                 
       sci_message.obj        192     0                  0                 
       i2c_message.obj        191     0                  0                 
       spi.obj                169     0                  0                 
       flash.obj              132     0                  0                 
       sci_modbus.obj         113     0                  0                 
       pll.obj                91      0                  0                 
       filter.obj             72      4                  0                 
       offset.obj             71      0                  0                 
       wdog.obj               70      0                  0                 
       pwr.obj                68      0                  0                 
       timer.obj              50      0                  0                 
       osc.obj                45      0                  0                 
       cpu.obj                37      0                  1                 
       filter_fo.obj          37      0                  0                 
       pid.obj                17      0                  0                 
       memCopy.obj            15      0                  0                 
       i2c_lcd.obj            0       7                  4                 
       CodeStartBranch.obj    10      0                  0                 
       usDelay.obj            8       0                  0                 
       qep.obj                6       0                  0                 
    +--+----------------------+-------+------------------+--------------------+
       Total:                 23780   5702               4205              
                                                                           
    ../sw/modules/iqmath/lib/f28x/float/IQmath_fpu32.lib
       IQmathTables.obj       0       2896               0                 
       IQ24div.obj            71      0                  0                 
       IQ24sqrt.obj           66      0                  0                 
       IQ24sinPU.obj          41      0                  0                 
       IQ24cosPU.obj          39      0                  0                 
       IQ24toF.obj            22      0                  0                 
       IQ30toF.obj            22      0                  0                 
       IQ24mpyI32int.obj      17      0                  0                 
    +--+----------------------+-------+------------------+--------------------+
       Total:                 278     2896               0                 
                                                                           
    D:/TI/ccsv8/tools/compiler/ti-cgt-c2000_18.1.1.LTS/lib/rts2800_fpu32.lib
       _printfi.c.obj         3399    66                 0                 
       e_powf.c.obj           896     62                 0                 
       e_logf.c.obj           299     16                 0                 
       ll_div28.asm.obj       263     0                  0                 
       ctype.c.obj            0       257                0                 
       s_scalbn.c.obj         171     28                 0                 
       fd_add28.asm.obj       156     0                  0                 
       fd_div28.asm.obj       139     0                  0                 
       fs_div28.asm.obj       136     0                  0                 
       fd_mpy28.asm.obj       131     0                  0                 
       s_frexp.c.obj          90      8                  0                 
       s_scalbnf.c.obj        87      6                  0                 
       s_ceilf.c.obj          86      2                  0                 
       boot28.asm.obj         86      0                  0                 
       exit.c.obj             41      14                 6                 
       sprintf.c.obj          50      0                  0                 
       atoi.c.obj             49      0                  0                 
       ltoa.c.obj             46      0                  0                 
       fd_cmp28.asm.obj       42      0                  0                 
       l_div28.asm.obj        42      0                  0                 
       e_sqrtf.c.obj          38      0                  0                 
       cpy_tbl.c.obj          36      0                  0                 
       s_copysign.c.obj       36      0                  0                 
       i_div28.asm.obj        34      0                  0                 
       fd_toi28.asm.obj       33      0                  0                 
       fd_tol28.asm.obj       31      0                  0                 
       ll_cmp28.asm.obj       30      0                  0                 
       memcpy.c.obj           30      0                  0                 
       i_tofd28.asm.obj       29      0                  0                 
       fs_tofdfpu32.asm.obj   28      0                  0                 
       l_tofd28.asm.obj       28      0                  0                 
       args_main.c.obj        25      0                  0                 
       ll_aox28.asm.obj       24      0                  0                 
       _lock.c.obj            9       10                 4                 
       s_copysignf.c.obj      17      0                  0                 
       fd_sub28.asm.obj       14      0                  0                 
       memccpy.c.obj          13      0                  0                 
       memset.c.obj           12      0                  0                 
       strchr.c.obj           12      0                  0                 
       u_div28.asm.obj        11      0                  0                 
       fd_neg28.asm.obj       9       0                  0                 
       strcat.c.obj           9       0                  0                 
       wcslen.c.obj           9       0                  0                 
       strlen.c.obj           8       0                  0                 
       errno.c.obj            0       4                  1                 
       strcpy.c.obj           5       0                  0                 
       pre_init.c.obj         2       0                  0                 
       startup.c.obj          1       0                  0                 
    +--+----------------------+-------+------------------+--------------------+
       Total:                 6742    473                11                
                                                                           
       Stack:                 0       0                  944               
    +--+----------------------+-------+------------------+--------------------+
       Grand Total:           30800   9071               5160              


GLOBAL DATA SYMBOLS: SORTED BY DATA PAGE

address     data page           name
--------    ----------------    ----
00000050       1 (00000040)     __stack

00008c01     230 (00008c00)     _gu16Counter_updateGlobals
00008c02     230 (00008c00)     _bFlag_Latch_softwareUpdate
00008c03     230 (00008c00)     _gModbusObj
00008c04     230 (00008c00)     _gpCtlObj
00008c06     230 (00008c00)     _giqMaxCurrentSlope
00008c08     230 (00008c00)     _gI2cMessageHandle
00008c0a     230 (00008c00)     _gModbusHandle
00008c0c     230 (00008c00)     _gEepromHandle
00008c0e     230 (00008c00)     _gCtrlHandle
00008c10     230 (00008c00)     _gHalHandle
00008c12     230 (00008c00)     _giqTorque_Flux_Iq_pu_to_Nm_sf
00008c14     230 (00008c00)     _giqTorque_Ls_Id_Iq_pu_to_Nm_sf
00008c16     230 (00008c00)     _giqFlux_pu_to_VpHz_sf
00008c18     230 (00008c00)     _giqFlux_pu_to_Wb_sf
00008c1a     230 (00008c00)     _gHallBLDCHandle
00008c1c     230 (00008c00)     _gOperHandle
00008c1e     230 (00008c00)     _gEncHandle
00008c20     230 (00008c00)     _gIoexpandHandle
00008c22     230 (00008c00)     _gThrottleHandle
00008c24     230 (00008c00)     _gEepromObj
00008c28     230 (00008c00)     _gSciMessageHandle
00008c2c     230 (00008c00)     _gPwmData
00008c32     230 (00008c00)     _gIoexpandObj

00008c40     231 (00008c40)     _gAdcData
00008c5c     231 (00008c40)     _gEncObj

00008c80     232 (00008c80)     _gDacData

00008cc0     233 (00008cc0)     _gThrottleObj

00008d00     234 (00008d00)     _gOperObj

00008d40     235 (00008d40)     _gHallBLDCObj

00008d80     236 (00008d80)     _gI2cMessage

00008e00     238 (00008e00)     _gMotorVars

00008e80     23a (00008e80)     _gUserParams

00008f40     23d (00008f40)     _gSciMessage

00009008     240 (00009000)     _g_i32EditValue
0000900a     240 (00009000)     _g_i32EditMinValue
0000900c     240 (00009000)     _g_i32EditMaxValue
0000900e     240 (00009000)     _g_i32DeltaValue
00009010     240 (00009000)     _g_pOperObj
00009012     240 (00009000)     _gDatalogHandle
00009014     240 (00009000)     _gDatalog
0000901e     240 (00009000)     _giqHall_PwmDuty
00009020     240 (00009000)     _gai8Hall_PwmIndex
00009028     240 (00009000)     ___TI_enable_exit_profile_output
0000902a     240 (00009000)     ___TI_cleanup_ptr
0000902c     240 (00009000)     ___TI_dtors_ptr
00009032     240 (00009000)     __lock
00009034     240 (00009000)     __unlock
00009036     240 (00009000)     _cpu
00009037     240 (00009000)     _errno

00009041     241 (00009040)     _g_u16DelayCnt
00009042     241 (00009040)     _g_u16Reserved
00009046     241 (00009040)     _g_dmGroupInitArray
00009048     241 (00009040)     _g_dmFunCellArrayA2
0000904a     241 (00009040)     _g_dmGroupOperArray
0000904c     241 (00009040)     _gdmHandle
0000904e     241 (00009040)     _g_dmFunCellArrayD3
00009052     241 (00009040)     _g_dmFunAArray
00009056     241 (00009040)     _g_dmFunCArray
0000905a     241 (00009040)     _g_dmFunUArray
0000905e     241 (00009040)     _g_dmFunbArray
00009062     241 (00009040)     _g_dmFunCellArrayb2
00009068     241 (00009040)     _g_dmFunCellArrayA1
0000906e     241 (00009040)     _g_dmFunDArray
00009074     241 (00009040)     _g_dmFunCellArrayC1
0000907a     241 (00009040)     _g_dmGroupProgArray

00009080     242 (00009080)     _g_dmModeArray

000090de     243 (000090c0)     _g_dmFunCellArrayU2
000090e8     243 (000090c0)     _g_dmFunCellArrayC2

00009100     244 (00009100)     _g_dmFunCellArrayb1
0000910e     244 (00009100)     _g_dmFunCellArrayD2
0000911e     244 (00009100)     _g_dmFunCellArrayD1

00009140     245 (00009140)     _g_dmFunCellArrayU1

00009180     246 (00009180)     _gdmObj

00009240     249 (00009240)     _ghal

0000c000     300 (0000c000)     _ai32DatalogBuff2

0000c340     30d (0000c340)     _ai32DatalogBuff1

0000c680     31a (0000c680)     _ai32DatalogBuff3

003f3367    fccd (003f3340)     __ctypes_

003f3468    fcd1 (003f3440)     _g_ai8DescTripTrace

003f3501    fcd4 (003f3500)     _g_ai8DescAccessLevel

003f3556    fcd5 (003f3540)     _g_ai8DescCtrlMethod

003f35ab    fcd6 (003f3580)     _g_ai8DescModel

003f3600    fcd8 (003f3600)     _g_ai8DescInitial

003f3644    fcd9 (003f3640)     _g_ai8DescReferSelect

003f3688    fcda (003f3680)     _g_ai8DescStopMethod

003f36cc    fcdb (003f36c0)     _g_ai8DescCtrlLoop

003f37ab    fcde (003f3780)     _g_ai8DescEnable

003f37cd    fcdf (003f37c0)     _g_ai8DescFactory
003f37ef    fcdf (003f37c0)     _g_ai8DescMotorType

003f384a    fce1 (003f3840)     _g_dmFunA1
003f3864    fce1 (003f3840)     _g_dmFunA2
003f387e    fce1 (003f3840)     _g_dmFunC1

003f3898    fce2 (003f3880)     _g_dmFunC2
003f38b2    fce2 (003f3880)     _g_dmFunCellA1_02

003f38cc    fce3 (003f38c0)     _g_dmFunCellA1_03
003f38e6    fce3 (003f38c0)     _g_dmFunCellA1_04

003f3900    fce4 (003f3900)     _g_dmFunCellC1_01
003f391a    fce4 (003f3900)     _g_dmFunCellC1_02
003f3934    fce4 (003f3900)     _g_dmFunCellC1_03

003f394e    fce5 (003f3940)     _g_dmFunCellC2_01
003f3968    fce5 (003f3940)     _g_dmFunCellC2_02

003f3982    fce6 (003f3980)     _g_dmFunCellC2_03
003f399c    fce6 (003f3980)     _g_dmFunCellC2_04
003f39b6    fce6 (003f3980)     _g_dmFunCellC2_05

003f39d0    fce7 (003f39c0)     _g_dmFunCellC2_06
003f39ea    fce7 (003f39c0)     _g_dmFunCellD1_01

003f3a04    fce8 (003f3a00)     _g_dmFunCellD1_02
003f3a1e    fce8 (003f3a00)     _g_dmFunCellD1_03
003f3a38    fce8 (003f3a00)     _g_dmFunCellD1_04

003f3a52    fce9 (003f3a40)     _g_dmFunCellD1_05
003f3a6c    fce9 (003f3a40)     _g_dmFunCellD1_06

003f3a86    fcea (003f3a80)     _g_dmFunCellD1_07
003f3aa0    fcea (003f3a80)     _g_dmFunCellD1_08
003f3aba    fcea (003f3a80)     _g_dmFunCellD1_09

003f3ad4    fceb (003f3ac0)     _g_dmFunCellD2_01
003f3aee    fceb (003f3ac0)     _g_dmFunCellD2_02

003f3b08    fcec (003f3b00)     _g_dmFunCellD2_03
003f3b22    fcec (003f3b00)     _g_dmFunCellD2_04
003f3b3c    fcec (003f3b00)     _g_dmFunCellD2_05

003f3b56    fced (003f3b40)     _g_dmFunCellD2_06
003f3b70    fced (003f3b40)     _g_dmFunCellD2_07

003f3b8a    fcee (003f3b80)     _g_dmFunCellD2_08
003f3ba4    fcee (003f3b80)     _g_dmFunCellD3_01
003f3bbe    fcee (003f3b80)     _g_dmFunCellD3_02

003f3bd8    fcef (003f3bc0)     _g_dmFunCellReserved
003f3bf2    fcef (003f3bc0)     _g_dmFunCellU1_01

003f3c0c    fcf0 (003f3c00)     _g_dmFunCellU1_02
003f3c26    fcf0 (003f3c00)     _g_dmFunCellU1_03

003f3c40    fcf1 (003f3c40)     _g_dmFunCellU1_04
003f3c5a    fcf1 (003f3c40)     _g_dmFunCellU1_05
003f3c74    fcf1 (003f3c40)     _g_dmFunCellU1_06

003f3c8e    fcf2 (003f3c80)     _g_dmFunCellU1_07
003f3ca8    fcf2 (003f3c80)     _g_dmFunCellU1_08

003f3cc2    fcf3 (003f3cc0)     _g_dmFunCellU1_09
003f3cdc    fcf3 (003f3cc0)     _g_dmFunCellU1_10
003f3cf6    fcf3 (003f3cc0)     _g_dmFunCellU1_11

003f3d10    fcf4 (003f3d00)     _g_dmFunCellU1_12
003f3d2a    fcf4 (003f3d00)     _g_dmFunCellU1_13

003f3d44    fcf5 (003f3d40)     _g_dmFunCellU1_14
003f3d5e    fcf5 (003f3d40)     _g_dmFunCellU1_15
003f3d78    fcf5 (003f3d40)     _g_dmFunCellU1_16

003f3d92    fcf6 (003f3d80)     _g_dmFunCellU1_17
003f3dac    fcf6 (003f3d80)     _g_dmFunCellU1_18

003f3dc6    fcf7 (003f3dc0)     _g_dmFunCellU1_19
003f3de0    fcf7 (003f3dc0)     _g_dmFunCellU1_20
003f3dfa    fcf7 (003f3dc0)     _g_dmFunCellU1_21

003f3e14    fcf8 (003f3e00)     _g_dmFunCellU1_22
003f3e2e    fcf8 (003f3e00)     _g_dmFunCellU1_23

003f3e48    fcf9 (003f3e40)     _g_dmFunCellU1_24
003f3e62    fcf9 (003f3e40)     _g_dmFunCellU1_25
003f3e7c    fcf9 (003f3e40)     _g_dmFunCellU1_26

003f3e96    fcfa (003f3e80)     _g_dmFunCellU1_27
003f3eb0    fcfa (003f3e80)     _g_dmFunCellU1_28

003f3eca    fcfb (003f3ec0)     _g_dmFunCellU1_29
003f3ee4    fcfb (003f3ec0)     _g_dmFunCellU2_01
003f3efe    fcfb (003f3ec0)     _g_dmFunCellU2_02

003f3f18    fcfc (003f3f00)     _g_dmFunCellU2_03
003f3f32    fcfc (003f3f00)     _g_dmFunCellU2_04

003f3f4c    fcfd (003f3f40)     _g_dmFunCellU2_05
003f3f66    fcfd (003f3f40)     _g_dmFunCellb1_01

003f3f80    fcfe (003f3f80)     _g_dmFunCellb1_02
003f3f9a    fcfe (003f3f80)     _g_dmFunCellb1_03
003f3fb4    fcfe (003f3f80)     _g_dmFunCellb1_04

003f3fce    fcff (003f3fc0)     _g_dmFunCellb1_05
003f3fe8    fcff (003f3fc0)     _g_dmFunCellb1_06

003f4002    fd00 (003f4000)     _g_dmFunCellb1_07
003f401c    fd00 (003f4000)     _g_dmFunCellb2_01
003f4036    fd00 (003f4000)     _g_dmFunCellb2_02

003f4050    fd01 (003f4040)     _g_dmFunCellb2_03
003f406a    fd01 (003f4040)     _g_dmFunD1

003f4084    fd02 (003f4080)     _g_dmFunD2
003f409e    fd02 (003f4080)     _g_dmFunD3
003f40b8    fd02 (003f4080)     _g_dmFunU1

003f40d2    fd03 (003f40c0)     _g_dmFunU2
003f40ec    fd03 (003f40c0)     _g_dmFunb1

003f4106    fd04 (003f4100)     _g_dmFunb2
003f4120    fd04 (003f4100)     _g_dmGroupA
003f413a    fd04 (003f4100)     _g_dmGroupC

003f4154    fd05 (003f4140)     _g_dmGroupD
003f416e    fd05 (003f4140)     _g_dmGroupU

003f4188    fd06 (003f4180)     _g_dmGroupb
003f41a2    fd06 (003f4180)     _g_dmModeAutotuning
003f41ba    fd06 (003f4180)     _g_dmModeInitialize

003f41d2    fd07 (003f41c0)     _g_dmModeOperation
003f41ea    fd07 (003f41c0)     _g_dmModeProgram

003f4212    fd08 (003f4200)     _g_dmCellAccTime
003f4220    fd08 (003f4200)     _g_dmCellAccessLvl
003f422e    fd08 (003f4200)     _g_dmCellBLDC2FOC
003f423c    fd08 (003f4200)     _g_dmCellCtlLoop

003f424a    fd09 (003f4240)     _g_dmCellCtlMethod
003f4258    fd09 (003f4240)     _g_dmCellCurrentMax
003f4266    fd09 (003f4240)     _g_dmCellCurrentOut
003f4274    fd09 (003f4240)     _g_dmCellCurrentRef

003f4282    fd0a (003f4280)     _g_dmCellCurrentU
003f4290    fd0a (003f4280)     _g_dmCellCurrentV
003f429e    fd0a (003f4280)     _g_dmCellCurrentW
003f42ac    fd0a (003f4280)     _g_dmCellDCBus
003f42ba    fd0a (003f4280)     _g_dmCellDCBusMax

003f42c8    fd0b (003f42c0)     _g_dmCellDCBusMin
003f42d6    fd0b (003f42c0)     _g_dmCellExtAd1
003f42e4    fd0b (003f42c0)     _g_dmCellExtAd2
003f42f2    fd0b (003f42c0)     _g_dmCellExtAd3

003f4300    fd0c (003f4300)     _g_dmCellExtAd4
003f430e    fd0c (003f4300)     _g_dmCellExtAd5
003f431c    fd0c (003f4300)     _g_dmCellExtAd6
003f432a    fd0c (003f4300)     _g_dmCellExtTemp
003f4338    fd0c (003f4300)     _g_dmCellFOC2BLDC

003f4346    fd0d (003f4340)     _g_dmCellFactory
003f4354    fd0d (003f4340)     _g_dmCellFluxEstHz
003f4362    fd0d (003f4340)     _g_dmCellFreqOut
003f4370    fd0d (003f4340)     _g_dmCellFreqRef
003f437e    fd0d (003f4340)     _g_dmCellIBias1

003f438c    fd0e (003f4380)     _g_dmCellIBias2
003f439a    fd0e (003f4380)     _g_dmCellIBias3
003f43a8    fd0e (003f4380)     _g_dmCellIndAxisD
003f43b6    fd0e (003f4380)     _g_dmCellIndAxisQ

003f43c4    fd0f (003f43c0)     _g_dmCellIndEstCurrent
003f43d2    fd0f (003f43c0)     _g_dmCellInitial
003f43e0    fd0f (003f43c0)     _g_dmCellInputTerm
003f43ee    fd0f (003f43c0)     _g_dmCellKi_BLDC
003f43fc    fd0f (003f43c0)     _g_dmCellKi_Id

003f440a    fd10 (003f4400)     _g_dmCellKi_Iq
003f4418    fd10 (003f4400)     _g_dmCellKi_Speed
003f4426    fd10 (003f4400)     _g_dmCellKp_BLDC
003f4434    fd10 (003f4400)     _g_dmCellKp_Id

003f4442    fd11 (003f4440)     _g_dmCellKp_Iq
003f4450    fd11 (003f4440)     _g_dmCellKp_Speed
003f445e    fd11 (003f4440)     _g_dmCellMagnetCur
003f446c    fd11 (003f4440)     _g_dmCellMaxCurrent
003f447a    fd11 (003f4440)     _g_dmCellMotorModel

003f4488    fd12 (003f4480)     _g_dmCellMotorSpd
003f4496    fd12 (003f4480)     _g_dmCellMotorSpdEnc1
003f44a4    fd12 (003f4480)     _g_dmCellMotorSpdEnc2
003f44b2    fd12 (003f4480)     _g_dmCellMotorSpdHall

003f44c0    fd13 (003f44c0)     _g_dmCellMotorType
003f44ce    fd13 (003f44c0)     _g_dmCellOperationSel
003f44dc    fd13 (003f44c0)     _g_dmCellOutputTerm
003f44ea    fd13 (003f44c0)     _g_dmCellPolePair
003f44f8    fd13 (003f44c0)     _g_dmCellPowerOut

003f4506    fd14 (003f4500)     _g_dmCellRatedFlux
003f4514    fd14 (003f4500)     _g_dmCellReferenceSel
003f4522    fd14 (003f4500)     _g_dmCellResEstCurrent
003f4530    fd14 (003f4500)     _g_dmCellResRotor
003f453e    fd14 (003f4500)     _g_dmCellResStator

003f454c    fd15 (003f4540)     _g_dmCellReserved
003f455a    fd15 (003f4540)     _g_dmCellReverseProhibit
003f4568    fd15 (003f4540)     _g_dmCellStopMethod
003f4576    fd15 (003f4540)     _g_dmCellTorqueOut

003f4584    fd16 (003f4580)     _g_dmCellVBias1
003f4592    fd16 (003f4580)     _g_dmCellVBias2
003f45a0    fd16 (003f4580)     _g_dmCellVBias3
003f45ae    fd16 (003f4580)     _g_dmCellVersion
003f45bc    fd16 (003f4580)     _g_dmCellVoltageU

003f45ca    fd17 (003f45c0)     _g_dmCellVoltageV
003f45d8    fd17 (003f45c0)     _g_dmCellVoltageW
003f45e6    fd17 (003f45c0)     _g_dmTripTrace1
003f45f4    fd17 (003f45c0)     _g_dmTripTrace2

003f4602    fd18 (003f4600)     _g_dmTripTrace3
003f4610    fd18 (003f4600)     _g_dmTripTrace4
003f461e    fd18 (003f4600)     _g_dmTripTrace5

003fdc30    ff70 (003fdc00)     _IQsinTable

003fdd30    ff74 (003fdd00)     _IQcosTable

003fe030    ff80 (003fe000)     _IQsinTableEnd

003fe132    ff84 (003fe100)     _IQcosTableEnd
003fe132    ff84 (003fe100)     _IQdivRoundSatTable

003fe140    ff85 (003fe140)     _IQdivTable

003fe342    ff8d (003fe340)     _IQdivTableEnd
003fe342    ff8d (003fe340)     _IQisqrtRoundSatTable
003fe342    ff8d (003fe340)     _IQsqrtRoundSatTable
003fe352    ff8d (003fe340)     _IQisqrtTable
003fe352    ff8d (003fe340)     _IQsqrtTable

003fe454    ff91 (003fe440)     _IQatan2HalfPITable
003fe454    ff91 (003fe440)     _IQisqrtTableEnd
003fe454    ff91 (003fe440)     _IQsqrtTableEnd

003fe492    ff92 (003fe480)     _IQatan2Table

003fe618    ff98 (003fe600)     _IQ30mpyRndSatTable
003fe618    ff98 (003fe600)     _IQatan2TableEnd
003fe618    ff98 (003fe600)     _IQmpyRndSatTable
003fe624    ff98 (003fe600)     _IQ29mpyRndSatTable
003fe630    ff98 (003fe600)     _IQ28mpyRndSatTable
003fe63c    ff98 (003fe600)     _IQ27mpyRndSatTable

003fe648    ff99 (003fe640)     _IQ26mpyRndSatTable
003fe654    ff99 (003fe640)     _IQ25mpyRndSatTable
003fe660    ff99 (003fe640)     _IQ24mpyRndSatTable
003fe66c    ff99 (003fe640)     _IQ23mpyRndSatTable
003fe678    ff99 (003fe640)     _IQ22mpyRndSatTable

003fe684    ff9a (003fe680)     _IQ21mpyRndSatTable
003fe690    ff9a (003fe680)     _IQ20mpyRndSatTable
003fe69c    ff9a (003fe680)     _IQ19mpyRndSatTable
003fe6a8    ff9a (003fe680)     _IQ18mpyRndSatTable
003fe6b4    ff9a (003fe680)     _IQ17mpyRndSatTable

003fe6c0    ff9b (003fe6c0)     _IQ16mpyRndSatTable
003fe6cc    ff9b (003fe6c0)     _IQ15mpyRndSatTable
003fe6d8    ff9b (003fe6c0)     _IQ14mpyRndSatTable
003fe6e4    ff9b (003fe6c0)     _IQ13mpyRndSatTable
003fe6f0    ff9b (003fe6c0)     _IQ12mpyRndSatTable
003fe6fc    ff9b (003fe6c0)     _IQ11mpyRndSatTable

003fe708    ff9c (003fe700)     _IQ10mpyRndSatTable
003fe714    ff9c (003fe700)     _IQ9mpyRndSatTable
003fe720    ff9c (003fe700)     _IQ8mpyRndSatTable
003fe72c    ff9c (003fe700)     _IQ7mpyRndSatTable
003fe738    ff9c (003fe700)     _IQ6mpyRndSatTable

003fe744    ff9d (003fe740)     _IQ5mpyRndSatTable
003fe750    ff9d (003fe740)     _IQ4mpyRndSatTable
003fe75c    ff9d (003fe740)     _IQ3mpyRndSatTable
003fe768    ff9d (003fe740)     _IQ2mpyRndSatTable
003fe774    ff9d (003fe740)     _IQ1mpyRndSatTable

003fe780    ff9e (003fe780)     _IQmpyRndSatTableEnd


GLOBAL SYMBOLS: SORTED ALPHABETICALLY BY Name 

page  address   name                                             
----  -------   ----                                             
0     003ec000  .text                                            
0     003f2d67  C$$EXIT                                          
0     003f26af  FD$$ADD                                          
0     003f2d13  FD$$CMP                                          
0     003f274b  FD$$DIV                                          
0     003f285e  FD$$MPY                                          
0     003f301c  FD$$NEG                                          
0     003f2fcb  FD$$SUB                                          
0     003f2e6a  FD$$TOI                                          
0     003f2eab  FD$$TOL                                          
0     003f27d6  FS$$DIV                                          
0     003f2f23  FS$$TOFD                                         
0     003f2e48  I$$DIV                                           
0     003f2e59  I$$MOD                                           
0     003f2f06  I$$TOFD                                          
0     003f2d3d  L$$DIV                                           
0     003f2d4c  L$$MOD                                           
0     003f2f3f  L$$TOFD                                          
0     003f2f74  LL$$AND                                          
0     003f2eca  LL$$CMP                                          
0     003f1e55  LL$$DIV                                          
0     003f1e91  LL$$MOD                                          
0     003f2f7c  LL$$OR                                           
0     003f2f84  LL$$XOR                                          
0     003f2ffe  U$$DIV                                           
0     003f3003  U$$MOD                                           
0     003f2d5a  UL$$DIV                                          
0     003f2d61  UL$$MOD                                          
0     003f2edc  ULL$$CMP                                         
0     003f1ecb  ULL$$DIV                                         
0     003f1efa  ULL$$MOD                                         
0     003f17e3  _ADC_disable                                     
0     003f17d9  _ADC_disableBandGap                              
0     003f17c2  _ADC_disableInt                                  
0     003f17b8  _ADC_disableNoOverlapMode                        
0     003f17ae  _ADC_disableRefBuffers                           
0     003f17a4  _ADC_disableVoltRefLoConv                        
0     003f179a  _ADC_enable                                      
0     003f1790  _ADC_enableBandGap                               
0     003f177a  _ADC_enableInt                                   
0     003f1770  _ADC_enableNoOverlapMode                         
0     003f1766  _ADC_enableRefBuffers                            
0     003f175c  _ADC_enableVoltRefLoConv                         
0     003f1754  _ADC_getDivideSelect                             
0     003f174c  _ADC_init                                        
0     003f1742  _ADC_powerDown                                   
0     003f1738  _ADC_powerUp                                     
0     003f172e  _ADC_reset                                       
0     003f171d  _ADC_setDivideSelect                             
0     003f16fc  _ADC_setIntMode                                  
0     003f16eb  _ADC_setIntPulseGenMode                          
0     003f16ca  _ADC_setIntSrc                                   
0     003f16c3  _ADC_setOffTrim                                  
0     003f16ac  _ADC_setSampleMode                               
0     003f1699  _ADC_setSampleOverlapMode                        
0     003f1685  _ADC_setSocChanNumber                            
0     003f167b  _ADC_setSocFrc                                   
0     003f1674  _ADC_setSocFrcWord                               
0     003f1660  _ADC_setSocSampleDelay                           
0     003f164c  _ADC_setSocTrigSrc                               
0     003f163b  _ADC_setTempSensorSrc                            
0     003f162a  _ADC_setVoltRefSrc                               
0     003f15ff  _ADC_setupSocTrigSrc                             
0     003f1970  _CLK_disableAdcClock                             
0     003f1969  _CLK_disableClaClock                             
0     003f1963  _CLK_disableClkIn                                
0     003f195f  _CLK_disableCompClock                            
0     003f1958  _CLK_disableCpuTimerClock                        
0     003f1952  _CLK_disableCrystalOsc                           
0     003f194b  _CLK_disableEcanaClock                           
0     003f1944  _CLK_disableEcap1Clock                           
0     003f193d  _CLK_disableEqep1Clock                           
0     003f1936  _CLK_disableEqep2Clock                           
0     003f192f  _CLK_disableGpioInputClock                       
0     003f1928  _CLK_disableHrPwmClock                           
0     003f1921  _CLK_disableI2cClock                             
0     003f191a  _CLK_disableLinAClock                            
0     003f1914  _CLK_disableOsc1                                 
0     003f190e  _CLK_disableOsc1HaltMode                         
0     003f1908  _CLK_disableOsc2                                 
0     003f1902  _CLK_disableOsc2HaltMode                         
0     003f18f8  _CLK_disablePwmClock                             
0     003f18f1  _CLK_disableSciaClock                            
0     003f18ea  _CLK_disableScibClock                            
0     003f18e3  _CLK_disableSpiaClock                            
0     003f18df  _CLK_disableSpibClock                            
0     003f18d8  _CLK_disableTbClockSync                          
0     003f18d2  _CLK_disableWatchDogHaltMode                     
0     003f18cb  _CLK_enableAdcClock                              
0     003f18c4  _CLK_enableClaClock                              
0     003f18be  _CLK_enableClkIn                                 
0     003f18b8  _CLK_enableCompClock                             
0     003f18b2  _CLK_enableCpuTimerClock                         
0     003f18ac  _CLK_enableCrystalOsc                            
0     003f18a5  _CLK_enableEcanaClock                            
0     003f189e  _CLK_enableEcap1Clock                            
0     003f1897  _CLK_enableEqep1Clock                            
0     003f1890  _CLK_enableEqep2Clock                            
0     003f1889  _CLK_enableGpioInputClock                        
0     003f1882  _CLK_enableHrPwmClock                            
0     003f187b  _CLK_enableI2cClock                              
0     003f1874  _CLK_enableLinAClock                             
0     003f186e  _CLK_enableOsc1                                  
0     003f1868  _CLK_enableOsc1HaltMode                          
0     003f1862  _CLK_enableOsc2                                  
0     003f185c  _CLK_enableOsc2HaltMode                          
0     003f1853  _CLK_enablePwmClock                              
0     003f184c  _CLK_enableSciaClock                             
0     003f1845  _CLK_enableScibClock                             
0     003f183e  _CLK_enableSpiaClock                             
0     003f1837  _CLK_enableSpibClock                             
0     003f1830  _CLK_enableTbClockSync                           
0     003f182a  _CLK_enableWatchDogHaltMode                      
0     003f1824  _CLK_init                                        
0     003f181d  _CLK_setClkOutPreScaler                          
0     003f1817  _CLK_setLowSpdPreScaler                          
0     003f1810  _CLK_setOsc2Src                                  
0     003f1809  _CLK_setOscSrc                                   
0     003f1802  _CLK_setTimer2PreScale                           
0     003f17fb  _CLK_setTimer2Src                                
0     003f17f4  _CLK_setWatchDogSrc                              
0     003f17ed  _CLK_setXClkInSrc                                
0     003f2dd8  _CPU_clearIntFlags                               
0     003f2dd5  _CPU_disableDebugInt                             
0     003f2dd2  _CPU_disableGlobalInts                           
0     003f2dcd  _CPU_disableInt                                  
0     003f2dca  _CPU_disableInts                                 
0     003f2dc7  _CPU_disableProtectedRegisterWrite               
0     003f2dc4  _CPU_enableDebugInt                              
0     003f2dc1  _CPU_enableGlobalInts                            
0     003f2dbd  _CPU_enableInt                                   
0     003f2dba  _CPU_enableProtectedRegisterWrite                
0     003f2db6  _CPU_init                                        
0     003efd40  _CTRL_getGains                                   
0     003efd39  _CTRL_getIab_filt_pu                             
0     003efd32  _CTRL_getIab_in_pu                               
0     003efd2b  _CTRL_getIdq_in_pu                               
0     003efd24  _CTRL_getIdq_ref_pu                              
0     003efd7b  _CTRL_getMagCurrent_pu                           
0     003efd78  _CTRL_getMaximumSpeed_pu                         
0     003efd1d  _CTRL_getVab_in_pu                               
0     003efd16  _CTRL_getVab_out_pu                              
0     003efd0f  _CTRL_getVdq_out_pu                              
abs   003fa721  _CTRL_getVersion                                 
0     003efd06  _CTRL_getWaitTimes                               
abs   003fa6fb  _CTRL_initCtrl                                   
0     0000800c  _CTRL_run                                        
0     003efa08  _CTRL_runOnLine_User                             
abs   003fa5d1  _CTRL_runTraj                                    
abs   003f9e64  _CTRL_setEstParams                               
0     003ef775  _CTRL_setGains                                   
0     003efd75  _CTRL_setMagCurrent_pu                           
0     003efd72  _CTRL_setMaximumSpeed_pu                         
0     003ef79f  _CTRL_setParams                                  
0     003ef762  _CTRL_setSpd_ref_krpm                            
0     003ef75f  _CTRL_setSpd_ref_pu                              
abs   003f9d31  _CTRL_setUserMotorParams                         
0     003ef756  _CTRL_setWaitTimes                               
0     00008000  _CTRL_setup                                      
0     003ef73a  _CTRL_setupClarke_I                              
0     003ef724  _CTRL_setupClarke_V                              
abs   003f9b43  _CTRL_setupCtrl                                  
abs   003f99a5  _CTRL_setupEstIdleState                          
abs   003f996a  _CTRL_setupEstOnLineState                        
abs   003f9806  _CTRL_setupTraj                                  
0     003ef672  _CTRL_updateState                                
0     003f243a  _CheckPacketFormat                               
0     003f2418  _CheckPacketFormat0                              
0     003ecd3d  _ConvertAddingPoint                              
0     003ecce1  _ConvertToUnit                                   
0     003ed08f  _ConverterToEditValueString                      
0     003ecebb  _ConverterToValueString                          
0     003ecf3f  _ConvertrToI16EditValueString                    
0     003ecd55  _ConvertrToI16ValueString                        
0     003ecfdb  _ConvertrToI8EditValueString                     
0     003ecdf5  _ConvertrToI8ValueString                         
0     003ecf88  _ConvertrToU16EditValueString                    
0     003ecda2  _ConvertrToU16ValueString                        
0     003ed03a  _ConvertrToU8EditValueString                     
0     003ece54  _ConvertrToU8ValueString                         
0     003f2fbd  _DATALOG_init                                    
0     003ed2e4  _DATA_CalCRC16                                   
0     003ec01e  _DATA_ConvertToCnt                               
0     003ed2dd  _DATA_Delay                                      
0     003ed2db  _DATA_HiByte                                     
0     003ec05d  _DATA_InRange                                    
0     003ed2d9  _DATA_LoByte                                     
0     003ed2d4  _DATA_MakeWord                                   
0     003ed2ce  _DATA_min                                        
0     003ec744  _DM_ConvtoKrpm                                   
0     003ec07c  _DM_FreeRun                                      
0     003ecaf3  _DM_RampStop                                     
0     003ec8d5  _DM_TerminalStatus                               
0     003ed2c9  _DM_autotuneEnd                                  
0     003ed2c0  _DM_autotunePrepStart                            
0     003ed2b2  _DM_autotuneStart                                
0     003ec1fd  _DM_calcPIgains                                  
0     003eccbf  _DM_convTripCodeToDescIndex                      
0     003ed281  _DM_findGroupFunctionCellIndex                   
0     003ed265  _DM_findGroupFunctionIndex                       
0     003ed262  _DM_getAccessLevel                               
0     003ed25b  _DM_getAutotuneState                             
0     003ec7c0  _DM_getCallbackCurrentOut                        
0     003ec6f6  _DM_getCallbackCurrentU                          
0     003ec6e4  _DM_getCallbackCurrentV                          
0     003ec6d2  _DM_getCallbackCurrentW                          
0     003ec788  _DM_getCallbackDCBus                             
0     003ec769  _DM_getCallbackEnc1OutRpm                        
0     003ec769  _DM_getCallbackEnc2OutRpm                        
0     003ec6bc  _DM_getCallbackExtAd1                            
0     003ec6b1  _DM_getCallbackExtAd2                            
0     003ec6a6  _DM_getCallbackExtAd3                            
0     003ec69b  _DM_getCallbackExtAd4                            
0     003ec690  _DM_getCallbackExtAd5                            
0     003ec685  _DM_getCallbackExtAd6                            
0     003ec6c7  _DM_getCallbackExtTemp                           
0     003ec7da  _DM_getCallbackFreqOutHz                         
0     003ec77a  _DM_getCallbackFreqOutRpm                        
0     003ec75b  _DM_getCallbackHallOutRpm                        
0     003ec73e  _DM_getCallbackInputTerm                         
0     003ec79c  _DM_getCallbackPowerOut                          
0     003ec7af  _DM_getCallbackTorqueOut                         
0     003ec681  _DM_getCallbackVersion                           
0     003ec72c  _DM_getCallbackVoltageU                          
0     003ec71a  _DM_getCallbackVoltageV                          
0     003ec708  _DM_getCallbackVoltageW                          
0     003ed257  _DM_getCellSizeNo                                
0     003ecd1f  _DM_getCellValue                                 
0     003ec8a1  _DM_getFunCell                                   
0     003ec897  _DM_getFunction                                  
0     003ed253  _DM_getFunctionSizeNo                            
0     003ec88c  _DM_getGroup                                     
0     003ed24f  _DM_getGroupSizeNo                               
0     003ed248  _DM_getInitModeLevel                             
0     003ec8e4  _DM_getLocalCurrentRef                           
0     003ec91e  _DM_getLocalFreqRef                              
0     003ec884  _DM_getMode                                      
0     003ed23e  _DM_getModeName                                  
0     003ed236  _DM_getModeSizeNo                                
0     003ed234  _DM_getOperModeSizeNo                            
0     003ec8ec  _DM_getRemoteCurrentRef                          
0     003ec94d  _DM_getRemoteFreqRef                             
0     003ed230  _DM_getRunIdentifySignal                         
0     003ed1e4  _DM_getToValueInt32                              
0     003ed1bf  _DM_getTotalCellSizeNo                           
0     003ed1a8  _DM_getTotalFunctionSizeNo                       
0     003ed139  _DM_init                                         
0     003ed12e  _DM_isWrite                                      
0     003ed0b1  _DM_outEditCell                                  
0     003ecee9  _DM_outFunCell                                   
0     003ecca4  _DM_outFunction                                  
0     003ecc8b  _DM_outGroup                                     
0     003ecc5e  _DM_outInverterTripName1                         
0     003ecc31  _DM_outInverterTripName2                         
0     003ecb77  _DM_run                                          
0     003ec097  _DM_runEmergyStop                                
0     003ecb2d  _DM_runOperation                                 
0     003ec9f3  _DM_runRefLimit                                  
0     003ec993  _DM_saveBiasParameters                           
0     003ec161  _DM_saveMotorParameters                          
0     003ec09e  _DM_saveToEEprom                                 
0     003ec0b0  _DM_setCallbackAccTime                           
0     003ec673  _DM_setCallbackBLDCtoFOC                         
0     003ec7bd  _DM_setCallbackCtlLoop                           
0     003ec665  _DM_setCallbackFOCtoBLDC                         
0     003ec13d  _DM_setCallbackFluxEstHz                         
0     003ec5f3  _DM_setCallbackIndAxisD                          
0     003ec5cd  _DM_setCallbackIndAxisQ                          
0     003ec119  _DM_setCallbackIndEstCurrent                     
0     003ec53f  _DM_setCallbackKiSpeed                           
0     003ec46b  _DM_setCallbackKi_BLDC                           
0     003ec4fd  _DM_setCallbackKi_Id                             
0     003ec4bb  _DM_setCallbackKi_Iq                             
0     003ec560  _DM_setCallbackKpSpeed                           
0     003ec493  _DM_setCallbackKp_BLDC                           
0     003ec51e  _DM_setCallbackKp_Id                             
0     003ec4dc  _DM_setCallbackKp_Iq                             
0     003ec581  _DM_setCallbackMagnetCur                         
0     003ec0d1  _DM_setCallbackMaxCurrent                        
0     003ec365  _DM_setCallbackMotorModel                        
0     003ec5a7  _DM_setCallbackRatedFlux                         
0     003ec992  _DM_setCallbackReferenceSel                      
0     003ec0f5  _DM_setCallbackResEstCurrent                     
0     003ec619  _DM_setCallbackResRotor                          
0     003ec63f  _DM_setCallbackResStator                         
0     003ec979  _DM_setFreqRef                                   
0     003ec987  _DM_setInputRef                                  
0     003ec910  _DM_setTorqueRef                                 
0     003ec8ab  _DM_setValue                                     
0     003ec7f4  _DM_setup                                        
0     003ec051  _DM_toggleLocalRemoteMode                        
0     003ec029  _DM_transSpeedPu                                 
0     003ec025  _Data_GetDelayCnt                                
0     003ec01f  _Data_SetDelayCnt                                
0     003eef87  _DetermineBlinkDig                               
0     003f216b  _EEPROM_Read                                     
0     003f21ea  _EEPROM_ReadPage                                 
0     003f2150  _EEPROM_Write                                    
0     003f21b5  _EEPROM_WritePage                                
0     003f2192  _EEPROM_WriteVerify                              
0     003f214a  _EEPROM_init                                     
0     003f2146  _EEPROM_setup                                    
0     003f1de8  _ENC_calcElecAngle                               
0     003f1e4a  _ENC_getSpeedKRPM                                
0     003f1e44  _ENC_init                                        
0     003f1e03  _ENC_run                                         
0     003f1d38  _ENC_setup                                       
abs   003f9760  _EST_doCurrentCtrl                               
abs   003f9758  _EST_doSpeedCtrl                                 
abs   003f8c0d  _EST_getAngle_pu                                 
abs   003f96be  _EST_getFlux_VpHz                                
abs   003f96ab  _EST_getFlux_pu                                  
abs   003f968e  _EST_getFm_pu                                    
abs   003f9632  _EST_getIdRated                                  
abs   003f95ff  _EST_getLs_coarse_max_pu                         
abs   003f95f5  _EST_getLs_d_H                                   
abs   003f95f0  _EST_getLs_d_pu                                  
abs   003f95ce  _EST_getLs_q_H                                   
abs   003f95c9  _EST_getLs_q_pu                                  
abs   003f95bd  _EST_getMaxCurrentSlope_pu                       
abs   003f95b3  _EST_getOneOverDcBus_pu                          
abs   003f95ad  _EST_getRr_Ohm                                   
abs   003f9513  _EST_getRs_Ohm                                   
abs   003f94c6  _EST_getSpeed_krpm                               
abs   003f861b  _EST_getState                                    
abs   003f9458  _EST_get_krpm_to_pu_sf                           
abs   003f9453  _EST_get_pu_to_krpm_sf                           
abs   003f938d  _EST_isError                                     
abs   003f9386  _EST_isIdle                                      
abs   003f937f  _EST_isLockRotor                                 
abs   003f8679  _EST_isMotorIdentified                           
abs   003f9378  _EST_isOnLine                                    
abs   003f927b  _EST_run                                         
abs   003f8bdb  _EST_setFlag_enableForceAngle                    
abs   003f8bd3  _EST_setFlag_enableRsRecalc                      
abs   003f8b80  _EST_setId_ref_pu                                
abs   003f8b7a  _EST_setIdle                                     
abs   003f8b67  _EST_setIdle_all                                 
abs   003f8b63  _EST_setIq_ref_pu                                
abs   003f8b45  _EST_setLs_d_pu                                  
abs   003f8af1  _EST_setLs_qFmt                                  
abs   003f8ae7  _EST_setLs_q_pu                                  
abs   003f8adb  _EST_setMaxCurrentSlope_pu                       
abs   003f8a18  _EST_setRs_pu                                    
abs   003f89f5  _EST_updateId_ref_pu                             
abs   003f8713  _EST_updateState                                 
abs   003f861d  _EST_useZeroIq_ref                               
0     003f2dfd  _FILTER_FO_getDenCoeffs                          
0     003f2df4  _FILTER_FO_getInitialConditions                  
0     003f2dee  _FILTER_FO_getNumCoeffs                          
0     003f2de8  _FILTER_FO_init                                  
0     003f2de6  _FILTER_FO_setDenCoeffs                          
0     003f2ddf  _FILTER_FO_setInitialConditions                  
0     003f2ddb  _FILTER_FO_setNumCoeffs                          
0     003f2b42  _FILTER_init                                     
0     003f2b0a  _FILTER_setupCoeffs                              
0     003f2ea5  _FLASH_clear3VStatus                             
0     0000834b  _FLASH_disablePipelineMode                       
0     00008345  _FLASH_enablePipelineMode                        
[...]
0     003f3f32  _g_dmFunCellU2_04                                
0     003f3f4c  _g_dmFunCellU2_05                                
0     003f3f66  _g_dmFunCellb1_01                                
0     003f3f80  _g_dmFunCellb1_02                                
0     003f3f9a  _g_dmFunCellb1_03                                
0     003f3fb4  _g_dmFunCellb1_04                                
0     003f3fce  _g_dmFunCellb1_05                                
0     003f3fe8  _g_dmFunCellb1_06                                
0     003f4002  _g_dmFunCellb1_07                                
0     003f401c  _g_dmFunCellb2_01                                
0     003f4036  _g_dmFunCellb2_02                                
0     003f4050  _g_dmFunCellb2_03                                
0     003f406a  _g_dmFunD1                                       
0     003f4084  _g_dmFunD2                                       
0     003f409e  _g_dmFunD3                                       
0     003f40b8  _g_dmFunU1                                       
0     003f40d2  _g_dmFunU2                                       
0     003f40ec  _g_dmFunb1                                       
0     003f4106  _g_dmFunb2                                       
0     003f4120  _g_dmGroupA                                      
0     003f413a  _g_dmGroupC                                      
0     003f4154  _g_dmGroupD                                      
0     003f416e  _g_dmGroupU                                      
0     003f4188  _g_dmGroupb                                      
0     003f41a2  _g_dmModeAutotuning                              
0     003f41ba  _g_dmModeInitialize                              
0     003f41d2  _g_dmModeOperation                               
0     003f41ea  _g_dmModeProgram                                 
0     003f4212  _g_dmCellAccTime                                 
0     003f4220  _g_dmCellAccessLvl                               
0     003f422e  _g_dmCellBLDC2FOC                                
0     003f423c  _g_dmCellCtlLoop                                 
0     003f424a  _g_dmCellCtlMethod                               
0     003f4258  _g_dmCellCurrentMax                              
0     003f4266  _g_dmCellCurrentOut                              
0     003f4274  _g_dmCellCurrentRef                              
0     003f4282  _g_dmCellCurrentU                                
0     003f4290  _g_dmCellCurrentV                                
0     003f429e  _g_dmCellCurrentW                                
0     003f42ac  _g_dmCellDCBus                                   
0     003f42ba  _g_dmCellDCBusMax                                
0     003f42c8  _g_dmCellDCBusMin                                
0     003f42d6  _g_dmCellExtAd1                                  
0     003f42e4  _g_dmCellExtAd2                                  
0     003f42f2  _g_dmCellExtAd3                                  
0     003f4300  _g_dmCellExtAd4                                  
0     003f430e  _g_dmCellExtAd5                                  
0     003f431c  _g_dmCellExtAd6                                  
0     003f432a  _g_dmCellExtTemp                                 
0     003f4338  _g_dmCellFOC2BLDC                                
0     003f4346  _g_dmCellFactory                                 
0     003f4354  _g_dmCellFluxEstHz                               
0     003f4362  _g_dmCellFreqOut                                 
0     003f4370  _g_dmCellFreqRef                                 
0     003f437e  _g_dmCellIBias1                                  
0     003f438c  _g_dmCellIBias2                                  
0     003f439a  _g_dmCellIBias3                                  
0     003f43a8  _g_dmCellIndAxisD                                
0     003f43b6  _g_dmCellIndAxisQ                                
0     003f43c4  _g_dmCellIndEstCurrent                           
0     003f43d2  _g_dmCellInitial                                 
0     003f43e0  _g_dmCellInputTerm                               
0     003f43ee  _g_dmCellKi_BLDC                                 
0     003f43fc  _g_dmCellKi_Id                                   
0     003f440a  _g_dmCellKi_Iq                                   
0     003f4418  _g_dmCellKi_Speed                                
0     003f4426  _g_dmCellKp_BLDC                                 
0     003f4434  _g_dmCellKp_Id                                   
0     003f4442  _g_dmCellKp_Iq                                   
0     003f4450  _g_dmCellKp_Speed                                
0     003f445e  _g_dmCellMagnetCur                               
0     003f446c  _g_dmCellMaxCurrent                              
0     003f447a  _g_dmCellMotorModel                              
0     003f4488  _g_dmCellMotorSpd                                
0     003f4496  _g_dmCellMotorSpdEnc1                            
0     003f44a4  _g_dmCellMotorSpdEnc2                            
0     003f44b2  _g_dmCellMotorSpdHall                            
0     003f44c0  _g_dmCellMotorType                               
0     003f44ce  _g_dmCellOperationSel                            
0     003f44dc  _g_dmCellOutputTerm                              
0     003f44ea  _g_dmCellPolePair                                
0     003f44f8  _g_dmCellPowerOut                                
0     003f4506  _g_dmCellRatedFlux                               
0     003f4514  _g_dmCellReferenceSel                            
0     003f4522  _g_dmCellResEstCurrent                           
0     003f4530  _g_dmCellResRotor                                
0     003f453e  _g_dmCellResStator                               
0     003f454c  _g_dmCellReserved                                
0     003f455a  _g_dmCellReverseProhibit                         
0     003f4568  _g_dmCellStopMethod                              
0     003f4576  _g_dmCellTorqueOut                               
0     003f4584  _g_dmCellVBias1                                  
0     003f4592  _g_dmCellVBias2                                  
0     003f45a0  _g_dmCellVBias3                                  
0     003f45ae  _g_dmCellVersion                                 
0     003f45bc  _g_dmCellVoltageU                                
0     003f45ca  _g_dmCellVoltageV                                
0     003f45d8  _g_dmCellVoltageW                                
0     003f45e6  _g_dmTripTrace1                                  
0     003f45f4  _g_dmTripTrace2                                  
0     003f4602  _g_dmTripTrace3                                  
0     003f4610  _g_dmTripTrace4                                  
0     003f461e  _g_dmTripTrace5                                  
0     003f4688  ___cinit__                                       
0     003f4688  cinit                                            
0     003f485a  __IQ24div                                        
0     003f48a1  __IQ24sqrt                                       
0     003f48e3  __IQ24sinPU                                      
0     003f490c  __IQ24cosPU                                      
0     003f4933  __IQ24toF                                        
0     003f4949  __IQ30toF                                        
0     003f495f  __IQ24mpyI32int                                  
0     003f7ff6  code_start                                       
0     003fdc30  _IQsinTable                                      
0     003fdd30  _IQcosTable                                      
0     003fe030  _IQsinTableEnd                                   
0     003fe132  _IQcosTableEnd                                   
0     003fe132  _IQdivRoundSatTable                              
0     003fe140  _IQdivTable                                      
0     003fe342  _IQdivTableEnd                                   
0     003fe342  _IQisqrtRoundSatTable                            
0     003fe342  _IQsqrtRoundSatTable                             
0     003fe352  _IQisqrtTable                                    
0     003fe352  _IQsqrtTable                                     
0     003fe454  _IQatan2HalfPITable                              
0     003fe454  _IQisqrtTableEnd                                 
0     003fe454  _IQsqrtTableEnd                                  
0     003fe492  _IQatan2Table                                    
0     003fe618  _IQ30mpyRndSatTable                              
0     003fe618  _IQatan2TableEnd                                 
0     003fe618  _IQmpyRndSatTable                                
0     003fe624  _IQ29mpyRndSatTable                              
0     003fe630  _IQ28mpyRndSatTable                              
0     003fe63c  _IQ27mpyRndSatTable                              
0     003fe648  _IQ26mpyRndSatTable                              
0     003fe654  _IQ25mpyRndSatTable                              
0     003fe660  _IQ24mpyRndSatTable                              
0     003fe66c  _IQ23mpyRndSatTable                              
0     003fe678  _IQ22mpyRndSatTable                              
0     003fe684  _IQ21mpyRndSatTable                              
0     003fe690  _IQ20mpyRndSatTable                              
0     003fe69c  _IQ19mpyRndSatTable                              
0     003fe6a8  _IQ18mpyRndSatTable                              
0     003fe6b4  _IQ17mpyRndSatTable                              
0     003fe6c0  _IQ16mpyRndSatTable                              
0     003fe6cc  _IQ15mpyRndSatTable                              
0     003fe6d8  _IQ14mpyRndSatTable                              
0     003fe6e4  _IQ13mpyRndSatTable                              
0     003fe6f0  _IQ12mpyRndSatTable                              
0     003fe6fc  _IQ11mpyRndSatTable                              
0     003fe708  _IQ10mpyRndSatTable                              
0     003fe714  _IQ9mpyRndSatTable                               
0     003fe720  _IQ8mpyRndSatTable                               
0     003fe72c  _IQ7mpyRndSatTable                               
0     003fe738  _IQ6mpyRndSatTable                               
0     003fe744  _IQ5mpyRndSatTable                               
0     003fe750  _IQ4mpyRndSatTable                               
0     003fe75c  _IQ3mpyRndSatTable                               
0     003fe768  _IQ2mpyRndSatTable                               
0     003fe774  _IQ1mpyRndSatTable                               
0     003fe780  _IQmpyRndSatTableEnd                             
1     00000050  __stack                                          
1     00000400  __STACK_END                                      
1     00008c01  _gu16Counter_updateGlobals                       
1     00008c02  _bFlag_Latch_softwareUpdate                      
1     00008c03  _gModbusObj                                      
1     00008c04  _gpCtlObj                                        
1     00008c06  _giqMaxCurrentSlope                              
1     00008c08  _gI2cMessageHandle                               
1     00008c0a  _gModbusHandle                                   
1     00008c0c  _gEepromHandle                                   
1     00008c0e  _gCtrlHandle                                     
1     00008c10  _gHalHandle                                      
1     00008c12  _giqTorque_Flux_Iq_pu_to_Nm_sf                   
1     00008c14  _giqTorque_Ls_Id_Iq_pu_to_Nm_sf                  
1     00008c16  _giqFlux_pu_to_VpHz_sf                           
1     00008c18  _giqFlux_pu_to_Wb_sf                             
1     00008c1a  _gHallBLDCHandle                                 
1     00008c1c  _gOperHandle                                     
1     00008c1e  _gEncHandle                                      
1     00008c20  _gIoexpandHandle                                 
1     00008c22  _gThrottleHandle                                 
1     00008c24  _gEepromObj                                      
1     00008c28  _gSciMessageHandle                               
1     00008c2c  _gPwmData                                        
1     00008c32  _gIoexpandObj                                    
1     00008c40  _gAdcData                                        
1     00008c5c  _gEncObj                                         
1     00008c80  _gDacData                                        
1     00008cc0  _gThrottleObj                                    
1     00008d00  _gOperObj                                        
1     00008d40  _gHallBLDCObj                                    
1     00008d80  _gI2cMessage                                     
1     00008e00  _gMotorVars                                      
1     00008e80  _gUserParams                                     
1     00008f40  _gSciMessage                                     
1     00009008  _g_i32EditValue                                  
1     0000900a  _g_i32EditMinValue                               
1     0000900c  _g_i32EditMaxValue                               
1     0000900e  _g_i32DeltaValue                                 
1     00009010  _g_pOperObj                                      
1     00009012  _gDatalogHandle                                  
1     00009014  _gDatalog                                        
1     0000901e  _giqHall_PwmDuty                                 
1     00009020  _gai8Hall_PwmIndex                               
1     00009028  ___TI_enable_exit_profile_output                 
1     0000902a  ___TI_cleanup_ptr                                
1     0000902c  ___TI_dtors_ptr                                  
1     00009032  __lock                                           
1     00009034  __unlock                                         
1     00009036  _cpu                                             
1     00009037  _errno                                           
1     00009041  _g_u16DelayCnt                                   
1     00009042  _g_u16Reserved                                   
1     00009046  _g_dmGroupInitArray                              
1     00009048  _g_dmFunCellArrayA2                              
1     0000904a  _g_dmGroupOperArray                              
1     0000904c  _gdmHandle                                       
1     0000904e  _g_dmFunCellArrayD3                              
1     00009052  _g_dmFunAArray                                   
1     00009056  _g_dmFunCArray                                   
1     0000905a  _g_dmFunUArray                                   
1     0000905e  _g_dmFunbArray                                   
1     00009062  _g_dmFunCellArrayb2                              
1     00009068  _g_dmFunCellArrayA1                              
1     0000906e  _g_dmFunDArray                                   
1     00009074  _g_dmFunCellArrayC1                              
1     0000907a  _g_dmGroupProgArray                              
1     00009080  _g_dmModeArray                                   
1     000090de  _g_dmFunCellArrayU2                              
1     000090e8  _g_dmFunCellArrayC2                              
1     00009100  _g_dmFunCellArrayb1                              
1     0000910e  _g_dmFunCellArrayD2                              
1     0000911e  _g_dmFunCellArrayD1                              
1     00009140  _g_dmFunCellArrayU1                              
1     00009180  _gdmObj                                          
1     00009240  _ghal                                            
1     0000c000  _ai32DatalogBuff2                                
1     0000c340  _ai32DatalogBuff1                                
1     0000c680  _ai32DatalogBuff3                                
abs   000003b0  __STACK_SIZE                                     
abs   003f861b  _EST_getState                                    
abs   003f861d  _EST_useZeroIq_ref                               
abs   003f8679  _EST_isMotorIdentified                           
abs   003f8713  _EST_updateState                                 
abs   003f89f5  _EST_updateId_ref_pu                             
abs   003f8a18  _EST_setRs_pu                                    
abs   003f8adb  _EST_setMaxCurrentSlope_pu                       
abs   003f8ae7  _EST_setLs_q_pu                                  
abs   003f8af1  _EST_setLs_qFmt                                  
abs   003f8b45  _EST_setLs_d_pu                                  
abs   003f8b63  _EST_setIq_ref_pu                                
abs   003f8b67  _EST_setIdle_all                                 
abs   003f8b7a  _EST_setIdle                                     
abs   003f8b80  _EST_setId_ref_pu                                
abs   003f8bd3  _EST_setFlag_enableRsRecalc                      
abs   003f8bdb  _EST_setFlag_enableForceAngle                    
abs   003f8c0d  _EST_getAngle_pu                                 
abs   003f927b  _EST_run                                         
abs   003f9378  _EST_isOnLine                                    
abs   003f937f  _EST_isLockRotor                                 
abs   003f9386  _EST_isIdle                                      
abs   003f938d  _EST_isError                                     
abs   003f9453  _EST_get_pu_to_krpm_sf                           
abs   003f9458  _EST_get_krpm_to_pu_sf                           
abs   003f94c6  _EST_getSpeed_krpm                               
abs   003f9513  _EST_getRs_Ohm                                   
abs   003f95ad  _EST_getRr_Ohm                                   
abs   003f95b3  _EST_getOneOverDcBus_pu                          
abs   003f95bd  _EST_getMaxCurrentSlope_pu                       
abs   003f95c9  _EST_getLs_q_pu                                  
abs   003f95ce  _EST_getLs_q_H                                   
abs   003f95f0  _EST_getLs_d_pu                                  
abs   003f95f5  _EST_getLs_d_H                                   
abs   003f95ff  _EST_getLs_coarse_max_pu                         
abs   003f9632  _EST_getIdRated                                  
abs   003f968e  _EST_getFm_pu                                    
abs   003f96ab  _EST_getFlux_pu                                  
abs   003f96be  _EST_getFlux_VpHz                                
abs   003f9758  _EST_doSpeedCtrl                                 
abs   003f9760  _EST_doCurrentCtrl                               
abs   003f9806  _CTRL_setupTraj                                  
abs   003f996a  _CTRL_setupEstOnLineState                        
abs   003f99a5  _CTRL_setupEstIdleState                          
abs   003f9b43  _CTRL_setupCtrl                                  
abs   003f9d31  _CTRL_setUserMotorParams                         
abs   003f9e64  _CTRL_setEstParams                               
abs   003fa5d1  _CTRL_runTraj                                    
abs   003fa6fb  _CTRL_initCtrl                                   
abs   003fa721  _CTRL_getVersion                                 
abs   ffffffff  ___TI_pprof_out_hndl                             
abs   ffffffff  ___TI_prof_data_size                             
abs   ffffffff  ___TI_prof_data_start                            
abs   ffffffff  ___binit__                                       
abs   ffffffff  ___c_args__                                      
abs   ffffffff  ___pinit__                                       
abs   ffffffff  binit                                            
abs   ffffffff  pinit                                            

[1283 symbols]
