<?xml version="1.0" encoding="ISO-8859-1" ?>
<link_info>
   <banner>TMS320C2000 Linker PC v18.1.1.LTS</banner>
   <copyright>Copyright (c) 1996-2017 Texas Instruments Incorporated</copyright>
   <link_time>0x5b5db974</link_time>
   <link_errors>0x0</link_errors>
   <output_file>EV_28069M_Fpu32.out</output_file>
   <entry_point>
      <name>_c_int00</name>
      <address>0x3f2180</address>
   </entry_point>
   <input_file_list>
      <input_file id="fl-3">
         <path>.\</path>
         <kind>object</kind>
         <file>CodeStartBranch.obj</file>
         <name>CodeStartBranch.obj</name>
      </input_file>
      <input_file id="fl-4">
         <path>.\</path>
         <kind>object</kind>
         <file>Main.obj</file>
         <name>Main.obj</name>
      </input_file>
      <input_file id="fl-5">
         <path>.\</path>
         <kind>object</kind>
         <file>adc.obj</file>
         <name>adc.obj</name>
      </input_file>
      <input_file id="fl-6">
         <path>.\</path>
         <kind>object</kind>
         <file>clarke.obj</file>
         <name>clarke.obj</name>
      </input_file>
      <input_file id="fl-7">
         <path>.\</path>
         <kind>object</kind>
         <file>clk.obj</file>
         <name>clk.obj</name>
      </input_file>
      <input_file id="fl-8">
         <path>.\</path>
         <kind>object</kind>
         <file>cpu.obj</file>
         <name>cpu.obj</name>
      </input_file>
      <input_file id="fl-9">
         <path>.\</path>
         <kind>object</kind>
         <file>ctrlQEP.obj</file>
         <name>ctrlQEP.obj</name>
      </input_file>
      <input_file id="fl-a">
         <path>.\</path>
         <kind>object</kind>
         <file>datalog.obj</file>
         <name>datalog.obj</name>
      </input_file>
      <input_file id="fl-b">
         <path>.\</path>
         <kind>object</kind>
         <file>enc.obj</file>
         <name>enc.obj</name>
      </input_file>
      <input_file id="fl-c">
         <path>.\</path>
         <kind>object</kind>
         <file>filter.obj</file>
         <name>filter.obj</name>
      </input_file>
      <input_file id="fl-d">
         <path>.\</path>
         <kind>object</kind>
         <file>filter_fo.obj</file>
         <name>filter_fo.obj</name>
      </input_file>
      <input_file id="fl-e">
         <path>.\</path>
         <kind>object</kind>
         <file>flash.obj</file>
         <name>flash.obj</name>
      </input_file>
      <input_file id="fl-f">
         <path>.\</path>
         <kind>object</kind>
         <file>gpio.obj</file>
         <name>gpio.obj</name>
      </input_file>
      <input_file id="fl-10">
         <path>.\</path>
         <kind>object</kind>
         <file>hal.obj</file>
         <name>hal.obj</name>
      </input_file>
      <input_file id="fl-11">
         <path>.\</path>
         <kind>object</kind>
         <file>hallbldc.obj</file>
         <name>hallbldc.obj</name>
      </input_file>
      <input_file id="fl-12">
         <path>.\</path>
         <kind>object</kind>
         <file>i2c.obj</file>
         <name>i2c.obj</name>
      </input_file>
      <input_file id="fl-13">
         <path>.\</path>
         <kind>object</kind>
         <file>i2c_24lc32.obj</file>
         <name>i2c_24lc32.obj</name>
      </input_file>
      <input_file id="fl-14">
         <path>.\</path>
         <kind>object</kind>
         <file>i2c_lcd.obj</file>
         <name>i2c_lcd.obj</name>
      </input_file>
      <input_file id="fl-15">
         <path>.\</path>
         <kind>object</kind>
         <file>i2c_mcp23017.obj</file>
         <name>i2c_mcp23017.obj</name>
      </input_file>
      <input_file id="fl-16">
         <path>.\</path>
         <kind>object</kind>
         <file>i2c_message.obj</file>
         <name>i2c_message.obj</name>
      </input_file>
      <input_file id="fl-17">
         <path>.\</path>
         <kind>object</kind>
         <file>ipark.obj</file>
         <name>ipark.obj</name>
      </input_file>
      <input_file id="fl-18">
         <path>.\</path>
         <kind>object</kind>
         <file>memCopy.obj</file>
         <name>memCopy.obj</name>
      </input_file>
      <input_file id="fl-19">
         <path>.\</path>
         <kind>object</kind>
         <file>offset.obj</file>
         <name>offset.obj</name>
      </input_file>
      <input_file id="fl-1a">
         <path>.\</path>
         <kind>object</kind>
         <file>osc.obj</file>
         <name>osc.obj</name>
      </input_file>
      <input_file id="fl-1b">
         <path>.\</path>
         <kind>object</kind>
         <file>park.obj</file>
         <name>park.obj</name>
      </input_file>
      <input_file id="fl-1c">
         <path>.\</path>
         <kind>object</kind>
         <file>pid.obj</file>
         <name>pid.obj</name>
      </input_file>
      <input_file id="fl-1d">
         <path>.\</path>
         <kind>object</kind>
         <file>pie.obj</file>
         <name>pie.obj</name>
      </input_file>
      <input_file id="fl-1e">
         <path>.\</path>
         <kind>object</kind>
         <file>pll.obj</file>
         <name>pll.obj</name>
      </input_file>
      <input_file id="fl-1f">
         <path>.\</path>
         <kind>object</kind>
         <file>pwm.obj</file>
         <name>pwm.obj</name>
      </input_file>
      <input_file id="fl-20">
         <path>.\</path>
         <kind>object</kind>
         <file>pwr.obj</file>
         <name>pwr.obj</name>
      </input_file>
      <input_file id="fl-21">
         <path>.\</path>
         <kind>object</kind>
         <file>qep.obj</file>
         <name>qep.obj</name>
      </input_file>
      <input_file id="fl-22">
         <path>.\</path>
         <kind>object</kind>
         <file>sci.obj</file>
         <name>sci.obj</name>
      </input_file>
      <input_file id="fl-23">
         <path>.\</path>
         <kind>object</kind>
         <file>sci_message.obj</file>
         <name>sci_message.obj</name>
      </input_file>
      <input_file id="fl-24">
         <path>.\</path>
         <kind>object</kind>
         <file>sci_modbus.obj</file>
         <name>sci_modbus.obj</name>
      </input_file>
      <input_file id="fl-25">
         <path>.\</path>
         <kind>object</kind>
         <file>sci_operator.obj</file>
         <name>sci_operator.obj</name>
      </input_file>
      <input_file id="fl-26">
         <path>.\</path>
         <kind>object</kind>
         <file>spi.obj</file>
         <name>spi.obj</name>
      </input_file>
      <input_file id="fl-27">
         <path>.\</path>
         <kind>object</kind>
         <file>svgen.obj</file>
         <name>svgen.obj</name>
      </input_file>
      <input_file id="fl-28">
         <path>.\</path>
         <kind>object</kind>
         <file>throttle.obj</file>
         <name>throttle.obj</name>
      </input_file>
      <input_file id="fl-29">
         <path>.\</path>
         <kind>object</kind>
         <file>timer.obj</file>
         <name>timer.obj</name>
      </input_file>
      <input_file id="fl-2a">
         <path>.\</path>
         <kind>object</kind>
         <file>traj.obj</file>
         <name>traj.obj</name>
      </input_file>
      <input_file id="fl-2b">
         <path>.\</path>
         <kind>object</kind>
         <file>usDelay.obj</file>
         <name>usDelay.obj</name>
      </input_file>
      <input_file id="fl-2c">
         <path>.\</path>
         <kind>object</kind>
         <file>user.obj</file>
         <name>user.obj</name>
      </input_file>
      <input_file id="fl-2d">
         <path>.\</path>
         <kind>object</kind>
         <file>user_data.obj</file>
         <name>user_data.obj</name>
      </input_file>
      <input_file id="fl-2e">
         <path>.\</path>
         <kind>object</kind>
         <file>wdog.obj</file>
         <name>wdog.obj</name>
      </input_file>
      <input_file id="fl-33">
         <kind>object</kind>
         <file>&lt;internal&gt;</file>
         <name>&lt;internal&gt;</name>
      </input_file>
      <input_file id="fl-34">
         <path>D:\TI\ccsv8\tools\compiler\ti-cgt-c2000_18.1.1.LTS\lib\</path>
         <kind>archive</kind>
         <file>rts2800_fpu32.lib</file>
         <name>fd_mpy28.asm.obj</name>
      </input_file>
      <input_file id="fl-35">
         <path>D:\TI\ccsv8\tools\compiler\ti-cgt-c2000_18.1.1.LTS\lib\</path>
         <kind>archive</kind>
         <file>rts2800_fpu32.lib</file>
         <name>fd_tol28.asm.obj</name>
      </input_file>
      <input_file id="fl-36">
         <path>D:\TI\ccsv8\tools\compiler\ti-cgt-c2000_18.1.1.LTS\lib\</path>
         <kind>archive</kind>
         <file>rts2800_fpu32.lib</file>
         <name>fs_div28.asm.obj</name>
      </input_file>
      <input_file id="fl-37">
         <path>D:\TI\ccsv8\tools\compiler\ti-cgt-c2000_18.1.1.LTS\lib\</path>
         <kind>archive</kind>
         <file>rts2800_fpu32.lib</file>
         <name>fs_tofdfpu32.asm.obj</name>
      </input_file>
      <input_file id="fl-38">
         <path>D:\TI\ccsv8\tools\compiler\ti-cgt-c2000_18.1.1.LTS\lib\</path>
         <kind>archive</kind>
         <file>rts2800_fpu32.lib</file>
         <name>i_div28.asm.obj</name>
      </input_file>
      <input_file id="fl-39">
         <path>D:\TI\ccsv8\tools\compiler\ti-cgt-c2000_18.1.1.LTS\lib\</path>
         <kind>archive</kind>
         <file>rts2800_fpu32.lib</file>
         <name>l_div28.asm.obj</name>
      </input_file>
      <input_file id="fl-3a">
         <path>D:\TI\ccsv8\tools\compiler\ti-cgt-c2000_18.1.1.LTS\lib\</path>
         <kind>archive</kind>
         <file>rts2800_fpu32.lib</file>
         <name>u_div28.asm.obj</name>
      </input_file>
      <input_file id="fl-3b">
         <path>..\sw\modules\fast\lib\32b\f28x\f2806x\</path>
         <kind>archive</kind>
         <file>2806xRevB_FastSpinROMSymbols_fpu32.lib</file>
         <name>TMS320x2806x_REVB_boot_rom_out__CTRL_getVersion_tmp.obj</name>
      </input_file>
      <input_file id="fl-3c">
         <path>..\sw\modules\fast\lib\32b\f28x\f2806x\</path>
         <kind>archive</kind>
         <file>2806xRevB_FastSpinROMSymbols_fpu32.lib</file>
         <name>TMS320x2806x_REVB_boot_rom_out__CTRL_initCtrl_tmp.obj</name>
      </input_file>
      <input_file id="fl-3d">
         <path>..\sw\modules\fast\lib\32b\f28x\f2806x\</path>
         <kind>archive</kind>
         <file>2806xRevB_FastSpinROMSymbols_fpu32.lib</file>
         <name>TMS320x2806x_REVB_boot_rom_out__CTRL_runTraj_tmp.obj</name>
      </input_file>
      <input_file id="fl-3e">
         <path>..\sw\modules\fast\lib\32b\f28x\f2806x\</path>
         <kind>archive</kind>
         <file>2806xRevB_FastSpinROMSymbols_fpu32.lib</file>
         <name>TMS320x2806x_REVB_boot_rom_out__CTRL_setEstParams_tmp.obj</name>
      </input_file>
      <input_file id="fl-3f">
         <path>..\sw\modules\fast\lib\32b\f28x\f2806x\</path>
         <kind>archive</kind>
         <file>2806xRevB_FastSpinROMSymbols_fpu32.lib</file>
         <name>TMS320x2806x_REVB_boot_rom_out__CTRL_setUserMotorParams_tmp.obj</name>
      </input_file>
      <input_file id="fl-40">
         <path>..\sw\modules\fast\lib\32b\f28x\f2806x\</path>
         <kind>archive</kind>
         <file>2806xRevB_FastSpinROMSymbols_fpu32.lib</file>
         <name>TMS320x2806x_REVB_boot_rom_out__CTRL_setupCtrl_tmp.obj</name>
      </input_file>
      <input_file id="fl-41">
         <path>..\sw\modules\fast\lib\32b\f28x\f2806x\</path>
         <kind>archive</kind>
         <file>2806xRevB_FastSpinROMSymbols_fpu32.lib</file>
         <name>TMS320x2806x_REVB_boot_rom_out__CTRL_setupEstIdleState_tmp.obj</name>
      </input_file>
      <input_file id="fl-42">
         <path>..\sw\modules\fast\lib\32b\f28x\f2806x\</path>
         <kind>archive</kind>
         <file>2806xRevB_FastSpinROMSymbols_fpu32.lib</file>
         <name>TMS320x2806x_REVB_boot_rom_out__CTRL_setupEstOnLineState_tmp.obj</name>
      </input_file>
      <input_file id="fl-43">
         <path>..\sw\modules\fast\lib\32b\f28x\f2806x\</path>
         <kind>archive</kind>
         <file>2806xRevB_FastSpinROMSymbols_fpu32.lib</file>
         <name>TMS320x2806x_REVB_boot_rom_out__CTRL_setupTraj_tmp.obj</name>
      </input_file>
      <input_file id="fl-44">
         <path>..\sw\modules\fast\lib\32b\f28x\f2806x\</path>
         <kind>archive</kind>
         <file>2806xRevB_FastSpinROMSymbols_fpu32.lib</file>
         <name>TMS320x2806x_REVB_boot_rom_out__EST_doCurrentCtrl_tmp.obj</name>
      </input_file>
      <input_file id="fl-45">
         <path>..\sw\modules\fast\lib\32b\f28x\f2806x\</path>
         <kind>archive</kind>
         <file>2806xRevB_FastSpinROMSymbols_fpu32.lib</file>
         <name>TMS320x2806x_REVB_boot_rom_out__EST_doSpeedCtrl_tmp.obj</name>
      </input_file>
      <input_file id="fl-46">
         <path>..\sw\modules\fast\lib\32b\f28x\f2806x\</path>
         <kind>archive</kind>
         <file>2806xRevB_FastSpinROMSymbols_fpu32.lib</file>
         <name>TMS320x2806x_REVB_boot_rom_out__EST_getAngle_pu_tmp.obj</name>
      </input_file>
      <input_file id="fl-47">
         <path>..\sw\modules\fast\lib\32b\f28x\f2806x\</path>
         <kind>archive</kind>
         <file>2806xRevB_FastSpinROMSymbols_fpu32.lib</file>
         <name>TMS320x2806x_REVB_boot_rom_out__EST_getFlux_VpHz_tmp.obj</name>
      </input_file>
      <input_file id="fl-48">
         <path>..\sw\modules\fast\lib\32b\f28x\f2806x\</path>
         <kind>archive</kind>
         <file>2806xRevB_FastSpinROMSymbols_fpu32.lib</file>
         <name>TMS320x2806x_REVB_boot_rom_out__EST_getFlux_pu_tmp.obj</name>
      </input_file>
      <input_file id="fl-49">
         <path>..\sw\modules\fast\lib\32b\f28x\f2806x\</path>
         <kind>archive</kind>
         <file>2806xRevB_FastSpinROMSymbols_fpu32.lib</file>
         <name>TMS320x2806x_REVB_boot_rom_out__EST_getFm_pu_tmp.obj</name>
      </input_file>
      <input_file id="fl-4a">
         <path>..\sw\modules\fast\lib\32b\f28x\f2806x\</path>
         <kind>archive</kind>
         <file>2806xRevB_FastSpinROMSymbols_fpu32.lib</file>
         <name>TMS320x2806x_REVB_boot_rom_out__EST_getIdRated_tmp.obj</name>
      </input_file>
      <input_file id="fl-4b">
         <path>..\sw\modules\fast\lib\32b\f28x\f2806x\</path>
         <kind>archive</kind>
         <file>2806xRevB_FastSpinROMSymbols_fpu32.lib</file>
         <name>TMS320x2806x_REVB_boot_rom_out__EST_getLs_coarse_max_pu_tmp.obj</name>
      </input_file>
      <input_file id="fl-4c">
         <path>..\sw\modules\fast\lib\32b\f28x\f2806x\</path>
         <kind>archive</kind>
         <file>2806xRevB_FastSpinROMSymbols_fpu32.lib</file>
         <name>TMS320x2806x_REVB_boot_rom_out__EST_getLs_d_H_tmp.obj</name>
      </input_file>
      <input_file id="fl-4d">
         <path>..\sw\modules\fast\lib\32b\f28x\f2806x\</path>
         <kind>archive</kind>
         <file>2806xRevB_FastSpinROMSymbols_fpu32.lib</file>
         <name>TMS320x2806x_REVB_boot_rom_out__EST_getLs_d_pu_tmp.obj</name>
      </input_file>
      <input_file id="fl-4e">
         <path>..\sw\modules\fast\lib\32b\f28x\f2806x\</path>
         <kind>archive</kind>
         <file>2806xRevB_FastSpinROMSymbols_fpu32.lib</file>
         <name>TMS320x2806x_REVB_boot_rom_out__EST_getLs_q_H_tmp.obj</name>
      </input_file>
      <input_file id="fl-4f">
         <path>..\sw\modules\fast\lib\32b\f28x\f2806x\</path>
         <kind>archive</kind>
         <file>2806xRevB_FastSpinROMSymbols_fpu32.lib</file>
         <name>TMS320x2806x_REVB_boot_rom_out__EST_getLs_q_pu_tmp.obj</name>
      </input_file>
      <input_file id="fl-50">
         <path>..\sw\modules\fast\lib\32b\f28x\f2806x\</path>
         <kind>archive</kind>
         <file>2806xRevB_FastSpinROMSymbols_fpu32.lib</file>
         <name>TMS320x2806x_REVB_boot_rom_out__EST_getMaxCurrentSlope_pu_tmp.obj</name>
      </input_file>
      <input_file id="fl-51">
         <path>..\sw\modules\fast\lib\32b\f28x\f2806x\</path>
         <kind>archive</kind>
         <file>2806xRevB_FastSpinROMSymbols_fpu32.lib</file>
         <name>TMS320x2806x_REVB_boot_rom_out__EST_getOneOverDcBus_pu_tmp.obj</name>
      </input_file>
      <input_file id="fl-52">
         <path>..\sw\modules\fast\lib\32b\f28x\f2806x\</path>
         <kind>archive</kind>
         <file>2806xRevB_FastSpinROMSymbols_fpu32.lib</file>
         <name>TMS320x2806x_REVB_boot_rom_out__EST_getRr_Ohm_tmp.obj</name>
      </input_file>
      <input_file id="fl-53">
         <path>..\sw\modules\fast\lib\32b\f28x\f2806x\</path>
         <kind>archive</kind>
         <file>2806xRevB_FastSpinROMSymbols_fpu32.lib</file>
         <name>TMS320x2806x_REVB_boot_rom_out__EST_getRs_Ohm_tmp.obj</name>
      </input_file>
      <input_file id="fl-54">
         <path>..\sw\modules\fast\lib\32b\f28x\f2806x\</path>
         <kind>archive</kind>
         <file>2806xRevB_FastSpinROMSymbols_fpu32.lib</file>
         <name>TMS320x2806x_REVB_boot_rom_out__EST_getSpeed_krpm_tmp.obj</name>
      </input_file>
      <input_file id="fl-55">
         <path>..\sw\modules\fast\lib\32b\f28x\f2806x\</path>
         <kind>archive</kind>
         <file>2806xRevB_FastSpinROMSymbols_fpu32.lib</file>
         <name>TMS320x2806x_REVB_boot_rom_out__EST_getState_tmp.obj</name>
      </input_file>
      <input_file id="fl-56">
         <path>..\sw\modules\fast\lib\32b\f28x\f2806x\</path>
         <kind>archive</kind>
         <file>2806xRevB_FastSpinROMSymbols_fpu32.lib</file>
         <name>TMS320x2806x_REVB_boot_rom_out__EST_get_krpm_to_pu_sf_tmp.obj</name>
      </input_file>
      <input_file id="fl-57">
         <path>..\sw\modules\fast\lib\32b\f28x\f2806x\</path>
         <kind>archive</kind>
         <file>2806xRevB_FastSpinROMSymbols_fpu32.lib</file>
         <name>TMS320x2806x_REVB_boot_rom_out__EST_get_pu_to_krpm_sf_tmp.obj</name>
      </input_file>
      <input_file id="fl-58">
         <path>..\sw\modules\fast\lib\32b\f28x\f2806x\</path>
         <kind>archive</kind>
         <file>2806xRevB_FastSpinROMSymbols_fpu32.lib</file>
         <name>TMS320x2806x_REVB_boot_rom_out__EST_isError_tmp.obj</name>
      </input_file>
      <input_file id="fl-59">
         <path>..\sw\modules\fast\lib\32b\f28x\f2806x\</path>
         <kind>archive</kind>
         <file>2806xRevB_FastSpinROMSymbols_fpu32.lib</file>
         <name>TMS320x2806x_REVB_boot_rom_out__EST_isIdle_tmp.obj</name>
      </input_file>
      <input_file id="fl-5a">
         <path>..\sw\modules\fast\lib\32b\f28x\f2806x\</path>
         <kind>archive</kind>
         <file>2806xRevB_FastSpinROMSymbols_fpu32.lib</file>
         <name>TMS320x2806x_REVB_boot_rom_out__EST_isLockRotor_tmp.obj</name>
      </input_file>
      <input_file id="fl-5b">
         <path>..\sw\modules\fast\lib\32b\f28x\f2806x\</path>
         <kind>archive</kind>
         <file>2806xRevB_FastSpinROMSymbols_fpu32.lib</file>
         <name>TMS320x2806x_REVB_boot_rom_out__EST_isMotorIdentified_tmp.obj</name>
      </input_file>
      <input_file id="fl-5c">
         <path>..\sw\modules\fast\lib\32b\f28x\f2806x\</path>
         <kind>archive</kind>
         <file>2806xRevB_FastSpinROMSymbols_fpu32.lib</file>
         <name>TMS320x2806x_REVB_boot_rom_out__EST_isOnLine_tmp.obj</name>
      </input_file>
      <input_file id="fl-5d">
         <path>..\sw\modules\fast\lib\32b\f28x\f2806x\</path>
         <kind>archive</kind>
         <file>2806xRevB_FastSpinROMSymbols_fpu32.lib</file>
         <name>TMS320x2806x_REVB_boot_rom_out__EST_run_tmp.obj</name>
      </input_file>
      <input_file id="fl-5e">
         <path>..\sw\modules\fast\lib\32b\f28x\f2806x\</path>
         <kind>archive</kind>
         <file>2806xRevB_FastSpinROMSymbols_fpu32.lib</file>
         <name>TMS320x2806x_REVB_boot_rom_out__EST_setFlag_enableForceAngle_tmp.obj</name>
      </input_file>
      <input_file id="fl-5f">
         <path>..\sw\modules\fast\lib\32b\f28x\f2806x\</path>
         <kind>archive</kind>
         <file>2806xRevB_FastSpinROMSymbols_fpu32.lib</file>
         <name>TMS320x2806x_REVB_boot_rom_out__EST_setFlag_enableRsRecalc_tmp.obj</name>
      </input_file>
      <input_file id="fl-60">
         <path>..\sw\modules\fast\lib\32b\f28x\f2806x\</path>
         <kind>archive</kind>
         <file>2806xRevB_FastSpinROMSymbols_fpu32.lib</file>
         <name>TMS320x2806x_REVB_boot_rom_out__EST_setId_ref_pu_tmp.obj</name>
      </input_file>
      <input_file id="fl-61">
         <path>..\sw\modules\fast\lib\32b\f28x\f2806x\</path>
         <kind>archive</kind>
         <file>2806xRevB_FastSpinROMSymbols_fpu32.lib</file>
         <name>TMS320x2806x_REVB_boot_rom_out__EST_setIdle_tmp.obj</name>
      </input_file>
      <input_file id="fl-62">
         <path>..\sw\modules\fast\lib\32b\f28x\f2806x\</path>
         <kind>archive</kind>
         <file>2806xRevB_FastSpinROMSymbols_fpu32.lib</file>
         <name>TMS320x2806x_REVB_boot_rom_out__EST_setIdle_all_tmp.obj</name>
      </input_file>
      <input_file id="fl-63">
         <path>..\sw\modules\fast\lib\32b\f28x\f2806x\</path>
         <kind>archive</kind>
         <file>2806xRevB_FastSpinROMSymbols_fpu32.lib</file>
         <name>TMS320x2806x_REVB_boot_rom_out__EST_setIq_ref_pu_tmp.obj</name>
      </input_file>
      <input_file id="fl-64">
         <path>..\sw\modules\fast\lib\32b\f28x\f2806x\</path>
         <kind>archive</kind>
         <file>2806xRevB_FastSpinROMSymbols_fpu32.lib</file>
         <name>TMS320x2806x_REVB_boot_rom_out__EST_setLs_d_pu_tmp.obj</name>
      </input_file>
      <input_file id="fl-65">
         <path>..\sw\modules\fast\lib\32b\f28x\f2806x\</path>
         <kind>archive</kind>
         <file>2806xRevB_FastSpinROMSymbols_fpu32.lib</file>
         <name>TMS320x2806x_REVB_boot_rom_out__EST_setLs_qFmt_tmp.obj</name>
      </input_file>
      <input_file id="fl-66">
         <path>..\sw\modules\fast\lib\32b\f28x\f2806x\</path>
         <kind>archive</kind>
         <file>2806xRevB_FastSpinROMSymbols_fpu32.lib</file>
         <name>TMS320x2806x_REVB_boot_rom_out__EST_setLs_q_pu_tmp.obj</name>
      </input_file>
      <input_file id="fl-67">
         <path>..\sw\modules\fast\lib\32b\f28x\f2806x\</path>
         <kind>archive</kind>
         <file>2806xRevB_FastSpinROMSymbols_fpu32.lib</file>
         <name>TMS320x2806x_REVB_boot_rom_out__EST_setMaxCurrentSlope_pu_tmp.obj</name>
      </input_file>
      <input_file id="fl-68">
         <path>..\sw\modules\fast\lib\32b\f28x\f2806x\</path>
         <kind>archive</kind>
         <file>2806xRevB_FastSpinROMSymbols_fpu32.lib</file>
         <name>TMS320x2806x_REVB_boot_rom_out__EST_setRs_pu_tmp.obj</name>
      </input_file>
      <input_file id="fl-69">
         <path>..\sw\modules\fast\lib\32b\f28x\f2806x\</path>
         <kind>archive</kind>
         <file>2806xRevB_FastSpinROMSymbols_fpu32.lib</file>
         <name>TMS320x2806x_REVB_boot_rom_out__EST_updateId_ref_pu_tmp.obj</name>
      </input_file>
      <input_file id="fl-6a">
         <path>..\sw\modules\fast\lib\32b\f28x\f2806x\</path>
         <kind>archive</kind>
         <file>2806xRevB_FastSpinROMSymbols_fpu32.lib</file>
         <name>TMS320x2806x_REVB_boot_rom_out__EST_updateState_tmp.obj</name>
      </input_file>
      <input_file id="fl-6b">
         <path>..\sw\modules\fast\lib\32b\f28x\f2806x\</path>
         <kind>archive</kind>
         <file>2806xRevB_FastSpinROMSymbols_fpu32.lib</file>
         <name>TMS320x2806x_REVB_boot_rom_out__EST_useZeroIq_ref_tmp.obj</name>
      </input_file>
      <input_file id="fl-6c">
         <path>..\sw\modules\iqmath\lib\f28x\float\</path>
         <kind>archive</kind>
         <file>IQmath_fpu32.lib</file>
         <name>IQ24cosPU.obj</name>
      </input_file>
      <input_file id="fl-6d">
         <path>..\sw\modules\iqmath\lib\f28x\float\</path>
         <kind>archive</kind>
         <file>IQmath_fpu32.lib</file>
         <name>IQmathTables.obj</name>
      </input_file>
      <input_file id="fl-6e">
         <path>..\sw\modules\iqmath\lib\f28x\float\</path>
         <kind>archive</kind>
         <file>IQmath_fpu32.lib</file>
         <name>IQ24div.obj</name>
      </input_file>
      <input_file id="fl-6f">
         <path>..\sw\modules\iqmath\lib\f28x\float\</path>
         <kind>archive</kind>
         <file>IQmath_fpu32.lib</file>
         <name>IQ24mpyI32int.obj</name>
      </input_file>
      <input_file id="fl-70">
         <path>..\sw\modules\iqmath\lib\f28x\float\</path>
         <kind>archive</kind>
         <file>IQmath_fpu32.lib</file>
         <name>IQ24sinPU.obj</name>
      </input_file>
      <input_file id="fl-71">
         <path>..\sw\modules\iqmath\lib\f28x\float\</path>
         <kind>archive</kind>
         <file>IQmath_fpu32.lib</file>
         <name>IQ24sqrt.obj</name>
      </input_file>
      <input_file id="fl-72">
         <path>..\sw\modules\iqmath\lib\f28x\float\</path>
         <kind>archive</kind>
         <file>IQmath_fpu32.lib</file>
         <name>IQ30toF.obj</name>
      </input_file>
      <input_file id="fl-73">
         <path>D:\TI\ccsv8\tools\compiler\ti-cgt-c2000_18.1.1.LTS\lib\</path>
         <kind>archive</kind>
         <file>rts2800_fpu32.lib</file>
         <name>boot28.asm.obj</name>
      </input_file>
      <input_file id="fl-74">
         <path>D:\TI\ccsv8\tools\compiler\ti-cgt-c2000_18.1.1.LTS\lib\</path>
         <kind>archive</kind>
         <file>rts2800_fpu32.lib</file>
         <name>args_main.c.obj</name>
      </input_file>
      <input_file id="fl-75">
         <path>D:\TI\ccsv8\tools\compiler\ti-cgt-c2000_18.1.1.LTS\lib\</path>
         <kind>archive</kind>
         <file>rts2800_fpu32.lib</file>
         <name>startup.c.obj</name>
      </input_file>
      <input_file id="fl-76">
         <path>D:\TI\ccsv8\tools\compiler\ti-cgt-c2000_18.1.1.LTS\lib\</path>
         <kind>archive</kind>
         <file>rts2800_fpu32.lib</file>
         <name>pre_init.c.obj</name>
      </input_file>
      <input_file id="fl-77">
         <path>D:\TI\ccsv8\tools\compiler\ti-cgt-c2000_18.1.1.LTS\lib\</path>
         <kind>archive</kind>
         <file>rts2800_fpu32.lib</file>
         <name>s_ceilf.c.obj</name>
      </input_file>
      <input_file id="fl-78">
         <path>D:\TI\ccsv8\tools\compiler\ti-cgt-c2000_18.1.1.LTS\lib\</path>
         <kind>archive</kind>
         <file>rts2800_fpu32.lib</file>
         <name>cpy_tbl.c.obj</name>
      </input_file>
      <input_file id="fl-79">
         <path>D:\TI\ccsv8\tools\compiler\ti-cgt-c2000_18.1.1.LTS\lib\</path>
         <kind>archive</kind>
         <file>rts2800_fpu32.lib</file>
         <name>exit.c.obj</name>
      </input_file>
      <input_file id="fl-7a">
         <path>D:\TI\ccsv8\tools\compiler\ti-cgt-c2000_18.1.1.LTS\lib\</path>
         <kind>archive</kind>
         <file>rts2800_fpu32.lib</file>
         <name>_lock.c.obj</name>
      </input_file>
      <input_file id="fl-7b">
         <path>D:\TI\ccsv8\tools\compiler\ti-cgt-c2000_18.1.1.LTS\lib\</path>
         <kind>archive</kind>
         <file>rts2800_fpu32.lib</file>
         <name>e_logf.c.obj</name>
      </input_file>
      <input_file id="fl-7c">
         <path>D:\TI\ccsv8\tools\compiler\ti-cgt-c2000_18.1.1.LTS\lib\</path>
         <kind>archive</kind>
         <file>rts2800_fpu32.lib</file>
         <name>errno.c.obj</name>
      </input_file>
      <input_file id="fl-7d">
         <path>D:\TI\ccsv8\tools\compiler\ti-cgt-c2000_18.1.1.LTS\lib\</path>
         <kind>archive</kind>
         <file>rts2800_fpu32.lib</file>
         <name>memcpy.c.obj</name>
      </input_file>
      <input_file id="fl-7e">
         <path>D:\TI\ccsv8\tools\compiler\ti-cgt-c2000_18.1.1.LTS\lib\</path>
         <kind>archive</kind>
         <file>rts2800_fpu32.lib</file>
         <name>e_powf.c.obj</name>
      </input_file>
      <input_file id="fl-7f">
         <path>D:\TI\ccsv8\tools\compiler\ti-cgt-c2000_18.1.1.LTS\lib\</path>
         <kind>archive</kind>
         <file>rts2800_fpu32.lib</file>
         <name>s_scalbnf.c.obj</name>
      </input_file>
      <input_file id="fl-80">
         <path>D:\TI\ccsv8\tools\compiler\ti-cgt-c2000_18.1.1.LTS\lib\</path>
         <kind>archive</kind>
         <file>rts2800_fpu32.lib</file>
         <name>s_copysignf.c.obj</name>
      </input_file>
      <input_file id="fl-81">
         <path>D:\TI\ccsv8\tools\compiler\ti-cgt-c2000_18.1.1.LTS\lib\</path>
         <kind>archive</kind>
         <file>rts2800_fpu32.lib</file>
         <name>sprintf.c.obj</name>
      </input_file>
      <input_file id="fl-82">
         <path>D:\TI\ccsv8\tools\compiler\ti-cgt-c2000_18.1.1.LTS\lib\</path>
         <kind>archive</kind>
         <file>rts2800_fpu32.lib</file>
         <name>_printfi.c.obj</name>
      </input_file>
      <input_file id="fl-83">
         <path>D:\TI\ccsv8\tools\compiler\ti-cgt-c2000_18.1.1.LTS\lib\</path>
         <kind>archive</kind>
         <file>rts2800_fpu32.lib</file>
         <name>fd_cmp28.asm.obj</name>
      </input_file>
      <input_file id="fl-84">
         <path>D:\TI\ccsv8\tools\compiler\ti-cgt-c2000_18.1.1.LTS\lib\</path>
         <kind>archive</kind>
         <file>rts2800_fpu32.lib</file>
         <name>fd_div28.asm.obj</name>
      </input_file>
      <input_file id="fl-85">
         <path>D:\TI\ccsv8\tools\compiler\ti-cgt-c2000_18.1.1.LTS\lib\</path>
         <kind>archive</kind>
         <file>rts2800_fpu32.lib</file>
         <name>fd_neg28.asm.obj</name>
      </input_file>
      <input_file id="fl-86">
         <path>D:\TI\ccsv8\tools\compiler\ti-cgt-c2000_18.1.1.LTS\lib\</path>
         <kind>archive</kind>
         <file>rts2800_fpu32.lib</file>
         <name>fd_sub28.asm.obj</name>
      </input_file>
      <input_file id="fl-87">
         <path>D:\TI\ccsv8\tools\compiler\ti-cgt-c2000_18.1.1.LTS\lib\</path>
         <kind>archive</kind>
         <file>rts2800_fpu32.lib</file>
         <name>fd_add28.asm.obj</name>
      </input_file>
      <input_file id="fl-88">
         <path>D:\TI\ccsv8\tools\compiler\ti-cgt-c2000_18.1.1.LTS\lib\</path>
         <kind>archive</kind>
         <file>rts2800_fpu32.lib</file>
         <name>fd_toi28.asm.obj</name>
      </input_file>
      <input_file id="fl-89">
         <path>D:\TI\ccsv8\tools\compiler\ti-cgt-c2000_18.1.1.LTS\lib\</path>
         <kind>archive</kind>
         <file>rts2800_fpu32.lib</file>
         <name>i_tofd28.asm.obj</name>
      </input_file>
      <input_file id="fl-8a">
         <path>D:\TI\ccsv8\tools\compiler\ti-cgt-c2000_18.1.1.LTS\lib\</path>
         <kind>archive</kind>
         <file>rts2800_fpu32.lib</file>
         <name>l_tofd28.asm.obj</name>
      </input_file>
      <input_file id="fl-8b">
         <path>D:\TI\ccsv8\tools\compiler\ti-cgt-c2000_18.1.1.LTS\lib\</path>
         <kind>archive</kind>
         <file>rts2800_fpu32.lib</file>
         <name>ll_aox28.asm.obj</name>
      </input_file>
      <input_file id="fl-8c">
         <path>D:\TI\ccsv8\tools\compiler\ti-cgt-c2000_18.1.1.LTS\lib\</path>
         <kind>archive</kind>
         <file>rts2800_fpu32.lib</file>
         <name>ll_cmp28.asm.obj</name>
      </input_file>
      <input_file id="fl-8d">
         <path>D:\TI\ccsv8\tools\compiler\ti-cgt-c2000_18.1.1.LTS\lib\</path>
         <kind>archive</kind>
         <file>rts2800_fpu32.lib</file>
         <name>ll_div28.asm.obj</name>
      </input_file>
      <input_file id="fl-8e">
         <path>D:\TI\ccsv8\tools\compiler\ti-cgt-c2000_18.1.1.LTS\lib\</path>
         <kind>archive</kind>
         <file>rts2800_fpu32.lib</file>
         <name>atoi.c.obj</name>
      </input_file>
      <input_file id="fl-8f">
         <path>D:\TI\ccsv8\tools\compiler\ti-cgt-c2000_18.1.1.LTS\lib\</path>
         <kind>archive</kind>
         <file>rts2800_fpu32.lib</file>
         <name>ctype.c.obj</name>
      </input_file>
      <input_file id="fl-90">
         <path>D:\TI\ccsv8\tools\compiler\ti-cgt-c2000_18.1.1.LTS\lib\</path>
         <kind>archive</kind>
         <file>rts2800_fpu32.lib</file>
         <name>s_frexp.c.obj</name>
      </input_file>
      <input_file id="fl-91">
         <path>D:\TI\ccsv8\tools\compiler\ti-cgt-c2000_18.1.1.LTS\lib\</path>
         <kind>archive</kind>
         <file>rts2800_fpu32.lib</file>
         <name>s_scalbn.c.obj</name>
      </input_file>
      <input_file id="fl-92">
         <path>D:\TI\ccsv8\tools\compiler\ti-cgt-c2000_18.1.1.LTS\lib\</path>
         <kind>archive</kind>
         <file>rts2800_fpu32.lib</file>
         <name>s_copysign.c.obj</name>
      </input_file>
      <input_file id="fl-93">
         <path>D:\TI\ccsv8\tools\compiler\ti-cgt-c2000_18.1.1.LTS\lib\</path>
         <kind>archive</kind>
         <file>rts2800_fpu32.lib</file>
         <name>ltoa.c.obj</name>
      </input_file>
      <input_file id="fl-94">
         <path>D:\TI\ccsv8\tools\compiler\ti-cgt-c2000_18.1.1.LTS\lib\</path>
         <kind>archive</kind>
         <file>rts2800_fpu32.lib</file>
         <name>memccpy.c.obj</name>
      </input_file>
      <input_file id="fl-95">
         <path>D:\TI\ccsv8\tools\compiler\ti-cgt-c2000_18.1.1.LTS\lib\</path>
         <kind>archive</kind>
         <file>rts2800_fpu32.lib</file>
         <name>memset.c.obj</name>
      </input_file>
      <input_file id="fl-96">
         <path>D:\TI\ccsv8\tools\compiler\ti-cgt-c2000_18.1.1.LTS\lib\</path>
         <kind>archive</kind>
         <file>rts2800_fpu32.lib</file>
         <name>e_sqrtf.c.obj</name>
      </input_file>
      <input_file id="fl-97">
         <path>D:\TI\ccsv8\tools\compiler\ti-cgt-c2000_18.1.1.LTS\lib\</path>
         <kind>archive</kind>
         <file>rts2800_fpu32.lib</file>
         <name>strcat.c.obj</name>
      </input_file>
      <input_file id="fl-98">
         <path>D:\TI\ccsv8\tools\compiler\ti-cgt-c2000_18.1.1.LTS\lib\</path>
         <kind>archive</kind>
         <file>rts2800_fpu32.lib</file>
         <name>strchr.c.obj</name>
      </input_file>
      <input_file id="fl-99">
         <path>D:\TI\ccsv8\tools\compiler\ti-cgt-c2000_18.1.1.LTS\lib\</path>
         <kind>archive</kind>
         <file>rts2800_fpu32.lib</file>
         <name>strcpy.c.obj</name>
      </input_file>
      <input_file id="fl-9a">
         <path>D:\TI\ccsv8\tools\compiler\ti-cgt-c2000_18.1.1.LTS\lib\</path>
         <kind>archive</kind>
         <file>rts2800_fpu32.lib</file>
         <name>strlen.c.obj</name>
      </input_file>
      <input_file id="fl-9b">
         <path>D:\TI\ccsv8\tools\compiler\ti-cgt-c2000_18.1.1.LTS\lib\</path>
         <kind>archive</kind>
         <file>rts2800_fpu32.lib</file>
         <name>wcslen.c.obj</name>
      </input_file>
   </input_file_list>
   <object_component_list>
      <object_component id="oc-134">
         <name>.cinit</name>
         <load_address>0x3f3d22</load_address>
         <run_address>0x3f3d22</run_address>
         <size>0x22b</size>
         <input_file_ref idref="fl-2d"/>
      </object_component>
      <object_component id="oc-52">
         <name>.cinit</name>
         <load_address>0x3f3f4d</load_address>
         <run_address>0x3f3f4d</run_address>
         <size>0x79</size>
         <input_file_ref idref="fl-4"/>
      </object_component>
      <object_component id="oc-108">
         <name>.cinit</name>
         <load_address>0x3f3fc6</load_address>
         <run_address>0x3f3fc6</run_address>
         <size>0x10</size>
         <input_file_ref idref="fl-25"/>
      </object_component>
      <object_component id="oc-19e">
         <name>.cinit</name>
         <load_address>0x3f3fd6</load_address>
         <run_address>0x3f3fd6</run_address>
         <size>0xe</size>
         <input_file_ref idref="fl-79"/>
      </object_component>
      <object_component id="oc-75">
         <name>.cinit</name>
         <load_address>0x3f3fe4</load_address>
         <run_address>0x3f3fe4</run_address>
         <size>0xd</size>
         <input_file_ref idref="fl-a"/>
      </object_component>
      <object_component id="oc-9f">
         <name>.cinit</name>
         <load_address>0x3f3ff1</load_address>
         <run_address>0x3f3ff1</run_address>
         <size>0xb</size>
         <input_file_ref idref="fl-11"/>
      </object_component>
      <object_component id="oc-b0">
         <name>.cinit</name>
         <load_address>0x3f3ffc</load_address>
         <run_address>0x3f3ffc</run_address>
         <size>0x7</size>
         <input_file_ref idref="fl-14"/>
      </object_component>
      <object_component id="oc-2da">
         <name>.cinit:__lock</name>
         <load_address>0x3f4003</load_address>
         <run_address>0x3f4003</run_address>
         <size>0x5</size>
         <input_file_ref idref="fl-7a"/>
      </object_component>
      <object_component id="oc-32f">
         <name>.cinit:__unlock</name>
         <load_address>0x3f4008</load_address>
         <run_address>0x3f4008</run_address>
         <size>0x5</size>
         <input_file_ref idref="fl-7a"/>
      </object_component>
      <object_component id="oc-1b0">
         <name>.cinit</name>
         <load_address>0x3f400d</load_address>
         <run_address>0x3f400d</run_address>
         <size>0x4</size>
         <input_file_ref idref="fl-7c"/>
      </object_component>
      <object_component id="oc-332">
         <name>.text</name>
         <load_address>0x3ec000</load_address>
         <run_address>0x3ec000</run_address>
         <size>0xd47</size>
         <input_file_ref idref="fl-82"/>
      </object_component>
      <object_component id="oc-256">
         <name>.text</name>
         <load_address>0x3ecd47</load_address>
         <run_address>0x3ecd47</run_address>
         <size>0xd1c</size>
         <input_file_ref idref="fl-10"/>
      </object_component>
      <object_component id="oc-253">
         <name>.text</name>
         <load_address>0x3eda63</load_address>
         <run_address>0x3eda63</run_address>
         <size>0x1</size>
         <input_file_ref idref="fl-75"/>
      </object_component>
      <object_component id="oc-258">
         <name>.text</name>
         <load_address>0x3eda64</load_address>
         <run_address>0x3eda64</run_address>
         <size>0xad0</size>
         <input_file_ref idref="fl-2d"/>
      </object_component>
      <object_component id="oc-25c">
         <name>.text</name>
         <load_address>0x3ee534</load_address>
         <run_address>0x3ee534</run_address>
         <size>0x8cf</size>
         <input_file_ref idref="fl-25"/>
      </object_component>
      <object_component id="oc-2f4">
         <name>.text</name>
         <load_address>0x3eee03</load_address>
         <run_address>0x3eee03</run_address>
         <size>0x709</size>
         <input_file_ref idref="fl-9"/>
      </object_component>
      <object_component id="oc-2f5">
         <name>.text</name>
         <load_address>0x3ef50c</load_address>
         <run_address>0x3ef50c</run_address>
         <size>0x586</size>
         <input_file_ref idref="fl-2c"/>
      </object_component>
      <object_component id="oc-25e">
         <name>.text</name>
         <load_address>0x3efa92</load_address>
         <run_address>0x3efa92</run_address>
         <size>0x518</size>
         <input_file_ref idref="fl-4"/>
      </object_component>
      <object_component id="oc-54">
         <name>.text:retain</name>
         <load_address>0x3effaa</load_address>
         <run_address>0x3effaa</run_address>
         <size>0x4d3</size>
         <input_file_ref idref="fl-4"/>
      </object_component>
      <object_component id="oc-33b">
         <name>.text</name>
         <load_address>0x3f047d</load_address>
         <run_address>0x3f047d</run_address>
         <size>0x380</size>
         <input_file_ref idref="fl-7e"/>
      </object_component>
      <object_component id="oc-2db">
         <name>.text</name>
         <load_address>0x3f07fd</load_address>
         <run_address>0x3f07fd</run_address>
         <size>0x2f6</size>
         <input_file_ref idref="fl-1f"/>
      </object_component>
      <object_component id="oc-261">
         <name>.text</name>
         <load_address>0x3f0af3</load_address>
         <run_address>0x3f0af3</run_address>
         <size>0x22e</size>
         <input_file_ref idref="fl-11"/>
      </object_component>
      <object_component id="oc-2e0">
         <name>.text</name>
         <load_address>0x3f0d21</load_address>
         <run_address>0x3f0d21</run_address>
         <size>0x1ee</size>
         <input_file_ref idref="fl-5"/>
      </object_component>
      <object_component id="oc-2dc">
         <name>.text</name>
         <load_address>0x3f0f0f</load_address>
         <run_address>0x3f0f0f</run_address>
         <size>0x18a</size>
         <input_file_ref idref="fl-7"/>
      </object_component>
      <object_component id="oc-2df">
         <name>.text</name>
         <load_address>0x3f1099</load_address>
         <run_address>0x3f1099</run_address>
         <size>0x170</size>
         <input_file_ref idref="fl-f"/>
      </object_component>
      <object_component id="oc-339">
         <name>.text</name>
         <load_address>0x3f1209</load_address>
         <run_address>0x3f1209</run_address>
         <size>0x12b</size>
         <input_file_ref idref="fl-7b"/>
      </object_component>
      <object_component id="oc-2de">
         <name>.text</name>
         <load_address>0x3f1334</load_address>
         <run_address>0x3f1334</run_address>
         <size>0x126</size>
         <input_file_ref idref="fl-1d"/>
      </object_component>
      <object_component id="oc-257">
         <name>.text</name>
         <load_address>0x3f145a</load_address>
         <run_address>0x3f145a</run_address>
         <size>0x11d</size>
         <input_file_ref idref="fl-b"/>
      </object_component>
      <object_component id="oc-207">
         <name>.text</name>
         <load_address>0x3f1577</load_address>
         <run_address>0x3f1577</run_address>
         <size>0x107</size>
         <input_file_ref idref="fl-8d"/>
      </object_component>
      <object_component id="oc-260">
         <name>.text</name>
         <load_address>0x3f167e</load_address>
         <run_address>0x3f167e</run_address>
         <size>0xf7</size>
         <input_file_ref idref="fl-12"/>
      </object_component>
      <object_component id="oc-25f">
         <name>.text</name>
         <load_address>0x3f1775</load_address>
         <run_address>0x3f1775</run_address>
         <size>0xf2</size>
         <input_file_ref idref="fl-22"/>
      </object_component>
      <object_component id="oc-2ea">
         <name>.text</name>
         <load_address>0x3f1868</load_address>
         <run_address>0x3f1868</run_address>
         <size>0xe5</size>
         <input_file_ref idref="fl-13"/>
      </object_component>
      <object_component id="oc-259">
         <name>.text</name>
         <load_address>0x3f194d</load_address>
         <run_address>0x3f194d</run_address>
         <size>0xe0</size>
         <input_file_ref idref="fl-28"/>
      </object_component>
      <object_component id="oc-25a">
         <name>.text</name>
         <load_address>0x3f1a2d</load_address>
         <run_address>0x3f1a2d</run_address>
         <size>0xd1</size>
         <input_file_ref idref="fl-15"/>
      </object_component>
      <object_component id="oc-25b">
         <name>.text</name>
         <load_address>0x3f1afe</load_address>
         <run_address>0x3f1afe</run_address>
         <size>0xc0</size>
         <input_file_ref idref="fl-23"/>
      </object_component>
      <object_component id="oc-2ef">
         <name>.text</name>
         <load_address>0x3f1bbe</load_address>
         <run_address>0x3f1bbe</run_address>
         <size>0xbf</size>
         <input_file_ref idref="fl-16"/>
      </object_component>
      <object_component id="oc-341">
         <name>.text</name>
         <load_address>0x3f1c7d</load_address>
         <run_address>0x3f1c7d</run_address>
         <size>0xab</size>
         <input_file_ref idref="fl-91"/>
      </object_component>
      <object_component id="oc-2e8">
         <name>.text</name>
         <load_address>0x3f1d28</load_address>
         <run_address>0x3f1d28</run_address>
         <size>0xa9</size>
         <input_file_ref idref="fl-26"/>
      </object_component>
      <object_component id="oc-1e9">
         <name>.text</name>
         <load_address>0x3f1dd1</load_address>
         <run_address>0x3f1dd1</run_address>
         <size>0x9c</size>
         <input_file_ref idref="fl-87"/>
      </object_component>
      <object_component id="oc-1da">
         <name>.text</name>
         <load_address>0x3f1e6d</load_address>
         <run_address>0x3f1e6d</run_address>
         <size>0x8b</size>
         <input_file_ref idref="fl-84"/>
      </object_component>
      <object_component id="oc-14b">
         <name>.text</name>
         <load_address>0x3f1ef8</load_address>
         <run_address>0x3f1ef8</run_address>
         <size>0x88</size>
         <input_file_ref idref="fl-36"/>
      </object_component>
      <object_component id="oc-141">
         <name>.text</name>
         <load_address>0x3f1f80</load_address>
         <run_address>0x3f1f80</run_address>
         <size>0x83</size>
         <input_file_ref idref="fl-34"/>
      </object_component>
      <object_component id="oc-2f0">
         <name>.text</name>
         <load_address>0x3f2003</load_address>
         <run_address>0x3f2003</run_address>
         <size>0x71</size>
         <input_file_ref idref="fl-24"/>
      </object_component>
      <object_component id="oc-2dd">
         <name>.text</name>
         <load_address>0x3f2074</load_address>
         <run_address>0x3f2074</run_address>
         <size>0x5b</size>
         <input_file_ref idref="fl-1e"/>
      </object_component>
      <object_component id="oc-340">
         <name>.text</name>
         <load_address>0x3f20cf</load_address>
         <run_address>0x3f20cf</run_address>
         <size>0x5a</size>
         <input_file_ref idref="fl-90"/>
      </object_component>
      <object_component id="oc-34a">
         <name>.text</name>
         <load_address>0x3f2129</load_address>
         <run_address>0x3f2129</run_address>
         <size>0x57</size>
         <input_file_ref idref="fl-7f"/>
      </object_component>
      <object_component id="oc-19">
         <name>.text</name>
         <load_address>0x3f2180</load_address>
         <run_address>0x3f2180</run_address>
         <size>0x56</size>
         <input_file_ref idref="fl-73"/>
      </object_component>
      <object_component id="oc-33a">
         <name>.text</name>
         <load_address>0x3f21d6</load_address>
         <run_address>0x3f21d6</run_address>
         <size>0x56</size>
         <input_file_ref idref="fl-77"/>
      </object_component>
      <object_component id="oc-2ee">
         <name>.text</name>
         <load_address>0x3f222c</load_address>
         <run_address>0x3f222c</run_address>
         <size>0x48</size>
         <input_file_ref idref="fl-c"/>
      </object_component>
      <object_component id="oc-2e2">
         <name>.text</name>
         <load_address>0x3f2274</load_address>
         <run_address>0x3f2274</run_address>
         <size>0x47</size>
         <input_file_ref idref="fl-19"/>
      </object_component>
      <object_component id="oc-2e5">
         <name>.text</name>
         <load_address>0x3f22bb</load_address>
         <run_address>0x3f22bb</run_address>
         <size>0x46</size>
         <input_file_ref idref="fl-2e"/>
      </object_component>
      <object_component id="oc-2e7">
         <name>.text</name>
         <load_address>0x3f2301</load_address>
         <run_address>0x3f2301</run_address>
         <size>0x44</size>
         <input_file_ref idref="fl-20"/>
      </object_component>
      <object_component id="oc-2ec">
         <name>.text</name>
         <load_address>0x3f2345</load_address>
         <run_address>0x3f2345</run_address>
         <size>0x32</size>
         <input_file_ref idref="fl-81"/>
      </object_component>
      <object_component id="oc-25d">
         <name>.text</name>
         <load_address>0x3f2377</load_address>
         <run_address>0x3f2377</run_address>
         <size>0x32</size>
         <input_file_ref idref="fl-29"/>
      </object_component>
      <object_component id="oc-33d">
         <name>.text</name>
         <load_address>0x3f23a9</load_address>
         <run_address>0x3f23a9</run_address>
         <size>0x31</size>
         <input_file_ref idref="fl-8e"/>
      </object_component>
      <object_component id="oc-33f">
         <name>.text</name>
         <load_address>0x3f23da</load_address>
         <run_address>0x3f23da</run_address>
         <size>0x2e</size>
         <input_file_ref idref="fl-93"/>
      </object_component>
      <object_component id="oc-2e1">
         <name>.text</name>
         <load_address>0x3f2408</load_address>
         <run_address>0x3f2408</run_address>
         <size>0x2d</size>
         <input_file_ref idref="fl-1a"/>
      </object_component>
      <object_component id="oc-1d5">
         <name>.text</name>
         <load_address>0x3f2435</load_address>
         <run_address>0x3f2435</run_address>
         <size>0x2a</size>
         <input_file_ref idref="fl-83"/>
      </object_component>
      <object_component id="oc-15a">
         <name>.text</name>
         <load_address>0x3f245f</load_address>
         <run_address>0x3f245f</run_address>
         <size>0x2a</size>
         <input_file_ref idref="fl-39"/>
      </object_component>
      <object_component id="oc-255">
         <name>.text</name>
         <load_address>0x3f2489</load_address>
         <run_address>0x3f2489</run_address>
         <size>0x29</size>
         <input_file_ref idref="fl-79"/>
      </object_component>
      <object_component id="oc-346">
         <name>.text</name>
         <load_address>0x3f24b2</load_address>
         <run_address>0x3f24b2</run_address>
         <size>0x26</size>
         <input_file_ref idref="fl-96"/>
      </object_component>
      <object_component id="oc-2e3">
         <name>.text</name>
         <load_address>0x3f24d8</load_address>
         <run_address>0x3f24d8</run_address>
         <size>0x25</size>
         <input_file_ref idref="fl-8"/>
      </object_component>
      <object_component id="oc-330">
         <name>.text</name>
         <load_address>0x3f24fd</load_address>
         <run_address>0x3f24fd</run_address>
         <size>0x25</size>
         <input_file_ref idref="fl-d"/>
      </object_component>
      <object_component id="oc-252">
         <name>.text</name>
         <load_address>0x3f2522</load_address>
         <run_address>0x3f2522</run_address>
         <size>0x24</size>
         <input_file_ref idref="fl-78"/>
      </object_component>
      <object_component id="oc-34c">
         <name>.text</name>
         <load_address>0x3f2546</load_address>
         <run_address>0x3f2546</run_address>
         <size>0x24</size>
         <input_file_ref idref="fl-92"/>
      </object_component>
      <object_component id="oc-155">
         <name>.text</name>
         <load_address>0x3f256a</load_address>
         <run_address>0x3f256a</run_address>
         <size>0x22</size>
         <input_file_ref idref="fl-38"/>
      </object_component>
      <object_component id="oc-1ee">
         <name>.text</name>
         <load_address>0x3f258c</load_address>
         <run_address>0x3f258c</run_address>
         <size>0x21</size>
         <input_file_ref idref="fl-88"/>
      </object_component>
      <object_component id="oc-2e6">
         <name>.text</name>
         <load_address>0x3f25ad</load_address>
         <run_address>0x3f25ad</run_address>
         <size>0x20</size>
         <input_file_ref idref="fl-e"/>
      </object_component>
      <object_component id="oc-146">
         <name>.text</name>
         <load_address>0x3f25cd</load_address>
         <run_address>0x3f25cd</run_address>
         <size>0x1f</size>
         <input_file_ref idref="fl-35"/>
      </object_component>
      <object_component id="oc-202">
         <name>.text</name>
         <load_address>0x3f25ec</load_address>
         <run_address>0x3f25ec</run_address>
         <size>0x1e</size>
         <input_file_ref idref="fl-8c"/>
      </object_component>
      <object_component id="oc-2d8">
         <name>.text</name>
         <load_address>0x3f260a</load_address>
         <run_address>0x3f260a</run_address>
         <size>0x1e</size>
         <input_file_ref idref="fl-7d"/>
      </object_component>
      <object_component id="oc-1f3">
         <name>.text</name>
         <load_address>0x3f2628</load_address>
         <run_address>0x3f2628</run_address>
         <size>0x1d</size>
         <input_file_ref idref="fl-89"/>
      </object_component>
      <object_component id="oc-150">
         <name>.text</name>
         <load_address>0x3f2645</load_address>
         <run_address>0x3f2645</run_address>
         <size>0x1c</size>
         <input_file_ref idref="fl-37"/>
      </object_component>
      <object_component id="oc-1f8">
         <name>.text</name>
         <load_address>0x3f2661</load_address>
         <run_address>0x3f2661</run_address>
         <size>0x1c</size>
         <input_file_ref idref="fl-8a"/>
      </object_component>
      <object_component id="oc-254">
         <name>.text</name>
         <load_address>0x3f267d</load_address>
         <run_address>0x3f267d</run_address>
         <size>0x19</size>
         <input_file_ref idref="fl-74"/>
      </object_component>
      <object_component id="oc-1fd">
         <name>.text</name>
         <load_address>0x3f2696</load_address>
         <run_address>0x3f2696</run_address>
         <size>0x18</size>
         <input_file_ref idref="fl-8b"/>
      </object_component>
      <object_component id="oc-2f8">
         <name>.text</name>
         <load_address>0x3f26ae</load_address>
         <run_address>0x3f26ae</run_address>
         <size>0x11</size>
         <input_file_ref idref="fl-1c"/>
      </object_component>
      <object_component id="oc-34d">
         <name>.text</name>
         <load_address>0x3f26bf</load_address>
         <run_address>0x3f26bf</run_address>
         <size>0x11</size>
         <input_file_ref idref="fl-80"/>
      </object_component>
      <object_component id="oc-2f6">
         <name>.text</name>
         <load_address>0x3f26d0</load_address>
         <run_address>0x3f26d0</run_address>
         <size>0xf</size>
         <input_file_ref idref="fl-18"/>
      </object_component>
      <object_component id="oc-2f7">
         <name>.text</name>
         <load_address>0x3f26df</load_address>
         <run_address>0x3f26df</run_address>
         <size>0xe</size>
         <input_file_ref idref="fl-a"/>
      </object_component>
      <object_component id="oc-1e4">
         <name>.text</name>
         <load_address>0x3f26ed</load_address>
         <run_address>0x3f26ed</run_address>
         <size>0xe</size>
         <input_file_ref idref="fl-86"/>
      </object_component>
      <object_component id="oc-344">
         <name>.text</name>
         <load_address>0x3f26fb</load_address>
         <run_address>0x3f26fb</run_address>
         <size>0xd</size>
         <input_file_ref idref="fl-94"/>
      </object_component>
      <object_component id="oc-343">
         <name>.text</name>
         <load_address>0x3f2708</load_address>
         <run_address>0x3f2708</run_address>
         <size>0xc</size>
         <input_file_ref idref="fl-95"/>
      </object_component>
      <object_component id="oc-342">
         <name>.text</name>
         <load_address>0x3f2714</load_address>
         <run_address>0x3f2714</run_address>
         <size>0xc</size>
         <input_file_ref idref="fl-98"/>
      </object_component>
      <object_component id="oc-15f">
         <name>.text</name>
         <load_address>0x3f2720</load_address>
         <run_address>0x3f2720</run_address>
         <size>0xb</size>
         <input_file_ref idref="fl-3a"/>
      </object_component>
      <object_component id="oc-df">
         <name>.text:retain</name>
         <load_address>0x3f272b</load_address>
         <run_address>0x3f272b</run_address>
         <size>0xa</size>
         <input_file_ref idref="fl-1d"/>
      </object_component>
      <object_component id="oc-32e">
         <name>.text</name>
         <load_address>0x3f2735</load_address>
         <run_address>0x3f2735</run_address>
         <size>0x9</size>
         <input_file_ref idref="fl-7a"/>
      </object_component>
      <object_component id="oc-1df">
         <name>.text</name>
         <load_address>0x3f273e</load_address>
         <run_address>0x3f273e</run_address>
         <size>0x9</size>
         <input_file_ref idref="fl-85"/>
      </object_component>
      <object_component id="oc-2ed">
         <name>.text</name>
         <load_address>0x3f2747</load_address>
         <run_address>0x3f2747</run_address>
         <size>0x9</size>
         <input_file_ref idref="fl-97"/>
      </object_component>
      <object_component id="oc-345">
         <name>.text</name>
         <load_address>0x3f2750</load_address>
         <run_address>0x3f2750</run_address>
         <size>0x9</size>
         <input_file_ref idref="fl-9b"/>
      </object_component>
      <object_component id="oc-4b">
         <name>.text</name>
         <load_address>0x3f2759</load_address>
         <run_address>0x3f2759</run_address>
         <size>0x8</size>
         <input_file_ref idref="fl-3"/>
      </object_component>
      <object_component id="oc-33e">
         <name>.text</name>
         <load_address>0x3f2761</load_address>
         <run_address>0x3f2761</run_address>
         <size>0x8</size>
         <input_file_ref idref="fl-9a"/>
      </object_component>
      <object_component id="oc-2e9">
         <name>.text</name>
         <load_address>0x3f2769</load_address>
         <run_address>0x3f2769</run_address>
         <size>0x6</size>
         <input_file_ref idref="fl-21"/>
      </object_component>
      <object_component id="oc-2eb">
         <name>.text</name>
         <load_address>0x3f276f</load_address>
         <run_address>0x3f276f</run_address>
         <size>0x5</size>
         <input_file_ref idref="fl-99"/>
      </object_component>
      <object_component id="oc-251">
         <name>.text</name>
         <load_address>0x3f2774</load_address>
         <run_address>0x3f2774</run_address>
         <size>0x2</size>
         <input_file_ref idref="fl-76"/>
      </object_component>
      <object_component id="oc-4c">
         <name>codestart</name>
         <load_address>0x3f7ff6</load_address>
         <run_address>0x3f7ff6</run_address>
         <size>0x2</size>
         <input_file_ref idref="fl-3"/>
      </object_component>
      <object_component id="oc-262">
         <name>ramfuncs</name>
         <load_address>0x3e8000</load_address>
         <run_address>0x8000</run_address>
         <size>0x31f</size>
         <input_file_ref idref="fl-9"/>
      </object_component>
      <object_component id="oc-331">
         <name>ramfuncs</name>
         <load_address>0x3e831f</load_address>
         <run_address>0x831f</run_address>
         <size>0x32</size>
         <input_file_ref idref="fl-e"/>
      </object_component>
      <object_component id="oc-2e4">
         <name>ramfuncs</name>
         <load_address>0x3e8351</load_address>
         <run_address>0x8351</run_address>
         <size>0x1e</size>
         <input_file_ref idref="fl-10"/>
      </object_component>
      <object_component id="oc-128">
         <name>ramfuncs</name>
         <load_address>0x3e836f</load_address>
         <run_address>0x836f</run_address>
         <size>0x4</size>
         <input_file_ref idref="fl-2b"/>
      </object_component>
      <object_component id="oc-17d">
         <name>.stack</name>
         <uninitialized>true</uninitialized>
         <run_address>0x50</run_address>
         <size>0x0</size>
         <input_file_ref idref="fl-73"/>
      </object_component>
      <object_component id="oc-370">
         <name>.stack</name>
         <uninitialized>true</uninitialized>
         <run_address>0x50</run_address>
         <size>0x0</size>
      </object_component>
      <object_component id="oc-53">
         <name>.ebss</name>
         <uninitialized>true</uninitialized>
         <run_address>0x8c00</run_address>
         <size>0x404</size>
         <input_file_ref idref="fl-4"/>
      </object_component>
      <object_component id="oc-69">
         <name>.ebss</name>
         <uninitialized>true</uninitialized>
         <run_address>0x9036</run_address>
         <size>0x1</size>
         <input_file_ref idref="fl-8"/>
      </object_component>
      <object_component id="oc-76">
         <name>.ebss</name>
         <uninitialized>true</uninitialized>
         <run_address>0x9012</run_address>
         <size>0xc</size>
         <input_file_ref idref="fl-a"/>
      </object_component>
      <object_component id="oc-98">
         <name>.ebss</name>
         <uninitialized>true</uninitialized>
         <run_address>0x9280</run_address>
         <size>0xb8</size>
         <input_file_ref idref="fl-10"/>
      </object_component>
      <object_component id="oc-a0">
         <name>.ebss</name>
         <uninitialized>true</uninitialized>
         <run_address>0x901e</run_address>
         <size>0xa</size>
         <input_file_ref idref="fl-11"/>
      </object_component>
      <object_component id="oc-b1">
         <name>.ebss</name>
         <uninitialized>true</uninitialized>
         <run_address>0x902e</run_address>
         <size>0x4</size>
         <input_file_ref idref="fl-14"/>
      </object_component>
      <object_component id="oc-109">
         <name>.ebss</name>
         <uninitialized>true</uninitialized>
         <run_address>0x9004</run_address>
         <size>0xe</size>
         <input_file_ref idref="fl-25"/>
      </object_component>
      <object_component id="oc-135">
         <name>.ebss</name>
         <uninitialized>true</uninitialized>
         <run_address>0x9040</run_address>
         <size>0x23e</size>
         <input_file_ref idref="fl-2d"/>
      </object_component>
      <object_component id="oc-19f">
         <name>.ebss</name>
         <uninitialized>true</uninitialized>
         <run_address>0x9028</run_address>
         <size>0x6</size>
         <input_file_ref idref="fl-79"/>
      </object_component>
      <object_component id="oc-33c">
         <name>.ebss:__unlock</name>
         <uninitialized>true</uninitialized>
         <run_address>0x9034</run_address>
         <size>0x2</size>
         <input_file_ref idref="fl-7a"/>
      </object_component>
      <object_component id="oc-2d9">
         <name>.ebss:__lock</name>
         <uninitialized>true</uninitialized>
         <run_address>0x9032</run_address>
         <size>0x2</size>
         <input_file_ref idref="fl-7a"/>
      </object_component>
      <object_component id="oc-1b1">
         <name>.ebss</name>
         <uninitialized>true</uninitialized>
         <run_address>0x9037</run_address>
         <size>0x1</size>
         <input_file_ref idref="fl-7c"/>
      </object_component>
      <object_component id="oc-77">
         <name>graph_data</name>
         <uninitialized>true</uninitialized>
         <run_address>0xc000</run_address>
         <size>0x9a0</size>
         <input_file_ref idref="fl-a"/>
      </object_component>
      <object_component id="oc-137">
         <name>.econst:.string</name>
         <load_address>0x3f2776</load_address>
         <run_address>0x3f2776</run_address>
         <size>0x1bf</size>
         <input_file_ref idref="fl-2d"/>
      </object_component>
      <object_component id="oc-10a">
         <name>.econst:.string</name>
         <load_address>0x3f2936</load_address>
         <run_address>0x3f2936</run_address>
         <size>0x121</size>
         <input_file_ref idref="fl-25"/>
      </object_component>
      <object_component id="oc-34b">
         <name>.econst:.string:__ctypes_</name>
         <load_address>0x3f2a57</load_address>
         <run_address>0x3f2a57</run_address>
         <size>0x101</size>
         <input_file_ref idref="fl-8f"/>
      </object_component>
      <object_component id="oc-304">
         <name>.econst:_g_ai8DescTripTrace</name>
         <load_address>0x3f2b58</load_address>
         <run_address>0x3f2b58</run_address>
         <size>0x77</size>
         <input_file_ref idref="fl-2d"/>
      </object_component>
      <object_component id="oc-2fd">
         <name>.econst:_g_ai8DescAccessLevel</name>
         <load_address>0x3f2bcf</load_address>
         <run_address>0x3f2bcf</run_address>
         <size>0x55</size>
         <input_file_ref idref="fl-2d"/>
      </object_component>
      <object_component id="oc-2ff">
         <name>.econst:_g_ai8DescCtrlMethod</name>
         <load_address>0x3f2c24</load_address>
         <run_address>0x3f2c24</run_address>
         <size>0x44</size>
         <input_file_ref idref="fl-2d"/>
      </object_component>
      <object_component id="oc-301">
         <name>.econst:_g_ai8DescInitial</name>
         <load_address>0x3f2c68</load_address>
         <run_address>0x3f2c68</run_address>
         <size>0x44</size>
         <input_file_ref idref="fl-2d"/>
      </object_component>
      <object_component id="oc-30a">
         <name>.econst:_g_ai8DescReferSelect</name>
         <load_address>0x3f2cac</load_address>
         <run_address>0x3f2cac</run_address>
         <size>0x44</size>
         <input_file_ref idref="fl-2d"/>
      </object_component>
      <object_component id="oc-30d">
         <name>.econst:_g_ai8DescStopMethod</name>
         <load_address>0x3f2cf0</load_address>
         <run_address>0x3f2cf0</run_address>
         <size>0x44</size>
         <input_file_ref idref="fl-2d"/>
      </object_component>
      <object_component id="oc-315">
         <name>.econst:_g_ai8DescCtrlLoop</name>
         <load_address>0x3f2d34</load_address>
         <run_address>0x3f2d34</run_address>
         <size>0x33</size>
         <input_file_ref idref="fl-2d"/>
      </object_component>
      <object_component id="oc-1b9">
         <name>.econst</name>
         <load_address>0x3f2d68</load_address>
         <run_address>0x3f2d68</run_address>
         <size>0x32</size>
         <input_file_ref idref="fl-7e"/>
      </object_component>
      <object_component id="oc-2f1">
         <name>.econst:_$P$T1$6</name>
         <load_address>0x3f2d9a</load_address>
         <run_address>0x3f2d9a</run_address>
         <size>0x2e</size>
         <input_file_ref idref="fl-25"/>
      </object_component>
      <object_component id="oc-1d0">
         <name>.econst:.string</name>
         <load_address>0x3f2dc8</load_address>
         <run_address>0x3f2dc8</run_address>
         <size>0x26</size>
         <input_file_ref idref="fl-82"/>
      </object_component>
      <object_component id="oc-2f2">
         <name>.econst:_$P$T0$5</name>
         <load_address>0x3f2dee</load_address>
         <run_address>0x3f2dee</run_address>
         <size>0x25</size>
         <input_file_ref idref="fl-25"/>
      </object_component>
      <object_component id="oc-30f">
         <name>.econst:_g_ai8DescEnable</name>
         <load_address>0x3f2e13</load_address>
         <run_address>0x3f2e13</run_address>
         <size>0x22</size>
         <input_file_ref idref="fl-2d"/>
      </object_component>
      <object_component id="oc-1cf">
         <name>.econst</name>
         <load_address>0x3f2e36</load_address>
         <run_address>0x3f2e36</run_address>
         <size>0x1c</size>
         <input_file_ref idref="fl-82"/>
      </object_component>
      <object_component id="oc-21a">
         <name>.econst</name>
         <load_address>0x3f2e52</load_address>
         <run_address>0x3f2e52</run_address>
         <size>0x1c</size>
         <input_file_ref idref="fl-91"/>
      </object_component>
      <object_component id="oc-26c">
         <name>.econst:_g_dmFunA1</name>
         <load_address>0x3f2e6e</load_address>
         <run_address>0x3f2e6e</run_address>
         <size>0x1a</size>
         <input_file_ref idref="fl-2d"/>
      </object_component>
      <object_component id="oc-26d">
         <name>.econst:_g_dmFunA2</name>
         <load_address>0x3f2e88</load_address>
         <run_address>0x3f2e88</run_address>
         <size>0x1a</size>
         <input_file_ref idref="fl-2d"/>
      </object_component>
      <object_component id="oc-291">
         <name>.econst:_g_dmFunC1</name>
         <load_address>0x3f2ea2</load_address>
         <run_address>0x3f2ea2</run_address>
         <size>0x1a</size>
         <input_file_ref idref="fl-2d"/>
      </object_component>
      <object_component id="oc-292">
         <name>.econst:_g_dmFunC2</name>
         <load_address>0x3f2ebc</load_address>
         <run_address>0x3f2ebc</run_address>
         <size>0x1a</size>
         <input_file_ref idref="fl-2d"/>
      </object_component>
      <object_component id="oc-293">
         <name>.econst:_g_dmFunC3</name>
         <load_address>0x3f2ed6</load_address>
         <run_address>0x3f2ed6</run_address>
         <size>0x1a</size>
         <input_file_ref idref="fl-2d"/>
      </object_component>
      <object_component id="oc-294">
         <name>.econst:_g_dmFunC4</name>
         <load_address>0x3f2ef0</load_address>
         <run_address>0x3f2ef0</run_address>
         <size>0x1a</size>
         <input_file_ref idref="fl-2d"/>
      </object_component>
      <object_component id="oc-295">
         <name>.econst:_g_dmFunC5</name>
         <load_address>0x3f2f0a</load_address>
         <run_address>0x3f2f0a</run_address>
         <size>0x1a</size>
         <input_file_ref idref="fl-2d"/>
      </object_component>
      <object_component id="oc-296">
         <name>.econst:_g_dmFunC6</name>
         <load_address>0x3f2f24</load_address>
         <run_address>0x3f2f24</run_address>
         <size>0x1a</size>
         <input_file_ref idref="fl-2d"/>
      </object_component>
      <object_component id="oc-297">
         <name>.econst:_g_dmFunC7</name>
         <load_address>0x3f2f3e</load_address>
         <run_address>0x3f2f3e</run_address>
         <size>0x1a</size>
         <input_file_ref idref="fl-2d"/>
      </object_component>
      <object_component id="oc-298">
         <name>.econst:_g_dmFunC8</name>
         <load_address>0x3f2f58</load_address>
         <run_address>0x3f2f58</run_address>
         <size>0x1a</size>
         <input_file_ref idref="fl-2d"/>
      </object_component>
      <object_component id="oc-26e">
         <name>.econst:_g_dmFunCellA1_02</name>
         <load_address>0x3f2f72</load_address>
         <run_address>0x3f2f72</run_address>
         <size>0x1a</size>
         <input_file_ref idref="fl-2d"/>
      </object_component>
      <object_component id="oc-26f">
         <name>.econst:_g_dmFunCellA1_03</name>
         <load_address>0x3f2f8c</load_address>
         <run_address>0x3f2f8c</run_address>
         <size>0x1a</size>
         <input_file_ref idref="fl-2d"/>
      </object_component>
      <object_component id="oc-270">
         <name>.econst:_g_dmFunCellA1_04</name>
         <load_address>0x3f2fa6</load_address>
         <run_address>0x3f2fa6</run_address>
         <size>0x1a</size>
         <input_file_ref idref="fl-2d"/>
      </object_component>
      <object_component id="oc-268">
         <name>.econst:_g_dmFunCellC1_01</name>
         <load_address>0x3f2fc0</load_address>
         <run_address>0x3f2fc0</run_address>
         <size>0x1a</size>
         <input_file_ref idref="fl-2d"/>
      </object_component>
      <object_component id="oc-269">
         <name>.econst:_g_dmFunCellC1_02</name>
         <load_address>0x3f2fda</load_address>
         <run_address>0x3f2fda</run_address>
         <size>0x1a</size>
         <input_file_ref idref="fl-2d"/>
      </object_component>
      <object_component id="oc-263">
         <name>.econst:_g_dmFunCellReserved</name>
         <load_address>0x3f2ff4</load_address>
         <run_address>0x3f2ff4</run_address>
         <size>0x1a</size>
         <input_file_ref idref="fl-2d"/>
      </object_component>
      <object_component id="oc-2bb">
         <name>.econst:_g_dmFunCellU1_01</name>
         <load_address>0x3f300e</load_address>
         <run_address>0x3f300e</run_address>
         <size>0x1a</size>
         <input_file_ref idref="fl-2d"/>
      </object_component>
      <object_component id="oc-2bc">
         <name>.econst:_g_dmFunCellU1_02</name>
         <load_address>0x3f3028</load_address>
         <run_address>0x3f3028</run_address>
         <size>0x1a</size>
         <input_file_ref idref="fl-2d"/>
      </object_component>
      <object_component id="oc-2bd">
         <name>.econst:_g_dmFunCellU1_03</name>
         <load_address>0x3f3042</load_address>
         <run_address>0x3f3042</run_address>
         <size>0x1a</size>
         <input_file_ref idref="fl-2d"/>
      </object_component>
      <object_component id="oc-2be">
         <name>.econst:_g_dmFunCellU1_04</name>
         <load_address>0x3f305c</load_address>
         <run_address>0x3f305c</run_address>
         <size>0x1a</size>
         <input_file_ref idref="fl-2d"/>
      </object_component>
      <object_component id="oc-2bf">
         <name>.econst:_g_dmFunCellU1_05</name>
         <load_address>0x3f3076</load_address>
         <run_address>0x3f3076</run_address>
         <size>0x1a</size>
         <input_file_ref idref="fl-2d"/>
      </object_component>
      <object_component id="oc-2c0">
         <name>.econst:_g_dmFunCellU1_06</name>
         <load_address>0x3f3090</load_address>
         <run_address>0x3f3090</run_address>
         <size>0x1a</size>
         <input_file_ref idref="fl-2d"/>
      </object_component>
      <object_component id="oc-2c1">
         <name>.econst:_g_dmFunCellU1_07</name>
         <load_address>0x3f30aa</load_address>
         <run_address>0x3f30aa</run_address>
         <size>0x1a</size>
         <input_file_ref idref="fl-2d"/>
      </object_component>
      <object_component id="oc-2c2">
         <name>.econst:_g_dmFunCellU1_08</name>
         <load_address>0x3f30c4</load_address>
         <run_address>0x3f30c4</run_address>
         <size>0x1a</size>
         <input_file_ref idref="fl-2d"/>
      </object_component>
      <object_component id="oc-2c3">
         <name>.econst:_g_dmFunCellU1_09</name>
         <load_address>0x3f30de</load_address>
         <run_address>0x3f30de</run_address>
         <size>0x1a</size>
         <input_file_ref idref="fl-2d"/>
      </object_component>
      <object_component id="oc-2c4">
         <name>.econst:_g_dmFunCellU1_10</name>
         <load_address>0x3f30f8</load_address>
         <run_address>0x3f30f8</run_address>
         <size>0x1a</size>
         <input_file_ref idref="fl-2d"/>
      </object_component>
      <object_component id="oc-2c5">
         <name>.econst:_g_dmFunCellU1_11</name>
         <load_address>0x3f3112</load_address>
         <run_address>0x3f3112</run_address>
         <size>0x1a</size>
         <input_file_ref idref="fl-2d"/>
      </object_component>
      <object_component id="oc-2c6">
         <name>.econst:_g_dmFunCellU1_12</name>
         <load_address>0x3f312c</load_address>
         <run_address>0x3f312c</run_address>
         <size>0x1a</size>
         <input_file_ref idref="fl-2d"/>
      </object_component>
      <object_component id="oc-2c7">
         <name>.econst:_g_dmFunCellU1_13</name>
         <load_address>0x3f3146</load_address>
         <run_address>0x3f3146</run_address>
         <size>0x1a</size>
         <input_file_ref idref="fl-2d"/>
      </object_component>
      <object_component id="oc-2c8">
         <name>.econst:_g_dmFunCellU1_14</name>
         <load_address>0x3f3160</load_address>
         <run_address>0x3f3160</run_address>
         <size>0x1a</size>
         <input_file_ref idref="fl-2d"/>
      </object_component>
      <object_component id="oc-2c9">
         <name>.econst:_g_dmFunCellU1_15</name>
         <load_address>0x3f317a</load_address>
         <run_address>0x3f317a</run_address>
         <size>0x1a</size>
         <input_file_ref idref="fl-2d"/>
      </object_component>
      <object_component id="oc-2ca">
         <name>.econst:_g_dmFunCellU1_16</name>
         <load_address>0x3f3194</load_address>
         <run_address>0x3f3194</run_address>
         <size>0x1a</size>
         <input_file_ref idref="fl-2d"/>
      </object_component>
      <object_component id="oc-2cb">
         <name>.econst:_g_dmFunCellU1_17</name>
         <load_address>0x3f31ae</load_address>
         <run_address>0x3f31ae</run_address>
         <size>0x1a</size>
         <input_file_ref idref="fl-2d"/>
      </object_component>
      <object_component id="oc-2cc">
         <name>.econst:_g_dmFunCellU1_18</name>
         <load_address>0x3f31c8</load_address>
         <run_address>0x3f31c8</run_address>
         <size>0x1a</size>
         <input_file_ref idref="fl-2d"/>
      </object_component>
      <object_component id="oc-2cd">
         <name>.econst:_g_dmFunCellU1_19</name>
         <load_address>0x3f31e2</load_address>
         <run_address>0x3f31e2</run_address>
         <size>0x1a</size>
         <input_file_ref idref="fl-2d"/>
      </object_component>
      <object_component id="oc-2ce">
         <name>.econst:_g_dmFunCellU1_20</name>
         <load_address>0x3f31fc</load_address>
         <run_address>0x3f31fc</run_address>
         <size>0x1a</size>
         <input_file_ref idref="fl-2d"/>
      </object_component>
      <object_component id="oc-2cf">
         <name>.econst:_g_dmFunCellU1_21</name>
         <load_address>0x3f3216</load_address>
         <run_address>0x3f3216</run_address>
         <size>0x1a</size>
[...]
         <name>_EST_updateState</name>
         <value>0x3f8713</value>
      </symbol>
      <symbol id="sm-ce7">
         <name>_EST_useZeroIq_ref</name>
         <value>0x3f861d</value>
      </symbol>
      <symbol id="sm-cf0">
         <name>__IQ24cosPU</name>
         <value>0x3f40c5</value>
         <object_component_ref idref="oc-164"/>
      </symbol>
      <symbol id="sm-cf4">
         <name>_IQ4mpyRndSatTable</name>
         <value>0x3fe750</value>
         <object_component_ref idref="oc-168"/>
      </symbol>
      <symbol id="sm-cf5">
         <name>_IQ5mpyRndSatTable</name>
         <value>0x3fe744</value>
         <object_component_ref idref="oc-168"/>
      </symbol>
      <symbol id="sm-cf6">
         <name>_IQatan2Table</name>
         <value>0x3fe492</value>
         <object_component_ref idref="oc-168"/>
      </symbol>
      <symbol id="sm-cf7">
         <name>_IQisqrtTableEnd</name>
         <value>0x3fe454</value>
         <object_component_ref idref="oc-168"/>
      </symbol>
      <symbol id="sm-cf8">
         <name>_IQ8mpyRndSatTable</name>
         <value>0x3fe720</value>
         <object_component_ref idref="oc-168"/>
      </symbol>
      <symbol id="sm-cf9">
         <name>_IQ9mpyRndSatTable</name>
         <value>0x3fe714</value>
         <object_component_ref idref="oc-168"/>
      </symbol>
      <symbol id="sm-cfa">
         <name>_IQsqrtTable</name>
         <value>0x3fe352</value>
         <object_component_ref idref="oc-168"/>
      </symbol>
      <symbol id="sm-cfb">
         <name>_IQcosTableEnd</name>
         <value>0x3fe132</value>
         <object_component_ref idref="oc-168"/>
      </symbol>
      <symbol id="sm-cfc">
         <name>_IQatan2HalfPITable</name>
         <value>0x3fe454</value>
         <object_component_ref idref="oc-168"/>
      </symbol>
      <symbol id="sm-cfd">
         <name>_IQisqrtTable</name>
         <value>0x3fe352</value>
         <object_component_ref idref="oc-168"/>
      </symbol>
      <symbol id="sm-cfe">
         <name>_IQsqrtRoundSatTable</name>
         <value>0x3fe342</value>
         <object_component_ref idref="oc-168"/>
      </symbol>
      <symbol id="sm-cff">
         <name>_IQsqrtTableEnd</name>
         <value>0x3fe454</value>
         <object_component_ref idref="oc-168"/>
      </symbol>
      <symbol id="sm-d00">
         <name>_IQ30mpyRndSatTable</name>
         <value>0x3fe618</value>
         <object_component_ref idref="oc-168"/>
      </symbol>
      <symbol id="sm-d01">
         <name>_IQ17mpyRndSatTable</name>
         <value>0x3fe6b4</value>
         <object_component_ref idref="oc-168"/>
      </symbol>
      <symbol id="sm-d02">
         <name>_IQ16mpyRndSatTable</name>
         <value>0x3fe6c0</value>
         <object_component_ref idref="oc-168"/>
      </symbol>
      <symbol id="sm-d03">
         <name>_IQ15mpyRndSatTable</name>
         <value>0x3fe6cc</value>
         <object_component_ref idref="oc-168"/>
      </symbol>
      <symbol id="sm-d04">
         <name>_IQ14mpyRndSatTable</name>
         <value>0x3fe6d8</value>
         <object_component_ref idref="oc-168"/>
      </symbol>
      <symbol id="sm-d05">
         <name>_IQ13mpyRndSatTable</name>
         <value>0x3fe6e4</value>
         <object_component_ref idref="oc-168"/>
      </symbol>
      <symbol id="sm-d06">
         <name>_IQmpyRndSatTable</name>
         <value>0x3fe618</value>
         <object_component_ref idref="oc-168"/>
      </symbol>
      <symbol id="sm-d07">
         <name>_IQ12mpyRndSatTable</name>
         <value>0x3fe6f0</value>
         <object_component_ref idref="oc-168"/>
      </symbol>
      <symbol id="sm-d08">
         <name>_IQdivRoundSatTable</name>
         <value>0x3fe132</value>
         <object_component_ref idref="oc-168"/>
      </symbol>
      <symbol id="sm-d09">
         <name>_IQisqrtRoundSatTable</name>
         <value>0x3fe342</value>
         <object_component_ref idref="oc-168"/>
      </symbol>
      <symbol id="sm-d0a">
         <name>_IQ11mpyRndSatTable</name>
         <value>0x3fe6fc</value>
         <object_component_ref idref="oc-168"/>
      </symbol>
      <symbol id="sm-d0b">
         <name>_IQcosTable</name>
         <value>0x3fdd30</value>
         <object_component_ref idref="oc-168"/>
      </symbol>
      <symbol id="sm-d0c">
         <name>_IQ10mpyRndSatTable</name>
         <value>0x3fe708</value>
         <object_component_ref idref="oc-168"/>
      </symbol>
      <symbol id="sm-d0d">
         <name>_IQmpyRndSatTableEnd</name>
         <value>0x3fe780</value>
         <object_component_ref idref="oc-168"/>
      </symbol>
      <symbol id="sm-d0e">
         <name>_IQ19mpyRndSatTable</name>
         <value>0x3fe69c</value>
         <object_component_ref idref="oc-168"/>
      </symbol>
      <symbol id="sm-d0f">
         <name>_IQ27mpyRndSatTable</name>
         <value>0x3fe63c</value>
         <object_component_ref idref="oc-168"/>
      </symbol>
      <symbol id="sm-d10">
         <name>_IQ18mpyRndSatTable</name>
         <value>0x3fe6a8</value>
         <object_component_ref idref="oc-168"/>
      </symbol>
      <symbol id="sm-d11">
         <name>_IQ26mpyRndSatTable</name>
         <value>0x3fe648</value>
         <object_component_ref idref="oc-168"/>
      </symbol>
      <symbol id="sm-d12">
         <name>_IQ25mpyRndSatTable</name>
         <value>0x3fe654</value>
         <object_component_ref idref="oc-168"/>
      </symbol>
      <symbol id="sm-d13">
         <name>_IQsinTable</name>
         <value>0x3fdc30</value>
         <object_component_ref idref="oc-168"/>
      </symbol>
      <symbol id="sm-d14">
         <name>_IQ24mpyRndSatTable</name>
         <value>0x3fe660</value>
         <object_component_ref idref="oc-168"/>
      </symbol>
      <symbol id="sm-d15">
         <name>_IQdivTableEnd</name>
         <value>0x3fe342</value>
         <object_component_ref idref="oc-168"/>
      </symbol>
      <symbol id="sm-d16">
         <name>_IQ23mpyRndSatTable</name>
         <value>0x3fe66c</value>
         <object_component_ref idref="oc-168"/>
      </symbol>
      <symbol id="sm-d17">
         <name>_IQ22mpyRndSatTable</name>
         <value>0x3fe678</value>
         <object_component_ref idref="oc-168"/>
      </symbol>
      <symbol id="sm-d18">
         <name>_IQ21mpyRndSatTable</name>
         <value>0x3fe684</value>
         <object_component_ref idref="oc-168"/>
      </symbol>
      <symbol id="sm-d19">
         <name>_IQ20mpyRndSatTable</name>
         <value>0x3fe690</value>
         <object_component_ref idref="oc-168"/>
      </symbol>
      <symbol id="sm-d1a">
         <name>_IQsinTableEnd</name>
         <value>0x3fe030</value>
         <object_component_ref idref="oc-168"/>
      </symbol>
      <symbol id="sm-d1b">
         <name>_IQdivTable</name>
         <value>0x3fe140</value>
         <object_component_ref idref="oc-168"/>
      </symbol>
      <symbol id="sm-d1c">
         <name>_IQ2mpyRndSatTable</name>
         <value>0x3fe768</value>
         <object_component_ref idref="oc-168"/>
      </symbol>
      <symbol id="sm-d1d">
         <name>_IQ3mpyRndSatTable</name>
         <value>0x3fe75c</value>
         <object_component_ref idref="oc-168"/>
      </symbol>
      <symbol id="sm-d1e">
         <name>_IQ1mpyRndSatTable</name>
         <value>0x3fe774</value>
         <object_component_ref idref="oc-168"/>
      </symbol>
      <symbol id="sm-d1f">
         <name>_IQ29mpyRndSatTable</name>
         <value>0x3fe624</value>
         <object_component_ref idref="oc-168"/>
      </symbol>
      <symbol id="sm-d20">
         <name>_IQ6mpyRndSatTable</name>
         <value>0x3fe738</value>
         <object_component_ref idref="oc-168"/>
      </symbol>
      <symbol id="sm-d21">
         <name>_IQatan2TableEnd</name>
         <value>0x3fe618</value>
         <object_component_ref idref="oc-168"/>
      </symbol>
      <symbol id="sm-d22">
         <name>_IQ28mpyRndSatTable</name>
         <value>0x3fe630</value>
         <object_component_ref idref="oc-168"/>
      </symbol>
      <symbol id="sm-d23">
         <name>_IQ7mpyRndSatTable</name>
         <value>0x3fe72c</value>
         <object_component_ref idref="oc-168"/>
      </symbol>
      <symbol id="sm-d2c">
         <name>__IQ24div</name>
         <value>0x3f4013</value>
         <object_component_ref idref="oc-169"/>
      </symbol>
      <symbol id="sm-d34">
         <name>__IQ24mpyI32int</name>
         <value>0x3f4102</value>
         <object_component_ref idref="oc-16d"/>
      </symbol>
      <symbol id="sm-d3d">
         <name>__IQ24sinPU</name>
         <value>0x3f409c</value>
         <object_component_ref idref="oc-171"/>
      </symbol>
      <symbol id="sm-d45">
         <name>__IQ24sqrt</name>
         <value>0x3f405a</value>
         <object_component_ref idref="oc-175"/>
      </symbol>
      <symbol id="sm-d4d">
         <name>__IQ30toF</name>
         <value>0x3f40ec</value>
         <object_component_ref idref="oc-179"/>
      </symbol>
      <symbol id="sm-d68">
         <name>_c_int00</name>
         <value>0x3f2180</value>
         <object_component_ref idref="oc-19"/>
      </symbol>
      <symbol id="sm-d69">
         <name>__stack</name>
         <value>0x50</value>
         <object_component_ref idref="oc-17d"/>
      </symbol>
      <symbol id="sm-d78">
         <name>__args_main</name>
         <value>0x3f267d</value>
         <object_component_ref idref="oc-254"/>
      </symbol>
      <symbol id="sm-d85">
         <name>__system_post_cinit</name>
         <value>0x3eda63</value>
         <object_component_ref idref="oc-253"/>
      </symbol>
      <symbol id="sm-d91">
         <name>__system_pre_init</name>
         <value>0x3f2774</value>
         <object_component_ref idref="oc-251"/>
      </symbol>
      <symbol id="sm-da7">
         <name>_ceilf</name>
         <value>0x3f21d6</value>
         <object_component_ref idref="oc-33a"/>
      </symbol>
      <symbol id="sm-da8">
         <name>_ceil</name>
         <value>0x3f21d6</value>
         <object_component_ref idref="oc-33a"/>
      </symbol>
      <symbol id="sm-db7">
         <name>_copy_in</name>
         <value>0x3f2522</value>
         <object_component_ref idref="oc-252"/>
      </symbol>
      <symbol id="sm-dcb">
         <name>C$$EXIT</name>
         <value>0x3f2489</value>
         <object_component_ref idref="oc-255"/>
      </symbol>
      <symbol id="sm-dcc">
         <name>_exit</name>
         <value>0x3f248b</value>
         <object_component_ref idref="oc-255"/>
      </symbol>
      <symbol id="sm-dcd">
         <name>___TI_cleanup_ptr</name>
         <value>0x902a</value>
         <object_component_ref idref="oc-19f"/>
      </symbol>
      <symbol id="sm-dce">
         <name>___TI_enable_exit_profile_output</name>
         <value>0x9028</value>
         <object_component_ref idref="oc-19f"/>
      </symbol>
      <symbol id="sm-dcf">
         <name>_abort</name>
         <value>0x3f2489</value>
         <object_component_ref idref="oc-255"/>
      </symbol>
      <symbol id="sm-dd0">
         <name>___TI_dtors_ptr</name>
         <value>0x902c</value>
         <object_component_ref idref="oc-19f"/>
      </symbol>
      <symbol id="sm-de4">
         <name>__unlock</name>
         <value>0x9034</value>
         <object_component_ref idref="oc-33c"/>
      </symbol>
      <symbol id="sm-de5">
         <name>__lock</name>
         <value>0x9032</value>
         <object_component_ref idref="oc-2d9"/>
      </symbol>
      <symbol id="sm-de6">
         <name>__register_lock</name>
         <value>0x3f2739</value>
         <object_component_ref idref="oc-32e"/>
      </symbol>
      <symbol id="sm-de7">
         <name>__nop</name>
         <value>0x3f273d</value>
         <object_component_ref idref="oc-32e"/>
      </symbol>
      <symbol id="sm-de8">
         <name>__register_unlock</name>
         <value>0x3f2735</value>
         <object_component_ref idref="oc-32e"/>
      </symbol>
      <symbol id="sm-e0e">
         <name>_logf</name>
         <value>0x3f1209</value>
         <object_component_ref idref="oc-339"/>
      </symbol>
      <symbol id="sm-e0f">
         <name>_log</name>
         <value>0x3f1209</value>
         <object_component_ref idref="oc-339"/>
      </symbol>
      <symbol id="sm-e19">
         <name>_errno</name>
         <value>0x9037</value>
         <object_component_ref idref="oc-1b1"/>
      </symbol>
      <symbol id="sm-e2a">
         <name>_memcpy</name>
         <value>0x3f260a</value>
         <object_component_ref idref="oc-2d8"/>
      </symbol>
      <symbol id="sm-e81">
         <name>_powf</name>
         <value>0x3f047d</value>
         <object_component_ref idref="oc-33b"/>
      </symbol>
      <symbol id="sm-e82">
         <name>_pow</name>
         <value>0x3f047d</value>
         <object_component_ref idref="oc-33b"/>
      </symbol>
      <symbol id="sm-e9a">
         <name>_scalbn</name>
         <value>0x3f2129</value>
         <object_component_ref idref="oc-34a"/>
      </symbol>
      <symbol id="sm-e9b">
         <name>_ldexp</name>
         <value>0x3f2129</value>
         <object_component_ref idref="oc-34a"/>
      </symbol>
      <symbol id="sm-e9c">
         <name>_scalbnf</name>
         <value>0x3f2129</value>
         <object_component_ref idref="oc-34a"/>
      </symbol>
      <symbol id="sm-e9d">
         <name>_ldexpf</name>
         <value>0x3f2129</value>
         <object_component_ref idref="oc-34a"/>
      </symbol>
      <symbol id="sm-ea9">
         <name>_copysignf</name>
         <value>0x3f26bf</value>
         <object_component_ref idref="oc-34d"/>
      </symbol>
      <symbol id="sm-eaa">
         <name>_copysign</name>
         <value>0x3f26bf</value>
         <object_component_ref idref="oc-34d"/>
      </symbol>
      <symbol id="sm-eb8">
         <name>_sprintf</name>
         <value>0x3f2345</value>
         <object_component_ref idref="oc-2ec"/>
      </symbol>
      <symbol id="sm-1012">
         <name>___TI_printfi</name>
         <value>0x3ecbb1</value>
         <object_component_ref idref="oc-332"/>
      </symbol>
      <symbol id="sm-1022">
         <name>FD$$CMP</name>
         <value>0x3f2435</value>
         <object_component_ref idref="oc-1d5"/>
      </symbol>
      <symbol id="sm-1039">
         <name>FD$$DIV</name>
         <value>0x3f1e6d</value>
         <object_component_ref idref="oc-1da"/>
      </symbol>
      <symbol id="sm-1046">
         <name>FD$$NEG</name>
         <value>0x3f273e</value>
         <object_component_ref idref="oc-1df"/>
      </symbol>
      <symbol id="sm-1052">
         <name>FD$$SUB</name>
         <value>0x3f26ed</value>
         <object_component_ref idref="oc-1e4"/>
      </symbol>
      <symbol id="sm-106d">
         <name>FD$$ADD</name>
         <value>0x3f1dd1</value>
         <object_component_ref idref="oc-1e9"/>
      </symbol>
      <symbol id="sm-107c">
         <name>FD$$TOI</name>
         <value>0x3f258c</value>
         <object_component_ref idref="oc-1ee"/>
      </symbol>
      <symbol id="sm-108c">
         <name>I$$TOFD</name>
         <value>0x3f2628</value>
         <object_component_ref idref="oc-1f3"/>
      </symbol>
      <symbol id="sm-109c">
         <name>L$$TOFD</name>
         <value>0x3f2661</value>
         <object_component_ref idref="oc-1f8"/>
      </symbol>
      <symbol id="sm-10a8">
         <name>LL$$AND</name>
         <value>0x3f2696</value>
         <object_component_ref idref="oc-1fd"/>
      </symbol>
      <symbol id="sm-10a9">
         <name>LL$$OR</name>
         <value>0x3f269e</value>
         <object_component_ref idref="oc-1fd"/>
      </symbol>
      <symbol id="sm-10aa">
         <name>LL$$XOR</name>
         <value>0x3f26a6</value>
         <object_component_ref idref="oc-1fd"/>
      </symbol>
      <symbol id="sm-10b8">
         <name>ULL$$CMP</name>
         <value>0x3f25fe</value>
         <object_component_ref idref="oc-202"/>
      </symbol>
      <symbol id="sm-10b9">
         <name>LL$$CMP</name>
         <value>0x3f25ec</value>
         <object_component_ref idref="oc-202"/>
      </symbol>
      <symbol id="sm-10e5">
         <name>ULL$$MOD</name>
         <value>0x3f161c</value>
         <object_component_ref idref="oc-207"/>
      </symbol>
      <symbol id="sm-10e6">
         <name>ULL$$DIV</name>
         <value>0x3f15ed</value>
         <object_component_ref idref="oc-207"/>
      </symbol>
      <symbol id="sm-10e7">
         <name>LL$$MOD</name>
         <value>0x3f15b3</value>
         <object_component_ref idref="oc-207"/>
      </symbol>
      <symbol id="sm-10e8">
         <name>LL$$DIV</name>
         <value>0x3f1577</value>
         <object_component_ref idref="oc-207"/>
      </symbol>
      <symbol id="sm-10fc">
         <name>_atoi</name>
         <value>0x3f23a9</value>
         <object_component_ref idref="oc-33d"/>
      </symbol>
      <symbol id="sm-1104">
         <name>__ctypes_</name>
         <value>0x3f2a57</value>
         <object_component_ref idref="oc-34b"/>
      </symbol>
      <symbol id="sm-1117">
         <name>_frexpl</name>
         <value>0x3f20cf</value>
         <object_component_ref idref="oc-340"/>
      </symbol>
      <symbol id="sm-1135">
         <name>_scalbnl</name>
         <value>0x3f1c7d</value>
         <object_component_ref idref="oc-341"/>
      </symbol>
      <symbol id="sm-1136">
         <name>_ldexpl</name>
         <value>0x3f1c7d</value>
         <object_component_ref idref="oc-341"/>
      </symbol>
      <symbol id="sm-1143">
         <name>_copysignl</name>
         <value>0x3f2546</value>
         <object_component_ref idref="oc-34c"/>
      </symbol>
      <symbol id="sm-1151">
         <name>_ltoa</name>
         <value>0x3f23da</value>
         <object_component_ref idref="oc-33f"/>
      </symbol>
      <symbol id="sm-1160">
         <name>_memccpy</name>
         <value>0x3f26fb</value>
         <object_component_ref idref="oc-344"/>
      </symbol>
      <symbol id="sm-116e">
         <name>_memset</name>
         <value>0x3f2708</value>
         <object_component_ref idref="oc-343"/>
      </symbol>
      <symbol id="sm-117e">
         <name>_sqrtf</name>
         <value>0x3f24b2</value>
         <object_component_ref idref="oc-346"/>
      </symbol>
      <symbol id="sm-117f">
         <name>_sqrt</name>
         <value>0x3f24b2</value>
         <object_component_ref idref="oc-346"/>
      </symbol>
      <symbol id="sm-118e">
         <name>_strcat</name>
         <value>0x3f2747</value>
         <object_component_ref idref="oc-2ed"/>
      </symbol>
      <symbol id="sm-119d">
         <name>_strchr</name>
         <value>0x3f2714</value>
         <object_component_ref idref="oc-342"/>
      </symbol>
      <symbol id="sm-11aa">
         <name>_strcpy</name>
         <value>0x3f276f</value>
         <object_component_ref idref="oc-2eb"/>
      </symbol>
      <symbol id="sm-11b7">
         <name>_strlen</name>
         <value>0x3f2761</value>
         <object_component_ref idref="oc-33e"/>
      </symbol>
      <symbol id="sm-11c5">
         <name>_wcslen</name>
         <value>0x3f2750</value>
         <object_component_ref idref="oc-345"/>
      </symbol>
   </symbol_table>
   <title>Link successful</title>
</link_info>
