<?xml version="1.0" encoding="ISO-8859-1" ?>
<link_info>
   <banner>TMS320C2000 Linker PC v18.1.1.LTS</banner>
   <copyright>Copyright (c) 1996-2017 Texas Instruments Incorporated</copyright>
   <link_time>0x5bbc68b2</link_time>
   <link_errors>0x0</link_errors>
   <output_file>EV_28069M_Fpu32.out</output_file>
   <entry_point>
      <name>_c_int00</name>
      <address>0x3f2af3</address>
   </entry_point>
   <input_file_list>
      <input_file id="fl-3">
         <path>.\</path>
         <kind>object</kind>
         <file>CodeStartBranch.obj</file>
         <name>CodeStartBranch.obj</name>
      </input_file>
      <input_file id="fl-4">
         <path>.\</path>
         <kind>object</kind>
         <file>Main.obj</file>
         <name>Main.obj</name>
      </input_file>
      <input_file id="fl-5">
         <path>.\</path>
         <kind>object</kind>
         <file>adc.obj</file>
         <name>adc.obj</name>
      </input_file>
      <input_file id="fl-6">
         <path>.\</path>
         <kind>object</kind>
         <file>clarke.obj</file>
         <name>clarke.obj</name>
      </input_file>
      <input_file id="fl-7">
         <path>.\</path>
         <kind>object</kind>
         <file>clk.obj</file>
         <name>clk.obj</name>
      </input_file>
      <input_file id="fl-8">
         <path>.\</path>
         <kind>object</kind>
         <file>cpu.obj</file>
         <name>cpu.obj</name>
      </input_file>
      <input_file id="fl-9">
         <path>.\</path>
         <kind>object</kind>
         <file>ctrlQEP.obj</file>
         <name>ctrlQEP.obj</name>
      </input_file>
      <input_file id="fl-a">
         <path>.\</path>
         <kind>object</kind>
         <file>datalog.obj</file>
         <name>datalog.obj</name>
      </input_file>
      <input_file id="fl-b">
         <path>.\</path>
         <kind>object</kind>
         <file>enc.obj</file>
         <name>enc.obj</name>
      </input_file>
      <input_file id="fl-c">
         <path>.\</path>
         <kind>object</kind>
         <file>filter.obj</file>
         <name>filter.obj</name>
      </input_file>
      <input_file id="fl-d">
         <path>.\</path>
         <kind>object</kind>
         <file>filter_fo.obj</file>
         <name>filter_fo.obj</name>
      </input_file>
      <input_file id="fl-e">
         <path>.\</path>
         <kind>object</kind>
         <file>flash.obj</file>
         <name>flash.obj</name>
      </input_file>
      <input_file id="fl-f">
         <path>.\</path>
         <kind>object</kind>
         <file>gpio.obj</file>
         <name>gpio.obj</name>
      </input_file>
      <input_file id="fl-10">
         <path>.\</path>
         <kind>object</kind>
         <file>hal.obj</file>
         <name>hal.obj</name>
      </input_file>
      <input_file id="fl-11">
         <path>.\</path>
         <kind>object</kind>
         <file>hallbldc.obj</file>
         <name>hallbldc.obj</name>
      </input_file>
      <input_file id="fl-12">
         <path>.\</path>
         <kind>object</kind>
         <file>i2c.obj</file>
         <name>i2c.obj</name>
      </input_file>
      <input_file id="fl-13">
         <path>.\</path>
         <kind>object</kind>
         <file>i2c_24lc32.obj</file>
         <name>i2c_24lc32.obj</name>
      </input_file>
      <input_file id="fl-14">
         <path>.\</path>
         <kind>object</kind>
         <file>i2c_lcd.obj</file>
         <name>i2c_lcd.obj</name>
      </input_file>
      <input_file id="fl-15">
         <path>.\</path>
         <kind>object</kind>
         <file>i2c_mcp23017.obj</file>
         <name>i2c_mcp23017.obj</name>
      </input_file>
      <input_file id="fl-16">
         <path>.\</path>
         <kind>object</kind>
         <file>i2c_message.obj</file>
         <name>i2c_message.obj</name>
      </input_file>
      <input_file id="fl-17">
         <path>.\</path>
         <kind>object</kind>
         <file>ipark.obj</file>
         <name>ipark.obj</name>
      </input_file>
      <input_file id="fl-18">
         <path>.\</path>
         <kind>object</kind>
         <file>memCopy.obj</file>
         <name>memCopy.obj</name>
      </input_file>
      <input_file id="fl-19">
         <path>.\</path>
         <kind>object</kind>
         <file>offset.obj</file>
         <name>offset.obj</name>
      </input_file>
      <input_file id="fl-1a">
         <path>.\</path>
         <kind>object</kind>
         <file>osc.obj</file>
         <name>osc.obj</name>
      </input_file>
      <input_file id="fl-1b">
         <path>.\</path>
         <kind>object</kind>
         <file>park.obj</file>
         <name>park.obj</name>
      </input_file>
      <input_file id="fl-1c">
         <path>.\</path>
         <kind>object</kind>
         <file>pid.obj</file>
         <name>pid.obj</name>
      </input_file>
      <input_file id="fl-1d">
         <path>.\</path>
         <kind>object</kind>
         <file>pie.obj</file>
         <name>pie.obj</name>
      </input_file>
      <input_file id="fl-1e">
         <path>.\</path>
         <kind>object</kind>
         <file>pll.obj</file>
         <name>pll.obj</name>
      </input_file>
      <input_file id="fl-1f">
         <path>.\</path>
         <kind>object</kind>
         <file>pwm.obj</file>
         <name>pwm.obj</name>
      </input_file>
      <input_file id="fl-20">
         <path>.\</path>
         <kind>object</kind>
         <file>pwr.obj</file>
         <name>pwr.obj</name>
      </input_file>
      <input_file id="fl-21">
         <path>.\</path>
         <kind>object</kind>
         <file>qep.obj</file>
         <name>qep.obj</name>
      </input_file>
      <input_file id="fl-22">
         <path>.\</path>
         <kind>object</kind>
         <file>sci.obj</file>
         <name>sci.obj</name>
      </input_file>
      <input_file id="fl-23">
         <path>.\</path>
         <kind>object</kind>
         <file>sci_message.obj</file>
         <name>sci_message.obj</name>
      </input_file>
      <input_file id="fl-24">
         <path>.\</path>
         <kind>object</kind>
         <file>sci_modbus.obj</file>
         <name>sci_modbus.obj</name>
      </input_file>
      <input_file id="fl-25">
         <path>.\</path>
         <kind>object</kind>
         <file>sci_operator.obj</file>
         <name>sci_operator.obj</name>
      </input_file>
      <input_file id="fl-26">
         <path>.\</path>
         <kind>object</kind>
         <file>spi.obj</file>
         <name>spi.obj</name>
      </input_file>
      <input_file id="fl-27">
         <path>.\</path>
         <kind>object</kind>
         <file>svgen.obj</file>
         <name>svgen.obj</name>
      </input_file>
      <input_file id="fl-28">
         <path>.\</path>
         <kind>object</kind>
         <file>throttle.obj</file>
         <name>throttle.obj</name>
      </input_file>
      <input_file id="fl-29">
         <path>.\</path>
         <kind>object</kind>
         <file>timer.obj</file>
         <name>timer.obj</name>
      </input_file>
      <input_file id="fl-2a">
         <path>.\</path>
         <kind>object</kind>
         <file>traj.obj</file>
         <name>traj.obj</name>
      </input_file>
      <input_file id="fl-2b">
         <path>.\</path>
         <kind>object</kind>
         <file>usDelay.obj</file>
         <name>usDelay.obj</name>
      </input_file>
      <input_file id="fl-2c">
         <path>.\</path>
         <kind>object</kind>
         <file>user.obj</file>
         <name>user.obj</name>
      </input_file>
      <input_file id="fl-2d">
         <path>.\</path>
         <kind>object</kind>
         <file>user_data.obj</file>
         <name>user_data.obj</name>
      </input_file>
      <input_file id="fl-2e">
         <path>.\</path>
         <kind>object</kind>
         <file>wdog.obj</file>
         <name>wdog.obj</name>
      </input_file>
      <input_file id="fl-33">
         <kind>object</kind>
         <file>&lt;internal&gt;</file>
         <name>&lt;internal&gt;</name>
      </input_file>
      <input_file id="fl-34">
         <path>D:\TI\ccsv8\tools\compiler\ti-cgt-c2000_18.1.1.LTS\lib\</path>
         <kind>archive</kind>
         <file>rts2800_fpu32.lib</file>
         <name>fd_mpy28.asm.obj</name>
      </input_file>
      <input_file id="fl-35">
         <path>D:\TI\ccsv8\tools\compiler\ti-cgt-c2000_18.1.1.LTS\lib\</path>
         <kind>archive</kind>
         <file>rts2800_fpu32.lib</file>
         <name>fd_tol28.asm.obj</name>
      </input_file>
      <input_file id="fl-36">
         <path>D:\TI\ccsv8\tools\compiler\ti-cgt-c2000_18.1.1.LTS\lib\</path>
         <kind>archive</kind>
         <file>rts2800_fpu32.lib</file>
         <name>fs_div28.asm.obj</name>
      </input_file>
      <input_file id="fl-37">
         <path>D:\TI\ccsv8\tools\compiler\ti-cgt-c2000_18.1.1.LTS\lib\</path>
         <kind>archive</kind>
         <file>rts2800_fpu32.lib</file>
         <name>fs_tofdfpu32.asm.obj</name>
      </input_file>
      <input_file id="fl-38">
         <path>D:\TI\ccsv8\tools\compiler\ti-cgt-c2000_18.1.1.LTS\lib\</path>
         <kind>archive</kind>
         <file>rts2800_fpu32.lib</file>
         <name>i_div28.asm.obj</name>
      </input_file>
      <input_file id="fl-39">
         <path>D:\TI\ccsv8\tools\compiler\ti-cgt-c2000_18.1.1.LTS\lib\</path>
         <kind>archive</kind>
         <file>rts2800_fpu32.lib</file>
         <name>l_div28.asm.obj</name>
      </input_file>
      <input_file id="fl-3a">
         <path>D:\TI\ccsv8\tools\compiler\ti-cgt-c2000_18.1.1.LTS\lib\</path>
         <kind>archive</kind>
         <file>rts2800_fpu32.lib</file>
         <name>u_div28.asm.obj</name>
      </input_file>
      <input_file id="fl-3b">
         <path>..\sw\modules\fast\lib\32b\f28x\f2806x\</path>
         <kind>archive</kind>
         <file>2806xRevB_FastSpinROMSymbols_fpu32.lib</file>
         <name>TMS320x2806x_REVB_boot_rom_out__CTRL_getVersion_tmp.obj</name>
      </input_file>
      <input_file id="fl-3c">
         <path>..\sw\modules\fast\lib\32b\f28x\f2806x\</path>
         <kind>archive</kind>
         <file>2806xRevB_FastSpinROMSymbols_fpu32.lib</file>
         <name>TMS320x2806x_REVB_boot_rom_out__CTRL_initCtrl_tmp.obj</name>
      </input_file>
      <input_file id="fl-3d">
         <path>..\sw\modules\fast\lib\32b\f28x\f2806x\</path>
         <kind>archive</kind>
         <file>2806xRevB_FastSpinROMSymbols_fpu32.lib</file>
         <name>TMS320x2806x_REVB_boot_rom_out__CTRL_runTraj_tmp.obj</name>
      </input_file>
      <input_file id="fl-3e">
         <path>..\sw\modules\fast\lib\32b\f28x\f2806x\</path>
         <kind>archive</kind>
         <file>2806xRevB_FastSpinROMSymbols_fpu32.lib</file>
         <name>TMS320x2806x_REVB_boot_rom_out__CTRL_setEstParams_tmp.obj</name>
      </input_file>
      <input_file id="fl-3f">
         <path>..\sw\modules\fast\lib\32b\f28x\f2806x\</path>
         <kind>archive</kind>
         <file>2806xRevB_FastSpinROMSymbols_fpu32.lib</file>
         <name>TMS320x2806x_REVB_boot_rom_out__CTRL_setUserMotorParams_tmp.obj</name>
      </input_file>
      <input_file id="fl-40">
         <path>..\sw\modules\fast\lib\32b\f28x\f2806x\</path>
         <kind>archive</kind>
         <file>2806xRevB_FastSpinROMSymbols_fpu32.lib</file>
         <name>TMS320x2806x_REVB_boot_rom_out__CTRL_setupCtrl_tmp.obj</name>
      </input_file>
      <input_file id="fl-41">
         <path>..\sw\modules\fast\lib\32b\f28x\f2806x\</path>
         <kind>archive</kind>
         <file>2806xRevB_FastSpinROMSymbols_fpu32.lib</file>
         <name>TMS320x2806x_REVB_boot_rom_out__CTRL_setupEstIdleState_tmp.obj</name>
      </input_file>
      <input_file id="fl-42">
         <path>..\sw\modules\fast\lib\32b\f28x\f2806x\</path>
         <kind>archive</kind>
         <file>2806xRevB_FastSpinROMSymbols_fpu32.lib</file>
         <name>TMS320x2806x_REVB_boot_rom_out__CTRL_setupEstOnLineState_tmp.obj</name>
      </input_file>
      <input_file id="fl-43">
         <path>..\sw\modules\fast\lib\32b\f28x\f2806x\</path>
         <kind>archive</kind>
         <file>2806xRevB_FastSpinROMSymbols_fpu32.lib</file>
         <name>TMS320x2806x_REVB_boot_rom_out__CTRL_setupTraj_tmp.obj</name>
      </input_file>
      <input_file id="fl-44">
         <path>..\sw\modules\fast\lib\32b\f28x\f2806x\</path>
         <kind>archive</kind>
         <file>2806xRevB_FastSpinROMSymbols_fpu32.lib</file>
         <name>TMS320x2806x_REVB_boot_rom_out__EST_doCurrentCtrl_tmp.obj</name>
      </input_file>
      <input_file id="fl-45">
         <path>..\sw\modules\fast\lib\32b\f28x\f2806x\</path>
         <kind>archive</kind>
         <file>2806xRevB_FastSpinROMSymbols_fpu32.lib</file>
         <name>TMS320x2806x_REVB_boot_rom_out__EST_doSpeedCtrl_tmp.obj</name>
      </input_file>
      <input_file id="fl-46">
         <path>..\sw\modules\fast\lib\32b\f28x\f2806x\</path>
         <kind>archive</kind>
         <file>2806xRevB_FastSpinROMSymbols_fpu32.lib</file>
         <name>TMS320x2806x_REVB_boot_rom_out__EST_getAngle_pu_tmp.obj</name>
      </input_file>
      <input_file id="fl-47">
         <path>..\sw\modules\fast\lib\32b\f28x\f2806x\</path>
         <kind>archive</kind>
         <file>2806xRevB_FastSpinROMSymbols_fpu32.lib</file>
         <name>TMS320x2806x_REVB_boot_rom_out__EST_getFlux_VpHz_tmp.obj</name>
      </input_file>
      <input_file id="fl-48">
         <path>..\sw\modules\fast\lib\32b\f28x\f2806x\</path>
         <kind>archive</kind>
         <file>2806xRevB_FastSpinROMSymbols_fpu32.lib</file>
         <name>TMS320x2806x_REVB_boot_rom_out__EST_getFlux_pu_tmp.obj</name>
      </input_file>
      <input_file id="fl-49">
         <path>..\sw\modules\fast\lib\32b\f28x\f2806x\</path>
         <kind>archive</kind>
         <file>2806xRevB_FastSpinROMSymbols_fpu32.lib</file>
         <name>TMS320x2806x_REVB_boot_rom_out__EST_getFm_pu_tmp.obj</name>
      </input_file>
      <input_file id="fl-4a">
         <path>..\sw\modules\fast\lib\32b\f28x\f2806x\</path>
         <kind>archive</kind>
         <file>2806xRevB_FastSpinROMSymbols_fpu32.lib</file>
         <name>TMS320x2806x_REVB_boot_rom_out__EST_getIdRated_tmp.obj</name>
      </input_file>
      <input_file id="fl-4b">
         <path>..\sw\modules\fast\lib\32b\f28x\f2806x\</path>
         <kind>archive</kind>
         <file>2806xRevB_FastSpinROMSymbols_fpu32.lib</file>
         <name>TMS320x2806x_REVB_boot_rom_out__EST_getLs_coarse_max_pu_tmp.obj</name>
      </input_file>
      <input_file id="fl-4c">
         <path>..\sw\modules\fast\lib\32b\f28x\f2806x\</path>
         <kind>archive</kind>
         <file>2806xRevB_FastSpinROMSymbols_fpu32.lib</file>
         <name>TMS320x2806x_REVB_boot_rom_out__EST_getLs_d_H_tmp.obj</name>
      </input_file>
      <input_file id="fl-4d">
         <path>..\sw\modules\fast\lib\32b\f28x\f2806x\</path>
         <kind>archive</kind>
         <file>2806xRevB_FastSpinROMSymbols_fpu32.lib</file>
         <name>TMS320x2806x_REVB_boot_rom_out__EST_getLs_d_pu_tmp.obj</name>
      </input_file>
      <input_file id="fl-4e">
         <path>..\sw\modules\fast\lib\32b\f28x\f2806x\</path>
         <kind>archive</kind>
         <file>2806xRevB_FastSpinROMSymbols_fpu32.lib</file>
         <name>TMS320x2806x_REVB_boot_rom_out__EST_getLs_q_H_tmp.obj</name>
      </input_file>
      <input_file id="fl-4f">
         <path>..\sw\modules\fast\lib\32b\f28x\f2806x\</path>
         <kind>archive</kind>
         <file>2806xRevB_FastSpinROMSymbols_fpu32.lib</file>
         <name>TMS320x2806x_REVB_boot_rom_out__EST_getLs_q_pu_tmp.obj</name>
      </input_file>
      <input_file id="fl-50">
         <path>..\sw\modules\fast\lib\32b\f28x\f2806x\</path>
         <kind>archive</kind>
         <file>2806xRevB_FastSpinROMSymbols_fpu32.lib</file>
         <name>TMS320x2806x_REVB_boot_rom_out__EST_getMaxCurrentSlope_pu_tmp.obj</name>
      </input_file>
      <input_file id="fl-51">
         <path>..\sw\modules\fast\lib\32b\f28x\f2806x\</path>
         <kind>archive</kind>
         <file>2806xRevB_FastSpinROMSymbols_fpu32.lib</file>
         <name>TMS320x2806x_REVB_boot_rom_out__EST_getOneOverDcBus_pu_tmp.obj</name>
      </input_file>
      <input_file id="fl-52">
         <path>..\sw\modules\fast\lib\32b\f28x\f2806x\</path>
         <kind>archive</kind>
         <file>2806xRevB_FastSpinROMSymbols_fpu32.lib</file>
         <name>TMS320x2806x_REVB_boot_rom_out__EST_getRr_Ohm_tmp.obj</name>
      </input_file>
      <input_file id="fl-53">
         <path>..\sw\modules\fast\lib\32b\f28x\f2806x\</path>
         <kind>archive</kind>
         <file>2806xRevB_FastSpinROMSymbols_fpu32.lib</file>
         <name>TMS320x2806x_REVB_boot_rom_out__EST_getRs_Ohm_tmp.obj</name>
      </input_file>
      <input_file id="fl-54">
         <path>..\sw\modules\fast\lib\32b\f28x\f2806x\</path>
         <kind>archive</kind>
         <file>2806xRevB_FastSpinROMSymbols_fpu32.lib</file>
         <name>TMS320x2806x_REVB_boot_rom_out__EST_getSpeed_krpm_tmp.obj</name>
      </input_file>
      <input_file id="fl-55">
         <path>..\sw\modules\fast\lib\32b\f28x\f2806x\</path>
         <kind>archive</kind>
         <file>2806xRevB_FastSpinROMSymbols_fpu32.lib</file>
         <name>TMS320x2806x_REVB_boot_rom_out__EST_getState_tmp.obj</name>
      </input_file>
      <input_file id="fl-56">
         <path>..\sw\modules\fast\lib\32b\f28x\f2806x\</path>
         <kind>archive</kind>
         <file>2806xRevB_FastSpinROMSymbols_fpu32.lib</file>
         <name>TMS320x2806x_REVB_boot_rom_out__EST_get_krpm_to_pu_sf_tmp.obj</name>
      </input_file>
      <input_file id="fl-57">
         <path>..\sw\modules\fast\lib\32b\f28x\f2806x\</path>
         <kind>archive</kind>
         <file>2806xRevB_FastSpinROMSymbols_fpu32.lib</file>
         <name>TMS320x2806x_REVB_boot_rom_out__EST_get_pu_to_krpm_sf_tmp.obj</name>
      </input_file>
      <input_file id="fl-58">
         <path>..\sw\modules\fast\lib\32b\f28x\f2806x\</path>
         <kind>archive</kind>
         <file>2806xRevB_FastSpinROMSymbols_fpu32.lib</file>
         <name>TMS320x2806x_REVB_boot_rom_out__EST_isError_tmp.obj</name>
      </input_file>
      <input_file id="fl-59">
         <path>..\sw\modules\fast\lib\32b\f28x\f2806x\</path>
         <kind>archive</kind>
         <file>2806xRevB_FastSpinROMSymbols_fpu32.lib</file>
         <name>TMS320x2806x_REVB_boot_rom_out__EST_isIdle_tmp.obj</name>
      </input_file>
      <input_file id="fl-5a">
         <path>..\sw\modules\fast\lib\32b\f28x\f2806x\</path>
         <kind>archive</kind>
         <file>2806xRevB_FastSpinROMSymbols_fpu32.lib</file>
         <name>TMS320x2806x_REVB_boot_rom_out__EST_isLockRotor_tmp.obj</name>
      </input_file>
      <input_file id="fl-5b">
         <path>..\sw\modules\fast\lib\32b\f28x\f2806x\</path>
         <kind>archive</kind>
         <file>2806xRevB_FastSpinROMSymbols_fpu32.lib</file>
         <name>TMS320x2806x_REVB_boot_rom_out__EST_isMotorIdentified_tmp.obj</name>
      </input_file>
      <input_file id="fl-5c">
         <path>..\sw\modules\fast\lib\32b\f28x\f2806x\</path>
         <kind>archive</kind>
         <file>2806xRevB_FastSpinROMSymbols_fpu32.lib</file>
         <name>TMS320x2806x_REVB_boot_rom_out__EST_isOnLine_tmp.obj</name>
      </input_file>
      <input_file id="fl-5d">
         <path>..\sw\modules\fast\lib\32b\f28x\f2806x\</path>
         <kind>archive</kind>
         <file>2806xRevB_FastSpinROMSymbols_fpu32.lib</file>
         <name>TMS320x2806x_REVB_boot_rom_out__EST_run_tmp.obj</name>
      </input_file>
      <input_file id="fl-5e">
         <path>..\sw\modules\fast\lib\32b\f28x\f2806x\</path>
         <kind>archive</kind>
         <file>2806xRevB_FastSpinROMSymbols_fpu32.lib</file>
         <name>TMS320x2806x_REVB_boot_rom_out__EST_setFlag_enableForceAngle_tmp.obj</name>
      </input_file>
      <input_file id="fl-5f">
         <path>..\sw\modules\fast\lib\32b\f28x\f2806x\</path>
         <kind>archive</kind>
         <file>2806xRevB_FastSpinROMSymbols_fpu32.lib</file>
         <name>TMS320x2806x_REVB_boot_rom_out__EST_setFlag_enableRsRecalc_tmp.obj</name>
      </input_file>
      <input_file id="fl-60">
         <path>..\sw\modules\fast\lib\32b\f28x\f2806x\</path>
         <kind>archive</kind>
         <file>2806xRevB_FastSpinROMSymbols_fpu32.lib</file>
         <name>TMS320x2806x_REVB_boot_rom_out__EST_setId_ref_pu_tmp.obj</name>
      </input_file>
      <input_file id="fl-61">
         <path>..\sw\modules\fast\lib\32b\f28x\f2806x\</path>
         <kind>archive</kind>
         <file>2806xRevB_FastSpinROMSymbols_fpu32.lib</file>
         <name>TMS320x2806x_REVB_boot_rom_out__EST_setIdle_tmp.obj</name>
      </input_file>
      <input_file id="fl-62">
         <path>..\sw\modules\fast\lib\32b\f28x\f2806x\</path>
         <kind>archive</kind>
         <file>2806xRevB_FastSpinROMSymbols_fpu32.lib</file>
         <name>TMS320x2806x_REVB_boot_rom_out__EST_setIdle_all_tmp.obj</name>
      </input_file>
      <input_file id="fl-63">
         <path>..\sw\modules\fast\lib\32b\f28x\f2806x\</path>
         <kind>archive</kind>
         <file>2806xRevB_FastSpinROMSymbols_fpu32.lib</file>
         <name>TMS320x2806x_REVB_boot_rom_out__EST_setIq_ref_pu_tmp.obj</name>
      </input_file>
      <input_file id="fl-64">
         <path>..\sw\modules\fast\lib\32b\f28x\f2806x\</path>
         <kind>archive</kind>
         <file>2806xRevB_FastSpinROMSymbols_fpu32.lib</file>
         <name>TMS320x2806x_REVB_boot_rom_out__EST_setLs_d_pu_tmp.obj</name>
      </input_file>
      <input_file id="fl-65">
         <path>..\sw\modules\fast\lib\32b\f28x\f2806x\</path>
         <kind>archive</kind>
         <file>2806xRevB_FastSpinROMSymbols_fpu32.lib</file>
         <name>TMS320x2806x_REVB_boot_rom_out__EST_setLs_qFmt_tmp.obj</name>
      </input_file>
      <input_file id="fl-66">
         <path>..\sw\modules\fast\lib\32b\f28x\f2806x\</path>
         <kind>archive</kind>
         <file>2806xRevB_FastSpinROMSymbols_fpu32.lib</file>
         <name>TMS320x2806x_REVB_boot_rom_out__EST_setLs_q_pu_tmp.obj</name>
      </input_file>
      <input_file id="fl-67">
         <path>..\sw\modules\fast\lib\32b\f28x\f2806x\</path>
         <kind>archive</kind>
         <file>2806xRevB_FastSpinROMSymbols_fpu32.lib</file>
         <name>TMS320x2806x_REVB_boot_rom_out__EST_setMaxCurrentSlope_pu_tmp.obj</name>
      </input_file>
      <input_file id="fl-68">
         <path>..\sw\modules\fast\lib\32b\f28x\f2806x\</path>
         <kind>archive</kind>
         <file>2806xRevB_FastSpinROMSymbols_fpu32.lib</file>
         <name>TMS320x2806x_REVB_boot_rom_out__EST_setRs_pu_tmp.obj</name>
      </input_file>
      <input_file id="fl-69">
         <path>..\sw\modules\fast\lib\32b\f28x\f2806x\</path>
         <kind>archive</kind>
         <file>2806xRevB_FastSpinROMSymbols_fpu32.lib</file>
         <name>TMS320x2806x_REVB_boot_rom_out__EST_updateId_ref_pu_tmp.obj</name>
      </input_file>
      <input_file id="fl-6a">
         <path>..\sw\modules\fast\lib\32b\f28x\f2806x\</path>
         <kind>archive</kind>
         <file>2806xRevB_FastSpinROMSymbols_fpu32.lib</file>
         <name>TMS320x2806x_REVB_boot_rom_out__EST_updateState_tmp.obj</name>
      </input_file>
      <input_file id="fl-6b">
         <path>..\sw\modules\fast\lib\32b\f28x\f2806x\</path>
         <kind>archive</kind>
         <file>2806xRevB_FastSpinROMSymbols_fpu32.lib</file>
         <name>TMS320x2806x_REVB_boot_rom_out__EST_useZeroIq_ref_tmp.obj</name>
      </input_file>
      <input_file id="fl-6c">
         <path>..\sw\modules\iqmath\lib\f28x\float\</path>
         <kind>archive</kind>
         <file>IQmath_fpu32.lib</file>
         <name>IQ24cosPU.obj</name>
      </input_file>
      <input_file id="fl-6d">
         <path>..\sw\modules\iqmath\lib\f28x\float\</path>
         <kind>archive</kind>
         <file>IQmath_fpu32.lib</file>
         <name>IQmathTables.obj</name>
      </input_file>
      <input_file id="fl-6e">
         <path>..\sw\modules\iqmath\lib\f28x\float\</path>
         <kind>archive</kind>
         <file>IQmath_fpu32.lib</file>
         <name>IQ24div.obj</name>
      </input_file>
      <input_file id="fl-6f">
         <path>..\sw\modules\iqmath\lib\f28x\float\</path>
         <kind>archive</kind>
         <file>IQmath_fpu32.lib</file>
         <name>IQ24mpyI32int.obj</name>
      </input_file>
      <input_file id="fl-70">
         <path>..\sw\modules\iqmath\lib\f28x\float\</path>
         <kind>archive</kind>
         <file>IQmath_fpu32.lib</file>
         <name>IQ24sinPU.obj</name>
      </input_file>
      <input_file id="fl-71">
         <path>..\sw\modules\iqmath\lib\f28x\float\</path>
         <kind>archive</kind>
         <file>IQmath_fpu32.lib</file>
         <name>IQ24sqrt.obj</name>
      </input_file>
      <input_file id="fl-72">
         <path>..\sw\modules\iqmath\lib\f28x\float\</path>
         <kind>archive</kind>
         <file>IQmath_fpu32.lib</file>
         <name>IQ24toF.obj</name>
      </input_file>
      <input_file id="fl-73">
         <path>..\sw\modules\iqmath\lib\f28x\float\</path>
         <kind>archive</kind>
         <file>IQmath_fpu32.lib</file>
         <name>IQ30toF.obj</name>
      </input_file>
      <input_file id="fl-74">
         <path>D:\TI\ccsv8\tools\compiler\ti-cgt-c2000_18.1.1.LTS\lib\</path>
         <kind>archive</kind>
         <file>rts2800_fpu32.lib</file>
         <name>boot28.asm.obj</name>
      </input_file>
      <input_file id="fl-75">
         <path>D:\TI\ccsv8\tools\compiler\ti-cgt-c2000_18.1.1.LTS\lib\</path>
         <kind>archive</kind>
         <file>rts2800_fpu32.lib</file>
         <name>args_main.c.obj</name>
      </input_file>
      <input_file id="fl-76">
         <path>D:\TI\ccsv8\tools\compiler\ti-cgt-c2000_18.1.1.LTS\lib\</path>
         <kind>archive</kind>
         <file>rts2800_fpu32.lib</file>
         <name>startup.c.obj</name>
      </input_file>
      <input_file id="fl-77">
         <path>D:\TI\ccsv8\tools\compiler\ti-cgt-c2000_18.1.1.LTS\lib\</path>
         <kind>archive</kind>
         <file>rts2800_fpu32.lib</file>
         <name>pre_init.c.obj</name>
      </input_file>
      <input_file id="fl-78">
         <path>D:\TI\ccsv8\tools\compiler\ti-cgt-c2000_18.1.1.LTS\lib\</path>
         <kind>archive</kind>
         <file>rts2800_fpu32.lib</file>
         <name>s_ceilf.c.obj</name>
      </input_file>
      <input_file id="fl-79">
         <path>D:\TI\ccsv8\tools\compiler\ti-cgt-c2000_18.1.1.LTS\lib\</path>
         <kind>archive</kind>
         <file>rts2800_fpu32.lib</file>
         <name>cpy_tbl.c.obj</name>
      </input_file>
      <input_file id="fl-7a">
         <path>D:\TI\ccsv8\tools\compiler\ti-cgt-c2000_18.1.1.LTS\lib\</path>
         <kind>archive</kind>
         <file>rts2800_fpu32.lib</file>
         <name>exit.c.obj</name>
      </input_file>
      <input_file id="fl-7b">
         <path>D:\TI\ccsv8\tools\compiler\ti-cgt-c2000_18.1.1.LTS\lib\</path>
         <kind>archive</kind>
         <file>rts2800_fpu32.lib</file>
         <name>_lock.c.obj</name>
      </input_file>
      <input_file id="fl-7c">
         <path>D:\TI\ccsv8\tools\compiler\ti-cgt-c2000_18.1.1.LTS\lib\</path>
         <kind>archive</kind>
         <file>rts2800_fpu32.lib</file>
         <name>e_logf.c.obj</name>
      </input_file>
      <input_file id="fl-7d">
         <path>D:\TI\ccsv8\tools\compiler\ti-cgt-c2000_18.1.1.LTS\lib\</path>
         <kind>archive</kind>
         <file>rts2800_fpu32.lib</file>
         <name>errno.c.obj</name>
      </input_file>
      <input_file id="fl-7e">
         <path>D:\TI\ccsv8\tools\compiler\ti-cgt-c2000_18.1.1.LTS\lib\</path>
         <kind>archive</kind>
         <file>rts2800_fpu32.lib</file>
         <name>memcpy.c.obj</name>
      </input_file>
      <input_file id="fl-7f">
         <path>D:\TI\ccsv8\tools\compiler\ti-cgt-c2000_18.1.1.LTS\lib\</path>
         <kind>archive</kind>
         <file>rts2800_fpu32.lib</file>
         <name>e_powf.c.obj</name>
      </input_file>
      <input_file id="fl-80">
         <path>D:\TI\ccsv8\tools\compiler\ti-cgt-c2000_18.1.1.LTS\lib\</path>
         <kind>archive</kind>
         <file>rts2800_fpu32.lib</file>
         <name>s_scalbnf.c.obj</name>
      </input_file>
      <input_file id="fl-81">
         <path>D:\TI\ccsv8\tools\compiler\ti-cgt-c2000_18.1.1.LTS\lib\</path>
         <kind>archive</kind>
         <file>rts2800_fpu32.lib</file>
         <name>s_copysignf.c.obj</name>
      </input_file>
      <input_file id="fl-82">
         <path>D:\TI\ccsv8\tools\compiler\ti-cgt-c2000_18.1.1.LTS\lib\</path>
         <kind>archive</kind>
         <file>rts2800_fpu32.lib</file>
         <name>sprintf.c.obj</name>
      </input_file>
      <input_file id="fl-83">
         <path>D:\TI\ccsv8\tools\compiler\ti-cgt-c2000_18.1.1.LTS\lib\</path>
         <kind>archive</kind>
         <file>rts2800_fpu32.lib</file>
         <name>_printfi.c.obj</name>
      </input_file>
      <input_file id="fl-84">
         <path>D:\TI\ccsv8\tools\compiler\ti-cgt-c2000_18.1.1.LTS\lib\</path>
         <kind>archive</kind>
         <file>rts2800_fpu32.lib</file>
         <name>fd_cmp28.asm.obj</name>
      </input_file>
      <input_file id="fl-85">
         <path>D:\TI\ccsv8\tools\compiler\ti-cgt-c2000_18.1.1.LTS\lib\</path>
         <kind>archive</kind>
         <file>rts2800_fpu32.lib</file>
         <name>fd_div28.asm.obj</name>
      </input_file>
      <input_file id="fl-86">
         <path>D:\TI\ccsv8\tools\compiler\ti-cgt-c2000_18.1.1.LTS\lib\</path>
         <kind>archive</kind>
         <file>rts2800_fpu32.lib</file>
         <name>fd_neg28.asm.obj</name>
      </input_file>
      <input_file id="fl-87">
         <path>D:\TI\ccsv8\tools\compiler\ti-cgt-c2000_18.1.1.LTS\lib\</path>
         <kind>archive</kind>
         <file>rts2800_fpu32.lib</file>
         <name>fd_sub28.asm.obj</name>
      </input_file>
      <input_file id="fl-88">
         <path>D:\TI\ccsv8\tools\compiler\ti-cgt-c2000_18.1.1.LTS\lib\</path>
         <kind>archive</kind>
         <file>rts2800_fpu32.lib</file>
         <name>fd_add28.asm.obj</name>
      </input_file>
      <input_file id="fl-89">
         <path>D:\TI\ccsv8\tools\compiler\ti-cgt-c2000_18.1.1.LTS\lib\</path>
         <kind>archive</kind>
         <file>rts2800_fpu32.lib</file>
         <name>fd_toi28.asm.obj</name>
      </input_file>
      <input_file id="fl-8a">
         <path>D:\TI\ccsv8\tools\compiler\ti-cgt-c2000_18.1.1.LTS\lib\</path>
         <kind>archive</kind>
         <file>rts2800_fpu32.lib</file>
         <name>i_tofd28.asm.obj</name>
      </input_file>
      <input_file id="fl-8b">
         <path>D:\TI\ccsv8\tools\compiler\ti-cgt-c2000_18.1.1.LTS\lib\</path>
         <kind>archive</kind>
         <file>rts2800_fpu32.lib</file>
         <name>l_tofd28.asm.obj</name>
      </input_file>
      <input_file id="fl-8c">
         <path>D:\TI\ccsv8\tools\compiler\ti-cgt-c2000_18.1.1.LTS\lib\</path>
         <kind>archive</kind>
         <file>rts2800_fpu32.lib</file>
         <name>ll_aox28.asm.obj</name>
      </input_file>
      <input_file id="fl-8d">
         <path>D:\TI\ccsv8\tools\compiler\ti-cgt-c2000_18.1.1.LTS\lib\</path>
         <kind>archive</kind>
         <file>rts2800_fpu32.lib</file>
         <name>ll_cmp28.asm.obj</name>
      </input_file>
      <input_file id="fl-8e">
         <path>D:\TI\ccsv8\tools\compiler\ti-cgt-c2000_18.1.1.LTS\lib\</path>
         <kind>archive</kind>
         <file>rts2800_fpu32.lib</file>
         <name>ll_div28.asm.obj</name>
      </input_file>
      <input_file id="fl-8f">
         <path>D:\TI\ccsv8\tools\compiler\ti-cgt-c2000_18.1.1.LTS\lib\</path>
         <kind>archive</kind>
         <file>rts2800_fpu32.lib</file>
         <name>atoi.c.obj</name>
      </input_file>
      <input_file id="fl-90">
         <path>D:\TI\ccsv8\tools\compiler\ti-cgt-c2000_18.1.1.LTS\lib\</path>
         <kind>archive</kind>
         <file>rts2800_fpu32.lib</file>
         <name>ctype.c.obj</name>
      </input_file>
      <input_file id="fl-91">
         <path>D:\TI\ccsv8\tools\compiler\ti-cgt-c2000_18.1.1.LTS\lib\</path>
         <kind>archive</kind>
         <file>rts2800_fpu32.lib</file>
         <name>s_frexp.c.obj</name>
      </input_file>
      <input_file id="fl-92">
         <path>D:\TI\ccsv8\tools\compiler\ti-cgt-c2000_18.1.1.LTS\lib\</path>
         <kind>archive</kind>
         <file>rts2800_fpu32.lib</file>
         <name>s_scalbn.c.obj</name>
      </input_file>
      <input_file id="fl-93">
         <path>D:\TI\ccsv8\tools\compiler\ti-cgt-c2000_18.1.1.LTS\lib\</path>
         <kind>archive</kind>
         <file>rts2800_fpu32.lib</file>
         <name>s_copysign.c.obj</name>
      </input_file>
      <input_file id="fl-94">
         <path>D:\TI\ccsv8\tools\compiler\ti-cgt-c2000_18.1.1.LTS\lib\</path>
         <kind>archive</kind>
         <file>rts2800_fpu32.lib</file>
         <name>ltoa.c.obj</name>
      </input_file>
      <input_file id="fl-95">
         <path>D:\TI\ccsv8\tools\compiler\ti-cgt-c2000_18.1.1.LTS\lib\</path>
         <kind>archive</kind>
         <file>rts2800_fpu32.lib</file>
         <name>memccpy.c.obj</name>
      </input_file>
      <input_file id="fl-96">
         <path>D:\TI\ccsv8\tools\compiler\ti-cgt-c2000_18.1.1.LTS\lib\</path>
         <kind>archive</kind>
         <file>rts2800_fpu32.lib</file>
         <name>memset.c.obj</name>
      </input_file>
      <input_file id="fl-97">
         <path>D:\TI\ccsv8\tools\compiler\ti-cgt-c2000_18.1.1.LTS\lib\</path>
         <kind>archive</kind>
         <file>rts2800_fpu32.lib</file>
         <name>e_sqrtf.c.obj</name>
      </input_file>
      <input_file id="fl-98">
         <path>D:\TI\ccsv8\tools\compiler\ti-cgt-c2000_18.1.1.LTS\lib\</path>
         <kind>archive</kind>
         <file>rts2800_fpu32.lib</file>
         <name>strcat.c.obj</name>
      </input_file>
      <input_file id="fl-99">
         <path>D:\TI\ccsv8\tools\compiler\ti-cgt-c2000_18.1.1.LTS\lib\</path>
         <kind>archive</kind>
         <file>rts2800_fpu32.lib</file>
         <name>strchr.c.obj</name>
      </input_file>
      <input_file id="fl-9a">
         <path>D:\TI\ccsv8\tools\compiler\ti-cgt-c2000_18.1.1.LTS\lib\</path>
         <kind>archive</kind>
         <file>rts2800_fpu32.lib</file>
         <name>strcpy.c.obj</name>
      </input_file>
      <input_file id="fl-9b">
         <path>D:\TI\ccsv8\tools\compiler\ti-cgt-c2000_18.1.1.LTS\lib\</path>
         <kind>archive</kind>
         <file>rts2800_fpu32.lib</file>
         <name>strlen.c.obj</name>
      </input_file>
      <input_file id="fl-9c">
         <path>D:\TI\ccsv8\tools\compiler\ti-cgt-c2000_18.1.1.LTS\lib\</path>
         <kind>archive</kind>
         <file>rts2800_fpu32.lib</file>
         <name>wcslen.c.obj</name>
      </input_file>
   </input_file_list>
   <object_component_list>
      <object_component id="oc-136">
         <name>.cinit</name>
         <load_address>0x3f46e4</load_address>
         <run_address>0x3f46e4</run_address>
         <size>0x106</size>
         <input_file_ref idref="fl-2d"/>
      </object_component>
      <object_component id="oc-52">
         <name>.cinit</name>
         <load_address>0x3f47ea</load_address>
         <run_address>0x3f47ea</run_address>
         <size>0x7d</size>
         <input_file_ref idref="fl-4"/>
      </object_component>
      <object_component id="oc-109">
         <name>.cinit</name>
         <load_address>0x3f4867</load_address>
         <run_address>0x3f4867</run_address>
         <size>0x10</size>
         <input_file_ref idref="fl-25"/>
      </object_component>
      <object_component id="oc-1a4">
         <name>.cinit</name>
         <load_address>0x3f4877</load_address>
         <run_address>0x3f4877</run_address>
         <size>0xe</size>
         <input_file_ref idref="fl-7a"/>
      </object_component>
      <object_component id="oc-76">
         <name>.cinit</name>
         <load_address>0x3f4885</load_address>
         <run_address>0x3f4885</run_address>
         <size>0xd</size>
         <input_file_ref idref="fl-a"/>
      </object_component>
      <object_component id="oc-a0">
         <name>.cinit</name>
         <load_address>0x3f4892</load_address>
         <run_address>0x3f4892</run_address>
         <size>0xb</size>
         <input_file_ref idref="fl-11"/>
      </object_component>
      <object_component id="oc-b1">
         <name>.cinit</name>
         <load_address>0x3f489d</load_address>
         <run_address>0x3f489d</run_address>
         <size>0x7</size>
         <input_file_ref idref="fl-14"/>
      </object_component>
      <object_component id="oc-2ca">
         <name>.cinit:__lock</name>
         <load_address>0x3f48a4</load_address>
         <run_address>0x3f48a4</run_address>
         <size>0x5</size>
         <input_file_ref idref="fl-7b"/>
      </object_component>
      <object_component id="oc-33e">
         <name>.cinit:__unlock</name>
         <load_address>0x3f48a9</load_address>
         <run_address>0x3f48a9</run_address>
         <size>0x5</size>
         <input_file_ref idref="fl-7b"/>
      </object_component>
      <object_component id="oc-1b6">
         <name>.cinit</name>
         <load_address>0x3f48ae</load_address>
         <run_address>0x3f48ae</run_address>
         <size>0x4</size>
         <input_file_ref idref="fl-7d"/>
      </object_component>
      <object_component id="oc-25e">
         <name>.text</name>
         <load_address>0x3ec000</load_address>
         <run_address>0x3ec000</run_address>
         <size>0x1352</size>
         <input_file_ref idref="fl-2d"/>
      </object_component>
      <object_component id="oc-347">
         <name>.text</name>
         <load_address>0x3ed352</load_address>
         <run_address>0x3ed352</run_address>
         <size>0xd47</size>
         <input_file_ref idref="fl-83"/>
      </object_component>
      <object_component id="oc-25c">
         <name>.text</name>
         <load_address>0x3ee099</load_address>
         <run_address>0x3ee099</run_address>
         <size>0xd1c</size>
         <input_file_ref idref="fl-10"/>
      </object_component>
      <object_component id="oc-259">
         <name>.text</name>
         <load_address>0x3eedb5</load_address>
         <run_address>0x3eedb5</run_address>
         <size>0x1</size>
         <input_file_ref idref="fl-76"/>
      </object_component>
      <object_component id="oc-262">
         <name>.text</name>
         <load_address>0x3eedb6</load_address>
         <run_address>0x3eedb6</run_address>
         <size>0x912</size>
         <input_file_ref idref="fl-25"/>
      </object_component>
      <object_component id="oc-2f6">
         <name>.text</name>
         <load_address>0x3ef6c8</load_address>
         <run_address>0x3ef6c8</run_address>
         <size>0x716</size>
         <input_file_ref idref="fl-9"/>
      </object_component>
      <object_component id="oc-264">
         <name>.text</name>
         <load_address>0x3efdde</load_address>
         <run_address>0x3efdde</run_address>
         <size>0x5e5</size>
         <input_file_ref idref="fl-4"/>
      </object_component>
      <object_component id="oc-300">
         <name>.text</name>
         <load_address>0x3f03c3</load_address>
         <run_address>0x3f03c3</run_address>
         <size>0x586</size>
         <input_file_ref idref="fl-2c"/>
      </object_component>
      <object_component id="oc-54">
         <name>.text:retain</name>
         <load_address>0x3f094a</load_address>
         <run_address>0x3f094a</run_address>
         <size>0x49b</size>
         <input_file_ref idref="fl-4"/>
      </object_component>
      <object_component id="oc-34a">
         <name>.text</name>
         <load_address>0x3f0de5</load_address>
         <run_address>0x3f0de5</run_address>
         <size>0x380</size>
         <input_file_ref idref="fl-7f"/>
      </object_component>
      <object_component id="oc-2cb">
         <name>.text</name>
         <load_address>0x3f1165</load_address>
         <run_address>0x3f1165</run_address>
         <size>0x2f6</size>
         <input_file_ref idref="fl-1f"/>
      </object_component>
      <object_component id="oc-267">
         <name>.text</name>
         <load_address>0x3f145b</load_address>
         <run_address>0x3f145b</run_address>
         <size>0x22e</size>
         <input_file_ref idref="fl-11"/>
      </object_component>
      <object_component id="oc-2d0">
         <name>.text</name>
         <load_address>0x3f1689</load_address>
         <run_address>0x3f1689</run_address>
         <size>0x1ee</size>
         <input_file_ref idref="fl-5"/>
      </object_component>
      <object_component id="oc-2cc">
         <name>.text</name>
         <load_address>0x3f1877</load_address>
         <run_address>0x3f1877</run_address>
         <size>0x18a</size>
         <input_file_ref idref="fl-7"/>
      </object_component>
      <object_component id="oc-2cf">
         <name>.text</name>
         <load_address>0x3f1a01</load_address>
         <run_address>0x3f1a01</run_address>
         <size>0x170</size>
         <input_file_ref idref="fl-f"/>
      </object_component>
      <object_component id="oc-348">
         <name>.text</name>
         <load_address>0x3f1b71</load_address>
         <run_address>0x3f1b71</run_address>
         <size>0x12b</size>
         <input_file_ref idref="fl-7c"/>
      </object_component>
      <object_component id="oc-2ce">
         <name>.text</name>
         <load_address>0x3f1c9c</load_address>
         <run_address>0x3f1c9c</run_address>
         <size>0x126</size>
         <input_file_ref idref="fl-1d"/>
      </object_component>
      <object_component id="oc-25d">
         <name>.text</name>
         <load_address>0x3f1dc2</load_address>
         <run_address>0x3f1dc2</run_address>
         <size>0x11d</size>
         <input_file_ref idref="fl-b"/>
      </object_component>
      <object_component id="oc-20d">
         <name>.text</name>
         <load_address>0x3f1edf</load_address>
         <run_address>0x3f1edf</run_address>
         <size>0x107</size>
         <input_file_ref idref="fl-8e"/>
      </object_component>
      <object_component id="oc-266">
         <name>.text</name>
         <load_address>0x3f1fe6</load_address>
         <run_address>0x3f1fe6</run_address>
         <size>0xf7</size>
         <input_file_ref idref="fl-12"/>
      </object_component>
      <object_component id="oc-265">
         <name>.text</name>
         <load_address>0x3f20dd</load_address>
         <run_address>0x3f20dd</run_address>
         <size>0xf2</size>
         <input_file_ref idref="fl-22"/>
      </object_component>
      <object_component id="oc-2da">
         <name>.text</name>
         <load_address>0x3f21d0</load_address>
         <run_address>0x3f21d0</run_address>
         <size>0xf0</size>
         <input_file_ref idref="fl-13"/>
      </object_component>
      <object_component id="oc-25f">
         <name>.text</name>
         <load_address>0x3f22c0</load_address>
         <run_address>0x3f22c0</run_address>
         <size>0xe0</size>
         <input_file_ref idref="fl-28"/>
      </object_component>
      <object_component id="oc-260">
         <name>.text</name>
         <load_address>0x3f23a0</load_address>
         <run_address>0x3f23a0</run_address>
         <size>0xd1</size>
         <input_file_ref idref="fl-15"/>
      </object_component>
      <object_component id="oc-261">
         <name>.text</name>
         <load_address>0x3f2471</load_address>
         <run_address>0x3f2471</run_address>
         <size>0xc0</size>
         <input_file_ref idref="fl-23"/>
      </object_component>
      <object_component id="oc-2fb">
         <name>.text</name>
         <load_address>0x3f2531</load_address>
         <run_address>0x3f2531</run_address>
         <size>0xbf</size>
         <input_file_ref idref="fl-16"/>
      </object_component>
      <object_component id="oc-350">
         <name>.text</name>
         <load_address>0x3f25f0</load_address>
         <run_address>0x3f25f0</run_address>
         <size>0xab</size>
         <input_file_ref idref="fl-92"/>
      </object_component>
      <object_component id="oc-2d8">
         <name>.text</name>
         <load_address>0x3f269b</load_address>
         <run_address>0x3f269b</run_address>
         <size>0xa9</size>
         <input_file_ref idref="fl-26"/>
      </object_component>
      <object_component id="oc-1ef">
         <name>.text</name>
         <load_address>0x3f2744</load_address>
         <run_address>0x3f2744</run_address>
         <size>0x9c</size>
         <input_file_ref idref="fl-88"/>
      </object_component>
      <object_component id="oc-1e0">
         <name>.text</name>
         <load_address>0x3f27e0</load_address>
         <run_address>0x3f27e0</run_address>
         <size>0x8b</size>
         <input_file_ref idref="fl-85"/>
      </object_component>
      <object_component id="oc-14d">
         <name>.text</name>
         <load_address>0x3f286b</load_address>
         <run_address>0x3f286b</run_address>
         <size>0x88</size>
         <input_file_ref idref="fl-36"/>
      </object_component>
      <object_component id="oc-143">
         <name>.text</name>
         <load_address>0x3f28f3</load_address>
         <run_address>0x3f28f3</run_address>
         <size>0x83</size>
         <input_file_ref idref="fl-34"/>
      </object_component>
      <object_component id="oc-2fc">
         <name>.text</name>
         <load_address>0x3f2976</load_address>
         <run_address>0x3f2976</run_address>
         <size>0x71</size>
         <input_file_ref idref="fl-24"/>
      </object_component>
      <object_component id="oc-2cd">
         <name>.text</name>
         <load_address>0x3f29e7</load_address>
         <run_address>0x3f29e7</run_address>
         <size>0x5b</size>
         <input_file_ref idref="fl-1e"/>
      </object_component>
      <object_component id="oc-34f">
         <name>.text</name>
         <load_address>0x3f2a42</load_address>
         <run_address>0x3f2a42</run_address>
         <size>0x5a</size>
         <input_file_ref idref="fl-91"/>
      </object_component>
      <object_component id="oc-359">
         <name>.text</name>
         <load_address>0x3f2a9c</load_address>
         <run_address>0x3f2a9c</run_address>
         <size>0x57</size>
         <input_file_ref idref="fl-80"/>
      </object_component>
      <object_component id="oc-19">
         <name>.text</name>
         <load_address>0x3f2af3</load_address>
         <run_address>0x3f2af3</run_address>
         <size>0x56</size>
         <input_file_ref idref="fl-74"/>
      </object_component>
      <object_component id="oc-349">
         <name>.text</name>
         <load_address>0x3f2b49</load_address>
         <run_address>0x3f2b49</run_address>
         <size>0x56</size>
         <input_file_ref idref="fl-78"/>
      </object_component>
      <object_component id="oc-2fa">
         <name>.text</name>
         <load_address>0x3f2b9f</load_address>
         <run_address>0x3f2b9f</run_address>
         <size>0x48</size>
         <input_file_ref idref="fl-c"/>
      </object_component>
      <object_component id="oc-2d2">
         <name>.text</name>
         <load_address>0x3f2be7</load_address>
         <run_address>0x3f2be7</run_address>
         <size>0x47</size>
         <input_file_ref idref="fl-19"/>
      </object_component>
      <object_component id="oc-2d5">
         <name>.text</name>
         <load_address>0x3f2c2e</load_address>
         <run_address>0x3f2c2e</run_address>
         <size>0x46</size>
         <input_file_ref idref="fl-2e"/>
      </object_component>
      <object_component id="oc-2d7">
         <name>.text</name>
         <load_address>0x3f2c74</load_address>
         <run_address>0x3f2c74</run_address>
         <size>0x44</size>
         <input_file_ref idref="fl-20"/>
      </object_component>
      <object_component id="oc-2f8">
         <name>.text</name>
         <load_address>0x3f2cb8</load_address>
         <run_address>0x3f2cb8</run_address>
         <size>0x32</size>
         <input_file_ref idref="fl-82"/>
      </object_component>
      <object_component id="oc-263">
         <name>.text</name>
         <load_address>0x3f2cea</load_address>
         <run_address>0x3f2cea</run_address>
         <size>0x32</size>
         <input_file_ref idref="fl-29"/>
      </object_component>
      <object_component id="oc-34c">
         <name>.text</name>
         <load_address>0x3f2d1c</load_address>
         <run_address>0x3f2d1c</run_address>
         <size>0x31</size>
         <input_file_ref idref="fl-8f"/>
      </object_component>
      <object_component id="oc-34e">
         <name>.text</name>
         <load_address>0x3f2d4d</load_address>
         <run_address>0x3f2d4d</run_address>
         <size>0x2e</size>
         <input_file_ref idref="fl-94"/>
      </object_component>
      <object_component id="oc-2d1">
         <name>.text</name>
         <load_address>0x3f2d7b</load_address>
         <run_address>0x3f2d7b</run_address>
         <size>0x2d</size>
         <input_file_ref idref="fl-1a"/>
      </object_component>
      <object_component id="oc-1db">
         <name>.text</name>
         <load_address>0x3f2da8</load_address>
         <run_address>0x3f2da8</run_address>
         <size>0x2a</size>
         <input_file_ref idref="fl-84"/>
      </object_component>
      <object_component id="oc-15c">
         <name>.text</name>
         <load_address>0x3f2dd2</load_address>
         <run_address>0x3f2dd2</run_address>
         <size>0x2a</size>
         <input_file_ref idref="fl-39"/>
      </object_component>
      <object_component id="oc-25b">
         <name>.text</name>
         <load_address>0x3f2dfc</load_address>
         <run_address>0x3f2dfc</run_address>
         <size>0x29</size>
         <input_file_ref idref="fl-7a"/>
      </object_component>
      <object_component id="oc-355">
         <name>.text</name>
         <load_address>0x3f2e26</load_address>
         <run_address>0x3f2e26</run_address>
         <size>0x26</size>
         <input_file_ref idref="fl-97"/>
      </object_component>
      <object_component id="oc-2d3">
         <name>.text</name>
         <load_address>0x3f2e4c</load_address>
         <run_address>0x3f2e4c</run_address>
         <size>0x25</size>
         <input_file_ref idref="fl-8"/>
      </object_component>
      <object_component id="oc-33f">
         <name>.text</name>
         <load_address>0x3f2e71</load_address>
         <run_address>0x3f2e71</run_address>
         <size>0x25</size>
         <input_file_ref idref="fl-d"/>
      </object_component>
      <object_component id="oc-258">
         <name>.text</name>
         <load_address>0x3f2e96</load_address>
         <run_address>0x3f2e96</run_address>
         <size>0x24</size>
         <input_file_ref idref="fl-79"/>
      </object_component>
      <object_component id="oc-35b">
         <name>.text</name>
         <load_address>0x3f2eba</load_address>
         <run_address>0x3f2eba</run_address>
         <size>0x24</size>
         <input_file_ref idref="fl-93"/>
      </object_component>
      <object_component id="oc-157">
         <name>.text</name>
         <load_address>0x3f2ede</load_address>
         <run_address>0x3f2ede</run_address>
         <size>0x22</size>
         <input_file_ref idref="fl-38"/>
      </object_component>
      <object_component id="oc-1f4">
         <name>.text</name>
         <load_address>0x3f2f00</load_address>
         <run_address>0x3f2f00</run_address>
         <size>0x21</size>
         <input_file_ref idref="fl-89"/>
      </object_component>
      <object_component id="oc-2d6">
         <name>.text</name>
         <load_address>0x3f2f21</load_address>
         <run_address>0x3f2f21</run_address>
         <size>0x20</size>
         <input_file_ref idref="fl-e"/>
      </object_component>
      <object_component id="oc-148">
         <name>.text</name>
         <load_address>0x3f2f41</load_address>
         <run_address>0x3f2f41</run_address>
         <size>0x1f</size>
         <input_file_ref idref="fl-35"/>
      </object_component>
      <object_component id="oc-208">
         <name>.text</name>
         <load_address>0x3f2f60</load_address>
         <run_address>0x3f2f60</run_address>
         <size>0x1e</size>
         <input_file_ref idref="fl-8d"/>
      </object_component>
      <object_component id="oc-2c8">
         <name>.text</name>
         <load_address>0x3f2f7e</load_address>
         <run_address>0x3f2f7e</run_address>
         <size>0x1e</size>
         <input_file_ref idref="fl-7e"/>
      </object_component>
      <object_component id="oc-1f9">
         <name>.text</name>
         <load_address>0x3f2f9c</load_address>
         <run_address>0x3f2f9c</run_address>
         <size>0x1d</size>
         <input_file_ref idref="fl-8a"/>
      </object_component>
      <object_component id="oc-152">
         <name>.text</name>
         <load_address>0x3f2fb9</load_address>
         <run_address>0x3f2fb9</run_address>
         <size>0x1c</size>
         <input_file_ref idref="fl-37"/>
      </object_component>
      <object_component id="oc-1fe">
         <name>.text</name>
         <load_address>0x3f2fd5</load_address>
         <run_address>0x3f2fd5</run_address>
         <size>0x1c</size>
         <input_file_ref idref="fl-8b"/>
      </object_component>
      <object_component id="oc-25a">
         <name>.text</name>
         <load_address>0x3f2ff1</load_address>
         <run_address>0x3f2ff1</run_address>
         <size>0x19</size>
         <input_file_ref idref="fl-75"/>
      </object_component>
      <object_component id="oc-203">
         <name>.text</name>
         <load_address>0x3f300a</load_address>
         <run_address>0x3f300a</run_address>
         <size>0x18</size>
         <input_file_ref idref="fl-8c"/>
      </object_component>
      <object_component id="oc-303">
         <name>.text</name>
         <load_address>0x3f3022</load_address>
         <run_address>0x3f3022</run_address>
         <size>0x11</size>
         <input_file_ref idref="fl-1c"/>
      </object_component>
      <object_component id="oc-35c">
         <name>.text</name>
         <load_address>0x3f3033</load_address>
         <run_address>0x3f3033</run_address>
         <size>0x11</size>
         <input_file_ref idref="fl-81"/>
      </object_component>
      <object_component id="oc-301">
         <name>.text</name>
         <load_address>0x3f3044</load_address>
         <run_address>0x3f3044</run_address>
         <size>0xf</size>
         <input_file_ref idref="fl-18"/>
      </object_component>
      <object_component id="oc-302">
         <name>.text</name>
         <load_address>0x3f3053</load_address>
         <run_address>0x3f3053</run_address>
         <size>0xe</size>
         <input_file_ref idref="fl-a"/>
      </object_component>
      <object_component id="oc-1ea">
         <name>.text</name>
         <load_address>0x3f3061</load_address>
         <run_address>0x3f3061</run_address>
         <size>0xe</size>
         <input_file_ref idref="fl-87"/>
      </object_component>
      <object_component id="oc-353">
         <name>.text</name>
         <load_address>0x3f306f</load_address>
         <run_address>0x3f306f</run_address>
         <size>0xd</size>
         <input_file_ref idref="fl-95"/>
      </object_component>
      <object_component id="oc-352">
         <name>.text</name>
         <load_address>0x3f307c</load_address>
         <run_address>0x3f307c</run_address>
         <size>0xc</size>
         <input_file_ref idref="fl-96"/>
      </object_component>
      <object_component id="oc-351">
         <name>.text</name>
         <load_address>0x3f3088</load_address>
         <run_address>0x3f3088</run_address>
         <size>0xc</size>
         <input_file_ref idref="fl-99"/>
      </object_component>
      <object_component id="oc-161">
         <name>.text</name>
         <load_address>0x3f3094</load_address>
         <run_address>0x3f3094</run_address>
         <size>0xb</size>
         <input_file_ref idref="fl-3a"/>
      </object_component>
      <object_component id="oc-e0">
         <name>.text:retain</name>
         <load_address>0x3f309f</load_address>
         <run_address>0x3f309f</run_address>
         <size>0xa</size>
         <input_file_ref idref="fl-1d"/>
      </object_component>
      <object_component id="oc-33d">
         <name>.text</name>
         <load_address>0x3f30a9</load_address>
         <run_address>0x3f30a9</run_address>
         <size>0x9</size>
         <input_file_ref idref="fl-7b"/>
      </object_component>
      <object_component id="oc-1e5">
         <name>.text</name>
         <load_address>0x3f30b2</load_address>
         <run_address>0x3f30b2</run_address>
         <size>0x9</size>
         <input_file_ref idref="fl-86"/>
      </object_component>
      <object_component id="oc-2f9">
         <name>.text</name>
         <load_address>0x3f30bb</load_address>
         <run_address>0x3f30bb</run_address>
         <size>0x9</size>
         <input_file_ref idref="fl-98"/>
      </object_component>
      <object_component id="oc-354">
         <name>.text</name>
         <load_address>0x3f30c4</load_address>
         <run_address>0x3f30c4</run_address>
         <size>0x9</size>
         <input_file_ref idref="fl-9c"/>
      </object_component>
      <object_component id="oc-4b">
         <name>.text</name>
         <load_address>0x3f30cd</load_address>
         <run_address>0x3f30cd</run_address>
         <size>0x8</size>
         <input_file_ref idref="fl-3"/>
      </object_component>
      <object_component id="oc-34d">
         <name>.text</name>
         <load_address>0x3f30d5</load_address>
         <run_address>0x3f30d5</run_address>
         <size>0x8</size>
         <input_file_ref idref="fl-9b"/>
      </object_component>
      <object_component id="oc-2d9">
         <name>.text</name>
         <load_address>0x3f30dd</load_address>
         <run_address>0x3f30dd</run_address>
         <size>0x6</size>
         <input_file_ref idref="fl-21"/>
      </object_component>
      <object_component id="oc-2f7">
         <name>.text</name>
         <load_address>0x3f30e3</load_address>
         <run_address>0x3f30e3</run_address>
         <size>0x5</size>
         <input_file_ref idref="fl-9a"/>
      </object_component>
      <object_component id="oc-257">
         <name>.text</name>
         <load_address>0x3f30e8</load_address>
         <run_address>0x3f30e8</run_address>
         <size>0x2</size>
         <input_file_ref idref="fl-77"/>
      </object_component>
      <object_component id="oc-4c">
         <name>codestart</name>
         <load_address>0x3f7ff6</load_address>
         <run_address>0x3f7ff6</run_address>
         <size>0x2</size>
         <input_file_ref idref="fl-3"/>
      </object_component>
      <object_component id="oc-268">
         <name>ramfuncs</name>
         <load_address>0x3e8000</load_address>
         <run_address>0x8000</run_address>
         <size>0x31f</size>
         <input_file_ref idref="fl-9"/>
      </object_component>
      <object_component id="oc-340">
         <name>ramfuncs</name>
         <load_address>0x3e831f</load_address>
         <run_address>0x831f</run_address>
         <size>0x32</size>
         <input_file_ref idref="fl-e"/>
      </object_component>
      <object_component id="oc-2d4">
         <name>ramfuncs</name>
         <load_address>0x3e8351</load_address>
         <run_address>0x8351</run_address>
         <size>0x1e</size>
         <input_file_ref idref="fl-10"/>
      </object_component>
      <object_component id="oc-12a">
         <name>ramfuncs</name>
         <load_address>0x3e836f</load_address>
         <run_address>0x836f</run_address>
         <size>0x4</size>
         <input_file_ref idref="fl-2b"/>
      </object_component>
      <object_component id="oc-183">
         <name>.stack</name>
         <uninitialized>true</uninitialized>
         <run_address>0x50</run_address>
         <size>0x0</size>
         <input_file_ref idref="fl-74"/>
      </object_component>
      <object_component id="oc-37f">
         <name>.stack</name>
         <uninitialized>true</uninitialized>
         <run_address>0x50</run_address>
         <size>0x0</size>
      </object_component>
      <object_component id="oc-53">
         <name>.ebss</name>
         <uninitialized>true</uninitialized>
         <run_address>0x8c00</run_address>
         <size>0x404</size>
         <input_file_ref idref="fl-4"/>
      </object_component>
      <object_component id="oc-6a">
         <name>.ebss</name>
         <uninitialized>true</uninitialized>
         <run_address>0x9036</run_address>
         <size>0x1</size>
         <input_file_ref idref="fl-8"/>
      </object_component>
      <object_component id="oc-77">
         <name>.ebss</name>
         <uninitialized>true</uninitialized>
         <run_address>0x9012</run_address>
         <size>0xc</size>
         <input_file_ref idref="fl-a"/>
      </object_component>
      <object_component id="oc-99">
         <name>.ebss</name>
         <uninitialized>true</uninitialized>
         <run_address>0x9240</run_address>
         <size>0xb8</size>
         <input_file_ref idref="fl-10"/>
      </object_component>
      <object_component id="oc-a1">
         <name>.ebss</name>
         <uninitialized>true</uninitialized>
         <run_address>0x901e</run_address>
         <size>0xa</size>
         <input_file_ref idref="fl-11"/>
      </object_component>
      <object_component id="oc-b2">
         <name>.ebss</name>
         <uninitialized>true</uninitialized>
         <run_address>0x902e</run_address>
         <size>0x4</size>
         <input_file_ref idref="fl-14"/>
      </object_component>
      <object_component id="oc-10a">
         <name>.ebss</name>
         <uninitialized>true</uninitialized>
         <run_address>0x9004</run_address>
         <size>0xe</size>
         <input_file_ref idref="fl-25"/>
      </object_component>
      <object_component id="oc-137">
         <name>.ebss</name>
         <uninitialized>true</uninitialized>
         <run_address>0x9040</run_address>
         <size>0x1e8</size>
         <input_file_ref idref="fl-2d"/>
      </object_component>
      <object_component id="oc-1a5">
         <name>.ebss</name>
         <uninitialized>true</uninitialized>
         <run_address>0x9028</run_address>
         <size>0x6</size>
         <input_file_ref idref="fl-7a"/>
      </object_component>
      <object_component id="oc-34b">
         <name>.ebss:__unlock</name>
         <uninitialized>true</uninitialized>
         <run_address>0x9034</run_address>
         <size>0x2</size>
         <input_file_ref idref="fl-7b"/>
      </object_component>
      <object_component id="oc-2c9">
         <name>.ebss:__lock</name>
         <uninitialized>true</uninitialized>
         <run_address>0x9032</run_address>
         <size>0x2</size>
         <input_file_ref idref="fl-7b"/>
      </object_component>
      <object_component id="oc-1b7">
         <name>.ebss</name>
         <uninitialized>true</uninitialized>
         <run_address>0x9037</run_address>
         <size>0x1</size>
         <input_file_ref idref="fl-7d"/>
      </object_component>
      <object_component id="oc-78">
         <name>graph_data</name>
         <uninitialized>true</uninitialized>
         <run_address>0xc000</run_address>
         <size>0x9a0</size>
         <input_file_ref idref="fl-a"/>
      </object_component>
      <object_component id="oc-139">
         <name>.econst:.string</name>
         <load_address>0x3f30ea</load_address>
         <run_address>0x3f30ea</run_address>
         <size>0x1f1</size>
         <input_file_ref idref="fl-2d"/>
      </object_component>
      <object_component id="oc-10c">
         <name>.econst:.string</name>
         <load_address>0x3f32dc</load_address>
         <run_address>0x3f32dc</run_address>
         <size>0x121</size>
         <input_file_ref idref="fl-25"/>
      </object_component>
      <object_component id="oc-35a">
         <name>.econst:.string:__ctypes_</name>
         <load_address>0x3f33fd</load_address>
         <run_address>0x3f33fd</run_address>
         <size>0x101</size>
         <input_file_ref idref="fl-90"/>
      </object_component>
      <object_component id="oc-311">
         <name>.econst:_g_ai8DescTripTrace</name>
         <load_address>0x3f34fe</load_address>
         <run_address>0x3f34fe</run_address>
         <size>0x99</size>
         <input_file_ref idref="fl-2d"/>
      </object_component>
      <object_component id="oc-305">
         <name>.econst:_g_ai8DescModel</name>
         <load_address>0x3f3597</load_address>
         <run_address>0x3f3597</run_address>
         <size>0x66</size>
         <input_file_ref idref="fl-2d"/>
      </object_component>
      <object_component id="oc-308">
         <name>.econst:_g_ai8DescAccessLevel</name>
         <load_address>0x3f35fd</load_address>
         <run_address>0x3f35fd</run_address>
         <size>0x55</size>
         <input_file_ref idref="fl-2d"/>
      </object_component>
      <object_component id="oc-30a">
         <name>.econst:_g_ai8DescCtrlMethod</name>
         <load_address>0x3f3652</load_address>
         <run_address>0x3f3652</run_address>
         <size>0x55</size>
         <input_file_ref idref="fl-2d"/>
      </object_component>
      <object_component id="oc-30c">
         <name>.econst:_g_ai8DescInitial</name>
         <load_address>0x3f36a7</load_address>
         <run_address>0x3f36a7</run_address>
         <size>0x44</size>
         <input_file_ref idref="fl-2d"/>
      </object_component>
      <object_component id="oc-317">
         <name>.econst:_g_ai8DescReferSelect</name>
         <load_address>0x3f36eb</load_address>
         <run_address>0x3f36eb</run_address>
         <size>0x44</size>
         <input_file_ref idref="fl-2d"/>
      </object_component>
      <object_component id="oc-31a">
         <name>.econst:_g_ai8DescStopMethod</name>
         <load_address>0x3f372f</load_address>
         <run_address>0x3f372f</run_address>
         <size>0x44</size>
         <input_file_ref idref="fl-2d"/>
      </object_component>
      <object_component id="oc-324">
         <name>.econst:_g_ai8DescCtrlLoop</name>
         <load_address>0x3f3773</load_address>
         <run_address>0x3f3773</run_address>
         <size>0x33</size>
         <input_file_ref idref="fl-2d"/>
      </object_component>
      <object_component id="oc-1bf">
         <name>.econst</name>
         <load_address>0x3f37a6</load_address>
         <run_address>0x3f37a6</run_address>
         <size>0x32</size>
         <input_file_ref idref="fl-7f"/>
      </object_component>
      <object_component id="oc-2fd">
         <name>.econst:_$P$T1$6</name>
         <load_address>0x3f37d8</load_address>
         <run_address>0x3f37d8</run_address>
         <size>0x2e</size>
         <input_file_ref idref="fl-25"/>
      </object_component>
      <object_component id="oc-1d6">
         <name>.econst:.string</name>
         <load_address>0x3f3806</load_address>
         <run_address>0x3f3806</run_address>
         <size>0x26</size>
         <input_file_ref idref="fl-83"/>
      </object_component>
      <object_component id="oc-2fe">
         <name>.econst:_$P$T0$5</name>
         <load_address>0x3f382c</load_address>
         <run_address>0x3f382c</run_address>
         <size>0x25</size>
         <input_file_ref idref="fl-25"/>
      </object_component>
      <object_component id="oc-31c">
         <name>.econst:_g_ai8DescEnable</name>
         <load_address>0x3f3851</load_address>
         <run_address>0x3f3851</run_address>
         <size>0x22</size>
         <input_file_ref idref="fl-2d"/>
      </object_component>
      <object_component id="oc-31f">
         <name>.econst:_g_ai8DescMotorType</name>
         <load_address>0x3f3873</load_address>
         <run_address>0x3f3873</run_address>
         <size>0x22</size>
         <input_file_ref idref="fl-2d"/>
      </object_component>
      <object_component id="oc-1d5">
         <name>.econst</name>
         <load_address>0x3f3896</load_address>
         <run_address>0x3f3896</run_address>
         <size>0x1c</size>
         <input_file_ref idref="fl-83"/>
      </object_component>
      <object_component id="oc-220">
         <name>.econst</name>
         <load_address>0x3f38b2</load_address>
         <run_address>0x3f38b2</run_address>
         <size>0x1c</size>
         <input_file_ref idref="fl-92"/>
      </object_component>
      <object_component id="oc-26d">
         <name>.econst:_g_dmFunA1</name>
         <load_address>0x3f38ce</load_address>
         <run_address>0x3f38ce</run_address>
         <size>0x1a</size>
         <input_file_ref idref="fl-2d"/>
      </object_component>
      <object_component id="oc-26e">
         <name>.econst:_g_dmFunA2</name>
         <load_address>0x3f38e8</load_address>
         <run_address>0x3f38e8</run_address>
         <size>0x1a</size>
         <input_file_ref idref="fl-2d"/>
      </object_component>
      <object_component id="oc-273">
         <name>.econst:_g_dmFunC1</name>
         <load_address>0x3f3902</load_address>
         <run_address>0x3f3902</run_address>
         <size>0x1a</size>
         <input_file_ref idref="fl-2d"/>
      </object_component>
      <object_component id="oc-274">
         <name>.econst:_g_dmFunC2</name>
         <load_address>0x3f391c</load_address>
         <run_address>0x3f391c</run_address>
         <size>0x1a</size>
         <input_file_ref idref="fl-2d"/>
      </object_component>
      <object_component id="oc-275">
         <name>.econst:_g_dmFunCellA1_02</name>
         <load_address>0x3f3936</load_address>
         <run_address>0x3f3936</run_address>
         <size>0x1a</size>
         <input_file_ref idref="fl-2d"/>
      </object_component>
      <object_component id="oc-276">
         <name>.econst:_g_dmFunCellA1_03</name>
         <load_address>0x3f3950</load_address>
         <run_address>0x3f3950</run_address>
         <size>0x1a</size>
         <input_file_ref idref="fl-2d"/>
      </object_component>
      <object_component id="oc-277">
         <name>.econst:_g_dmFunCellA1_04</name>
         <load_address>0x3f396a</load_address>
         <run_address>0x3f396a</run_address>
         <size>0x1a</size>
         <input_file_ref idref="fl-2d"/>
      </object_component>
      <object_component id="oc-27b">
         <name>.econst:_g_dmFunCellC1_01</name>
         <load_address>0x3f3984</load_address>
         <run_address>0x3f3984</run_address>
         <size>0x1a</size>
         <input_file_ref idref="fl-2d"/>
      </object_component>
      <object_component id="oc-27c">
         <name>.econst:_g_dmFunCellC1_02</name>
         <load_address>0x3f399e</load_address>
         <run_address>0x3f399e</run_address>
         <size>0x1a</size>
         <input_file_ref idref="fl-2d"/>
      </object_component>
      <object_component id="oc-27d">
         <name>.econst:_g_dmFunCellC1_03</name>
         <load_address>0x3f39b8</load_address>
         <run_address>0x3f39b8</run_address>
         <size>0x1a</size>
         <input_file_ref idref="fl-2d"/>
      </object_component>
      <object_component id="oc-28d">
         <name>.econst:_g_dmFunCellC2_01</name>
         <load_address>0x3f39d2</load_address>
         <run_address>0x3f39d2</run_address>
         <size>0x1a</size>
         <input_file_ref idref="fl-2d"/>
      </object_component>
      <object_component id="oc-28e">
         <name>.econst:_g_dmFunCellC2_02</name>
         <load_address>0x3f39ec</load_address>
         <run_address>0x3f39ec</run_address>
         <size>0x1a</size>
         <input_file_ref idref="fl-2d"/>
      </object_component>
      <object_component id="oc-28f">
         <name>.econst:_g_dmFunCellC2_03</name>
         <load_address>0x3f3a06</load_address>
         <run_address>0x3f3a06</run_address>
         <size>0x1a</size>
         <input_file_ref idref="fl-2d"/>
      </object_component>
      <object_component id="oc-290">
         <name>.econst:_g_dmFunCellC2_04</name>
         <load_address>0x3f3a20</load_address>
         <run_address>0x3f3a20</run_address>
         <size>0x1a</size>
         <input_file_ref idref="fl-2d"/>
      </object_component>
      <object_component id="oc-291">
         <name>.econst:_g_dmFunCellC2_05</name>
         <load_address>0x3f3a3a</load_address>
         <run_address>0x3f3a3a</run_address>
         <size>0x1a</size>
         <input_file_ref idref="fl-2d"/>
      </object_component>
      <object_component id="oc-292">
         <name>.econst:_g_dmFunCellC2_06</name>
         <load_address>0x3f3a54</load_address>
         <run_address>0x3f3a54</run_address>
         <size>0x1a</size>
         <input_file_ref idref="fl-2d"/>
      </object_component>
      <object_component id="oc-2a2">
         <name>.econst:_g_dmFunCellD1_01</name>
         <load_address>0x3f3a6e</load_address>
         <run_address>0x3f3a6e</run_address>
         <size>0x1a</size>
         <input_file_ref idref="fl-2d"/>
      </object_component>
      <object_component id="oc-2a3">
         <name>.econst:_g_dmFunCellD1_02</name>
         <load_address>0x3f3a88</load_address>
         <run_address>0x3f3a88</run_address>
         <size>0x1a</size>
         <input_file_ref idref="fl-2d"/>
      </object_component>
      <object_component id="oc-2a4">
         <name>.econst:_g_dmFunCellD1_03</name>
         <load_address>0x3f3aa2</load_address>
         <run_address>0x3f3aa2</run_address>
         <size>0x1a</size>
         <input_file_ref idref="fl-2d"/>
      </object_component>
      <object_component id="oc-2a5">
         <name>.econst:_g_dmFunCellD1_04</name>
         <load_address>0x3f3abc</load_address>
         <run_address>0x3f3abc</run_address>
         <size>0x1a</size>
         <input_file_ref idref="fl-2d"/>
      </object_component>
      <object_component id="oc-2a6">
         <name>.econst:_g_dmFunCellD1_05</name>
         <load_address>0x3f3ad6</load_address>
         <run_address>0x3f3ad6</run_address>
         <size>0x1a</size>
         <input_file_ref idref="fl-2d"/>
      </object_component>
      <object_component id="oc-2a7">
         <name>.econst:_g_dmFunCellD1_06</name>
         <load_address>0x3f3af0</load_address>
         <run_address>0x3f3af0</run_address>
         <size>0x1a</size>
         <input_file_ref idref="fl-2d"/>
      </object_component>
      <object_component id="oc-2a8">
         <name>.econst:_g_dmFunCellD1_07</name>
         <load_address>0x3f3b0a</load_address>
         <run_address>0x3f3b0a</run_address>
         <size>0x1a</size>
         <input_file_ref idref="fl-2d"/>
      </object_component>
      <object_component id="oc-2a9">
         <name>.econst:_g_dmFunCellD1_08</name>
         <load_address>0x3f3b24</load_address>
         <run_address>0x3f3b24</run_address>
         <size>0x1a</size>
         <input_file_ref idref="fl-2d"/>
      </object_component>
      <object_component id="oc-2aa">
         <name>.econst:_g_dmFunCellD1_09</name>
         <load_address>0x3f3b3e</load_address>
         <run_address>0x3f3b3e</run_address>
         <size>0x1a</size>
         <input_file_ref idref="fl-2d"/>
      </object_component>
      <object_component id="oc-29a">
         <name>.econst:_g_dmFunCellD2_01</name>
         <load_address>0x3f3b58</load_address>
         <run_address>0x3f3b58</run_address>
         <size>0x1a</size>
         <input_file_ref idref="fl-2d"/>
      </object_component>
      <object_component id="oc-29b">
         <name>.econst:_g_dmFunCellD2_02</name>
         <load_address>0x3f3b72</load_address>
         <run_address>0x3f3b72</run_address>
         <size>0x1a</size>
         <input_file_ref idref="fl-2d"/>
      </object_component>
      <object_component id="oc-29c">
         <name>.econst:_g_dmFunCellD2_03</name>
         <load_address>0x3f3b8c</load_address>
         <run_address>0x3f3b8c</run_address>
         <size>0x1a</size>
         <input_file_ref idref="fl-2d"/>
      </object_component>
      <object_component id="oc-29d">
         <name>.econst:_g_dmFunCellD2_04</name>
         <load_address>0x3f3ba6</load_address>
         <run_address>0x3f3ba6</run_address>
         <size>0x1a</size>
         <input_file_ref idref="fl-2d"/>
      </object_component>
      <object_component id="oc-29e">
         <name>.econst:_g_dmFunCellD2_05</name>
         <load_address>0x3f3bc0</load_address>
         <run_address>0x3f3bc0</run_address>
         <size>0x1a</size>
         <input_file_ref idref="fl-2d"/>
      </object_component>
      <object_component id="oc-29f">
         <name>.econst:_g_dmFunCellD2_06</name>
         <load_address>0x3f3bda</load_address>
         <run_address>0x3f3bda</run_address>
         <size>0x1a</size>
         <input_file_ref idref="fl-2d"/>
      </object_component>
      <object_component id="oc-2a0">
         <name>.econst:_g_dmFunCellD2_07</name>
         <load_address>0x3f3bf4</load_address>
         <run_address>0x3f3bf4</run_address>
         <size>0x1a</size>
         <input_file_ref idref="fl-2d"/>
      </object_component>
      <object_component id="oc-2a1">
         <name>.econst:_g_dmFunCellD2_08</name>
         <load_address>0x3f3c0e</load_address>
         <run_address>0x3f3c0e</run_address>
         <size>0x1a</size>
         <input_file_ref idref="fl-2d"/>
      </object_component>
      <object_component id="oc-269">
         <name>.econst:_g_dmFunCellD3_02</name>
         <load_address>0x3f3c28</load_address>
         <run_address>0x3f3c28</run_address>
         <size>0x1a</size>
[...]
         <value>0x3f861d</value>
      </symbol>
      <symbol id="sm-d01">
         <name>__IQ24cosPU</name>
         <value>0x3f4966</value>
         <object_component_ref idref="oc-166"/>
      </symbol>
      <symbol id="sm-d05">
         <name>_IQ4mpyRndSatTable</name>
         <value>0x3fe750</value>
         <object_component_ref idref="oc-16a"/>
      </symbol>
      <symbol id="sm-d06">
         <name>_IQ5mpyRndSatTable</name>
         <value>0x3fe744</value>
         <object_component_ref idref="oc-16a"/>
      </symbol>
      <symbol id="sm-d07">
         <name>_IQatan2Table</name>
         <value>0x3fe492</value>
         <object_component_ref idref="oc-16a"/>
      </symbol>
      <symbol id="sm-d08">
         <name>_IQisqrtTableEnd</name>
         <value>0x3fe454</value>
         <object_component_ref idref="oc-16a"/>
      </symbol>
      <symbol id="sm-d09">
         <name>_IQ8mpyRndSatTable</name>
         <value>0x3fe720</value>
         <object_component_ref idref="oc-16a"/>
      </symbol>
      <symbol id="sm-d0a">
         <name>_IQ9mpyRndSatTable</name>
         <value>0x3fe714</value>
         <object_component_ref idref="oc-16a"/>
      </symbol>
      <symbol id="sm-d0b">
         <name>_IQsqrtTable</name>
         <value>0x3fe352</value>
         <object_component_ref idref="oc-16a"/>
      </symbol>
      <symbol id="sm-d0c">
         <name>_IQcosTableEnd</name>
         <value>0x3fe132</value>
         <object_component_ref idref="oc-16a"/>
      </symbol>
      <symbol id="sm-d0d">
         <name>_IQatan2HalfPITable</name>
         <value>0x3fe454</value>
         <object_component_ref idref="oc-16a"/>
      </symbol>
      <symbol id="sm-d0e">
         <name>_IQisqrtTable</name>
         <value>0x3fe352</value>
         <object_component_ref idref="oc-16a"/>
      </symbol>
      <symbol id="sm-d0f">
         <name>_IQsqrtRoundSatTable</name>
         <value>0x3fe342</value>
         <object_component_ref idref="oc-16a"/>
      </symbol>
      <symbol id="sm-d10">
         <name>_IQsqrtTableEnd</name>
         <value>0x3fe454</value>
         <object_component_ref idref="oc-16a"/>
      </symbol>
      <symbol id="sm-d11">
         <name>_IQ30mpyRndSatTable</name>
         <value>0x3fe618</value>
         <object_component_ref idref="oc-16a"/>
      </symbol>
      <symbol id="sm-d12">
         <name>_IQ17mpyRndSatTable</name>
         <value>0x3fe6b4</value>
         <object_component_ref idref="oc-16a"/>
      </symbol>
      <symbol id="sm-d13">
         <name>_IQ16mpyRndSatTable</name>
         <value>0x3fe6c0</value>
         <object_component_ref idref="oc-16a"/>
      </symbol>
      <symbol id="sm-d14">
         <name>_IQ15mpyRndSatTable</name>
         <value>0x3fe6cc</value>
         <object_component_ref idref="oc-16a"/>
      </symbol>
      <symbol id="sm-d15">
         <name>_IQ14mpyRndSatTable</name>
         <value>0x3fe6d8</value>
         <object_component_ref idref="oc-16a"/>
      </symbol>
      <symbol id="sm-d16">
         <name>_IQ13mpyRndSatTable</name>
         <value>0x3fe6e4</value>
         <object_component_ref idref="oc-16a"/>
      </symbol>
      <symbol id="sm-d17">
         <name>_IQmpyRndSatTable</name>
         <value>0x3fe618</value>
         <object_component_ref idref="oc-16a"/>
      </symbol>
      <symbol id="sm-d18">
         <name>_IQ12mpyRndSatTable</name>
         <value>0x3fe6f0</value>
         <object_component_ref idref="oc-16a"/>
      </symbol>
      <symbol id="sm-d19">
         <name>_IQdivRoundSatTable</name>
         <value>0x3fe132</value>
         <object_component_ref idref="oc-16a"/>
      </symbol>
      <symbol id="sm-d1a">
         <name>_IQisqrtRoundSatTable</name>
         <value>0x3fe342</value>
         <object_component_ref idref="oc-16a"/>
      </symbol>
      <symbol id="sm-d1b">
         <name>_IQ11mpyRndSatTable</name>
         <value>0x3fe6fc</value>
         <object_component_ref idref="oc-16a"/>
      </symbol>
      <symbol id="sm-d1c">
         <name>_IQcosTable</name>
         <value>0x3fdd30</value>
         <object_component_ref idref="oc-16a"/>
      </symbol>
      <symbol id="sm-d1d">
         <name>_IQ10mpyRndSatTable</name>
         <value>0x3fe708</value>
         <object_component_ref idref="oc-16a"/>
      </symbol>
      <symbol id="sm-d1e">
         <name>_IQmpyRndSatTableEnd</name>
         <value>0x3fe780</value>
         <object_component_ref idref="oc-16a"/>
      </symbol>
      <symbol id="sm-d1f">
         <name>_IQ19mpyRndSatTable</name>
         <value>0x3fe69c</value>
         <object_component_ref idref="oc-16a"/>
      </symbol>
      <symbol id="sm-d20">
         <name>_IQ27mpyRndSatTable</name>
         <value>0x3fe63c</value>
         <object_component_ref idref="oc-16a"/>
      </symbol>
      <symbol id="sm-d21">
         <name>_IQ18mpyRndSatTable</name>
         <value>0x3fe6a8</value>
         <object_component_ref idref="oc-16a"/>
      </symbol>
      <symbol id="sm-d22">
         <name>_IQ26mpyRndSatTable</name>
         <value>0x3fe648</value>
         <object_component_ref idref="oc-16a"/>
      </symbol>
      <symbol id="sm-d23">
         <name>_IQ25mpyRndSatTable</name>
         <value>0x3fe654</value>
         <object_component_ref idref="oc-16a"/>
      </symbol>
      <symbol id="sm-d24">
         <name>_IQsinTable</name>
         <value>0x3fdc30</value>
         <object_component_ref idref="oc-16a"/>
      </symbol>
      <symbol id="sm-d25">
         <name>_IQ24mpyRndSatTable</name>
         <value>0x3fe660</value>
         <object_component_ref idref="oc-16a"/>
      </symbol>
      <symbol id="sm-d26">
         <name>_IQdivTableEnd</name>
         <value>0x3fe342</value>
         <object_component_ref idref="oc-16a"/>
      </symbol>
      <symbol id="sm-d27">
         <name>_IQ23mpyRndSatTable</name>
         <value>0x3fe66c</value>
         <object_component_ref idref="oc-16a"/>
      </symbol>
      <symbol id="sm-d28">
         <name>_IQ22mpyRndSatTable</name>
         <value>0x3fe678</value>
         <object_component_ref idref="oc-16a"/>
      </symbol>
      <symbol id="sm-d29">
         <name>_IQ21mpyRndSatTable</name>
         <value>0x3fe684</value>
         <object_component_ref idref="oc-16a"/>
      </symbol>
      <symbol id="sm-d2a">
         <name>_IQ20mpyRndSatTable</name>
         <value>0x3fe690</value>
         <object_component_ref idref="oc-16a"/>
      </symbol>
      <symbol id="sm-d2b">
         <name>_IQsinTableEnd</name>
         <value>0x3fe030</value>
         <object_component_ref idref="oc-16a"/>
      </symbol>
      <symbol id="sm-d2c">
         <name>_IQdivTable</name>
         <value>0x3fe140</value>
         <object_component_ref idref="oc-16a"/>
      </symbol>
      <symbol id="sm-d2d">
         <name>_IQ2mpyRndSatTable</name>
         <value>0x3fe768</value>
         <object_component_ref idref="oc-16a"/>
      </symbol>
      <symbol id="sm-d2e">
         <name>_IQ3mpyRndSatTable</name>
         <value>0x3fe75c</value>
         <object_component_ref idref="oc-16a"/>
      </symbol>
      <symbol id="sm-d2f">
         <name>_IQ1mpyRndSatTable</name>
         <value>0x3fe774</value>
         <object_component_ref idref="oc-16a"/>
      </symbol>
      <symbol id="sm-d30">
         <name>_IQ29mpyRndSatTable</name>
         <value>0x3fe624</value>
         <object_component_ref idref="oc-16a"/>
      </symbol>
      <symbol id="sm-d31">
         <name>_IQ6mpyRndSatTable</name>
         <value>0x3fe738</value>
         <object_component_ref idref="oc-16a"/>
      </symbol>
      <symbol id="sm-d32">
         <name>_IQatan2TableEnd</name>
         <value>0x3fe618</value>
         <object_component_ref idref="oc-16a"/>
      </symbol>
      <symbol id="sm-d33">
         <name>_IQ28mpyRndSatTable</name>
         <value>0x3fe630</value>
         <object_component_ref idref="oc-16a"/>
      </symbol>
      <symbol id="sm-d34">
         <name>_IQ7mpyRndSatTable</name>
         <value>0x3fe72c</value>
         <object_component_ref idref="oc-16a"/>
      </symbol>
      <symbol id="sm-d3d">
         <name>__IQ24div</name>
         <value>0x3f48b4</value>
         <object_component_ref idref="oc-16b"/>
      </symbol>
      <symbol id="sm-d45">
         <name>__IQ24mpyI32int</name>
         <value>0x3f49b9</value>
         <object_component_ref idref="oc-16f"/>
      </symbol>
      <symbol id="sm-d4e">
         <name>__IQ24sinPU</name>
         <value>0x3f493d</value>
         <object_component_ref idref="oc-173"/>
      </symbol>
      <symbol id="sm-d56">
         <name>__IQ24sqrt</name>
         <value>0x3f48fb</value>
         <object_component_ref idref="oc-177"/>
      </symbol>
      <symbol id="sm-d5e">
         <name>__IQ24toF</name>
         <value>0x3f498d</value>
         <object_component_ref idref="oc-17b"/>
      </symbol>
      <symbol id="sm-d66">
         <name>__IQ30toF</name>
         <value>0x3f49a3</value>
         <object_component_ref idref="oc-17f"/>
      </symbol>
      <symbol id="sm-d81">
         <name>_c_int00</name>
         <value>0x3f2af3</value>
         <object_component_ref idref="oc-19"/>
      </symbol>
      <symbol id="sm-d82">
         <name>__stack</name>
         <value>0x50</value>
         <object_component_ref idref="oc-183"/>
      </symbol>
      <symbol id="sm-d91">
         <name>__args_main</name>
         <value>0x3f2ff1</value>
         <object_component_ref idref="oc-25a"/>
      </symbol>
      <symbol id="sm-d9e">
         <name>__system_post_cinit</name>
         <value>0x3eedb5</value>
         <object_component_ref idref="oc-259"/>
      </symbol>
      <symbol id="sm-daa">
         <name>__system_pre_init</name>
         <value>0x3f30e8</value>
         <object_component_ref idref="oc-257"/>
      </symbol>
      <symbol id="sm-dc0">
         <name>_ceilf</name>
         <value>0x3f2b49</value>
         <object_component_ref idref="oc-349"/>
      </symbol>
      <symbol id="sm-dc1">
         <name>_ceil</name>
         <value>0x3f2b49</value>
         <object_component_ref idref="oc-349"/>
      </symbol>
      <symbol id="sm-dd0">
         <name>_copy_in</name>
         <value>0x3f2e96</value>
         <object_component_ref idref="oc-258"/>
      </symbol>
      <symbol id="sm-de4">
         <name>C$$EXIT</name>
         <value>0x3f2dfc</value>
         <object_component_ref idref="oc-25b"/>
      </symbol>
      <symbol id="sm-de5">
         <name>_exit</name>
         <value>0x3f2dfe</value>
         <object_component_ref idref="oc-25b"/>
      </symbol>
      <symbol id="sm-de6">
         <name>___TI_cleanup_ptr</name>
         <value>0x902a</value>
         <object_component_ref idref="oc-1a5"/>
      </symbol>
      <symbol id="sm-de7">
         <name>___TI_enable_exit_profile_output</name>
         <value>0x9028</value>
         <object_component_ref idref="oc-1a5"/>
      </symbol>
      <symbol id="sm-de8">
         <name>_abort</name>
         <value>0x3f2dfc</value>
         <object_component_ref idref="oc-25b"/>
      </symbol>
      <symbol id="sm-de9">
         <name>___TI_dtors_ptr</name>
         <value>0x902c</value>
         <object_component_ref idref="oc-1a5"/>
      </symbol>
      <symbol id="sm-dfd">
         <name>__unlock</name>
         <value>0x9034</value>
         <object_component_ref idref="oc-34b"/>
      </symbol>
      <symbol id="sm-dfe">
         <name>__lock</name>
         <value>0x9032</value>
         <object_component_ref idref="oc-2c9"/>
      </symbol>
      <symbol id="sm-dff">
         <name>__register_lock</name>
         <value>0x3f30ad</value>
         <object_component_ref idref="oc-33d"/>
      </symbol>
      <symbol id="sm-e00">
         <name>__nop</name>
         <value>0x3f30b1</value>
         <object_component_ref idref="oc-33d"/>
      </symbol>
      <symbol id="sm-e01">
         <name>__register_unlock</name>
         <value>0x3f30a9</value>
         <object_component_ref idref="oc-33d"/>
      </symbol>
      <symbol id="sm-e27">
         <name>_logf</name>
         <value>0x3f1b71</value>
         <object_component_ref idref="oc-348"/>
      </symbol>
      <symbol id="sm-e28">
         <name>_log</name>
         <value>0x3f1b71</value>
         <object_component_ref idref="oc-348"/>
      </symbol>
      <symbol id="sm-e32">
         <name>_errno</name>
         <value>0x9037</value>
         <object_component_ref idref="oc-1b7"/>
      </symbol>
      <symbol id="sm-e43">
         <name>_memcpy</name>
         <value>0x3f2f7e</value>
         <object_component_ref idref="oc-2c8"/>
      </symbol>
      <symbol id="sm-e9a">
         <name>_powf</name>
         <value>0x3f0de5</value>
         <object_component_ref idref="oc-34a"/>
      </symbol>
      <symbol id="sm-e9b">
         <name>_pow</name>
         <value>0x3f0de5</value>
         <object_component_ref idref="oc-34a"/>
      </symbol>
      <symbol id="sm-eb3">
         <name>_scalbn</name>
         <value>0x3f2a9c</value>
         <object_component_ref idref="oc-359"/>
      </symbol>
      <symbol id="sm-eb4">
         <name>_ldexp</name>
         <value>0x3f2a9c</value>
         <object_component_ref idref="oc-359"/>
      </symbol>
      <symbol id="sm-eb5">
         <name>_scalbnf</name>
         <value>0x3f2a9c</value>
         <object_component_ref idref="oc-359"/>
      </symbol>
      <symbol id="sm-eb6">
         <name>_ldexpf</name>
         <value>0x3f2a9c</value>
         <object_component_ref idref="oc-359"/>
      </symbol>
      <symbol id="sm-ec2">
         <name>_copysignf</name>
         <value>0x3f3033</value>
         <object_component_ref idref="oc-35c"/>
      </symbol>
      <symbol id="sm-ec3">
         <name>_copysign</name>
         <value>0x3f3033</value>
         <object_component_ref idref="oc-35c"/>
      </symbol>
      <symbol id="sm-ed1">
         <name>_sprintf</name>
         <value>0x3f2cb8</value>
         <object_component_ref idref="oc-2f8"/>
      </symbol>
      <symbol id="sm-102b">
         <name>___TI_printfi</name>
         <value>0x3edf03</value>
         <object_component_ref idref="oc-347"/>
      </symbol>
      <symbol id="sm-103b">
         <name>FD$$CMP</name>
         <value>0x3f2da8</value>
         <object_component_ref idref="oc-1db"/>
      </symbol>
      <symbol id="sm-1052">
         <name>FD$$DIV</name>
         <value>0x3f27e0</value>
         <object_component_ref idref="oc-1e0"/>
      </symbol>
      <symbol id="sm-105f">
         <name>FD$$NEG</name>
         <value>0x3f30b2</value>
         <object_component_ref idref="oc-1e5"/>
      </symbol>
      <symbol id="sm-106b">
         <name>FD$$SUB</name>
         <value>0x3f3061</value>
         <object_component_ref idref="oc-1ea"/>
      </symbol>
      <symbol id="sm-1086">
         <name>FD$$ADD</name>
         <value>0x3f2744</value>
         <object_component_ref idref="oc-1ef"/>
      </symbol>
      <symbol id="sm-1095">
         <name>FD$$TOI</name>
         <value>0x3f2f00</value>
         <object_component_ref idref="oc-1f4"/>
      </symbol>
      <symbol id="sm-10a5">
         <name>I$$TOFD</name>
         <value>0x3f2f9c</value>
         <object_component_ref idref="oc-1f9"/>
      </symbol>
      <symbol id="sm-10b5">
         <name>L$$TOFD</name>
         <value>0x3f2fd5</value>
         <object_component_ref idref="oc-1fe"/>
      </symbol>
      <symbol id="sm-10c1">
         <name>LL$$AND</name>
         <value>0x3f300a</value>
         <object_component_ref idref="oc-203"/>
      </symbol>
      <symbol id="sm-10c2">
         <name>LL$$OR</name>
         <value>0x3f3012</value>
         <object_component_ref idref="oc-203"/>
      </symbol>
      <symbol id="sm-10c3">
         <name>LL$$XOR</name>
         <value>0x3f301a</value>
         <object_component_ref idref="oc-203"/>
      </symbol>
      <symbol id="sm-10d1">
         <name>ULL$$CMP</name>
         <value>0x3f2f72</value>
         <object_component_ref idref="oc-208"/>
      </symbol>
      <symbol id="sm-10d2">
         <name>LL$$CMP</name>
         <value>0x3f2f60</value>
         <object_component_ref idref="oc-208"/>
      </symbol>
      <symbol id="sm-10fe">
         <name>ULL$$MOD</name>
         <value>0x3f1f84</value>
         <object_component_ref idref="oc-20d"/>
      </symbol>
      <symbol id="sm-10ff">
         <name>ULL$$DIV</name>
         <value>0x3f1f55</value>
         <object_component_ref idref="oc-20d"/>
      </symbol>
      <symbol id="sm-1100">
         <name>LL$$MOD</name>
         <value>0x3f1f1b</value>
         <object_component_ref idref="oc-20d"/>
      </symbol>
      <symbol id="sm-1101">
         <name>LL$$DIV</name>
         <value>0x3f1edf</value>
         <object_component_ref idref="oc-20d"/>
      </symbol>
      <symbol id="sm-1115">
         <name>_atoi</name>
         <value>0x3f2d1c</value>
         <object_component_ref idref="oc-34c"/>
      </symbol>
      <symbol id="sm-111d">
         <name>__ctypes_</name>
         <value>0x3f33fd</value>
         <object_component_ref idref="oc-35a"/>
      </symbol>
      <symbol id="sm-1130">
         <name>_frexpl</name>
         <value>0x3f2a42</value>
         <object_component_ref idref="oc-34f"/>
      </symbol>
      <symbol id="sm-114e">
         <name>_scalbnl</name>
         <value>0x3f25f0</value>
         <object_component_ref idref="oc-350"/>
      </symbol>
      <symbol id="sm-114f">
         <name>_ldexpl</name>
         <value>0x3f25f0</value>
         <object_component_ref idref="oc-350"/>
      </symbol>
      <symbol id="sm-115c">
         <name>_copysignl</name>
         <value>0x3f2eba</value>
         <object_component_ref idref="oc-35b"/>
      </symbol>
      <symbol id="sm-116a">
         <name>_ltoa</name>
         <value>0x3f2d4d</value>
         <object_component_ref idref="oc-34e"/>
      </symbol>
      <symbol id="sm-1179">
         <name>_memccpy</name>
         <value>0x3f306f</value>
         <object_component_ref idref="oc-353"/>
      </symbol>
      <symbol id="sm-1187">
         <name>_memset</name>
         <value>0x3f307c</value>
         <object_component_ref idref="oc-352"/>
      </symbol>
      <symbol id="sm-1197">
         <name>_sqrtf</name>
         <value>0x3f2e26</value>
         <object_component_ref idref="oc-355"/>
      </symbol>
      <symbol id="sm-1198">
         <name>_sqrt</name>
         <value>0x3f2e26</value>
         <object_component_ref idref="oc-355"/>
      </symbol>
      <symbol id="sm-11a7">
         <name>_strcat</name>
         <value>0x3f30bb</value>
         <object_component_ref idref="oc-2f9"/>
      </symbol>
      <symbol id="sm-11b6">
         <name>_strchr</name>
         <value>0x3f3088</value>
         <object_component_ref idref="oc-351"/>
      </symbol>
      <symbol id="sm-11c3">
         <name>_strcpy</name>
         <value>0x3f30e3</value>
         <object_component_ref idref="oc-2f7"/>
      </symbol>
      <symbol id="sm-11d0">
         <name>_strlen</name>
         <value>0x3f30d5</value>
         <object_component_ref idref="oc-34d"/>
      </symbol>
      <symbol id="sm-11de">
         <name>_wcslen</name>
         <value>0x3f30c4</value>
         <object_component_ref idref="oc-354"/>
      </symbol>
   </symbol_table>
   <title>Link successful</title>
</link_info>
