******************************************************************************
             TMS320C2000 Linker PC v18.1.1                     
******************************************************************************
>> Linked Tue Aug 14 08:24:38 2018

OUTPUT FILE NAME:   <EV_28069M_Fpu32.out>
ENTRY POINT SYMBOL: "_c_int00"  address: 003f2a2a


MEMORY CONFIGURATION

         name            origin    length      used     unused   attr    fill
----------------------  --------  ---------  --------  --------  ----  --------
PAGE 0:
  RAML0_1               00008000   00000c00  00000373  0000088d  RWIX
  OTP                   003d7800   00000400  00000000  00000400  RWIX
  FLASHH                003d8000   00004000  00000000  00004000  RWIX
  FLASHG                003dc000   00004000  00000000  00004000  RWIX
  FLASHF                003e0000   00004000  00000000  00004000  RWIX
  FLASHE                003e4000   00004000  00000000  00004000  RWIX
  FLASHD                003e8000   00004000  00000373  00003c8d  RWIX
  FLASHA_C              003ec000   0000bf80  0000895a  00003626  RWIX
  CSM_RSVD              003f7f80   00000076  00000000  00000076  RWIX
  BEGIN                 003f7ff6   00000002  00000002  00000000  RWIX
  CSM_PWL_P0            003f7ff8   00000008  00000000  00000008  RWIX
  FPUTABLES             003fd590   000006a0  00000000  000006a0  RWIX
  IQTABLES              003fdc30   00000b50  00000b50  00000000  RWIX
  IQTABLES2             003fe780   0000008c  00000000  0000008c  RWIX
  IQTABLES3             003fe80c   000000aa  00000000  000000aa  RWIX
  ROM                   003ff3b0   00000c10  00000000  00000c10  RWIX
  RESET                 003fffc0   00000002  00000000  00000002  RWIX
  VECTORS               003fffc2   0000003e  00000000  0000003e  RWIX

PAGE 1:
  BOOT_RSVD             00000000   00000050  00000000  00000050  RWIX
  RAMM0                 00000050   000003b0  000003b0  00000000  RWIX
  RAMM1                 00000400   00000400  00000000  00000400  RWIX
  RAML2_4               00008c00   00003400  000006f8  00002d08  RWIX
  RAML5                 0000c000   00002000  000009a0  00001660  RWIX
  RAML6                 0000e000   00002000  00000000  00002000  RWIX
  RAML7                 00010000   00002000  00000000  00002000  RWIX
  RAML8                 00012000   00001800  00000000  00001800  RWIX
  USB_RAM               00040000   00000800  00000000  00000800  RWIX


SECTION ALLOCATION MAP

 output                                  attributes/
section   page    origin      length       input sections
--------  ----  ----------  ----------   ----------------
.cinit     0    003f4654    000001d2     
                  003f4654    00000108     user_data.obj (.cinit)
                  003f475c    0000007d     Main.obj (.cinit)
                  003f47d9    00000010     sci_operator.obj (.cinit)
                  003f47e9    0000000e     rts2800_fpu32.lib : exit.c.obj (.cinit)
                  003f47f7    0000000d     datalog.obj (.cinit)
                  003f4804    0000000b     hallbldc.obj (.cinit)
                  003f480f    00000007     i2c_lcd.obj (.cinit)
                  003f4816    00000005     rts2800_fpu32.lib : _lock.c.obj (.cinit:__lock)
                  003f481b    00000005                       : _lock.c.obj (.cinit:__unlock)
                  003f4820    00000004                       : errno.c.obj (.cinit)
                  003f4824    00000002     --HOLE-- [fill = 0]

.pinit     0    003ec000    00000000     UNINITIALIZED

ramfuncs   0    003e8000    00000373     RUN ADDR = 00008000
                  003e8000    0000031f     ctrlQEP.obj (ramfuncs)
                  003e831f    00000032     flash.obj (ramfuncs)
                  003e8351    0000001e     hal.obj (ramfuncs)
                  003e836f    00000004     usDelay.obj (ramfuncs)

.text      0    003ec000    00007020     
                  003ec000    0000129e     user_data.obj (.text)
                  003ed29e    00000d47     rts2800_fpu32.lib : _printfi.c.obj (.text)
                  003edfe5    00000d1c     hal.obj (.text)
                  003eed01    00000001     rts2800_fpu32.lib : startup.c.obj (.text)
                  003eed02    00000912     sci_operator.obj (.text)
                  003ef614    00000716     ctrlQEP.obj (.text)
                  003efd2a    000005db     Main.obj (.text)
                  003f0305    00000586     user.obj (.text)
                  003f088b    00000001     --HOLE-- [fill = 0]
                  003f088c    0000049b     Main.obj (.text:retain)
                  003f0d27    00000380     rts2800_fpu32.lib : e_powf.c.obj (.text)
                  003f10a7    000002f6     pwm.obj (.text)
                  003f139d    0000022e     hallbldc.obj (.text)
                  003f15cb    000001ee     adc.obj (.text)
                  003f17b9    0000018a     clk.obj (.text)
                  003f1943    00000170     gpio.obj (.text)
                  003f1ab3    0000012b     rts2800_fpu32.lib : e_logf.c.obj (.text)
                  003f1bde    00000126     pie.obj (.text)
                  003f1d04    0000011d     enc.obj (.text)
                  003f1e21    00000107     rts2800_fpu32.lib : ll_div28.asm.obj (.text)
                  003f1f28    000000f7     i2c.obj (.text)
                  003f201f    000000f2     sci.obj (.text)
                  003f2111    00000001     --HOLE-- [fill = 0]
                  003f2112    000000e5     i2c_24lc32.obj (.text)
                  003f21f7    000000e0     throttle.obj (.text)
                  003f22d7    000000d1     i2c_mcp23017.obj (.text)
                  003f23a8    000000c0     sci_message.obj (.text)
                  003f2468    000000bf     i2c_message.obj (.text)
                  003f2527    000000ab     rts2800_fpu32.lib : s_scalbn.c.obj (.text)
                  003f25d2    000000a9     spi.obj (.text)
                  003f267b    0000009c     rts2800_fpu32.lib : fd_add28.asm.obj (.text)
                  003f2717    0000008b                       : fd_div28.asm.obj (.text)
                  003f27a2    00000088                       : fs_div28.asm.obj (.text)
                  003f282a    00000083                       : fd_mpy28.asm.obj (.text)
                  003f28ad    00000071     sci_modbus.obj (.text)
                  003f291e    0000005b     pll.obj (.text)
                  003f2979    0000005a     rts2800_fpu32.lib : s_frexp.c.obj (.text)
                  003f29d3    00000057                       : s_scalbnf.c.obj (.text)
                  003f2a2a    00000056                       : boot28.asm.obj (.text)
                  003f2a80    00000056                       : s_ceilf.c.obj (.text)
                  003f2ad6    00000048     filter.obj (.text)
                  003f2b1e    00000047     offset.obj (.text)
                  003f2b65    00000046     wdog.obj (.text)
                  003f2bab    00000044     pwr.obj (.text)
                  003f2bef    00000032     rts2800_fpu32.lib : sprintf.c.obj (.text)
                  003f2c21    00000032     timer.obj (.text)
                  003f2c53    00000031     rts2800_fpu32.lib : atoi.c.obj (.text)
                  003f2c84    0000002e                       : ltoa.c.obj (.text)
                  003f2cb2    0000002d     osc.obj (.text)
                  003f2cdf    0000002a     rts2800_fpu32.lib : fd_cmp28.asm.obj (.text)
                  003f2d09    0000002a                       : l_div28.asm.obj (.text)
                  003f2d33    00000029                       : exit.c.obj (.text)
                  003f2d5c    00000026                       : e_sqrtf.c.obj (.text)
                  003f2d82    00000025     cpu.obj (.text)
                  003f2da7    00000025     filter_fo.obj (.text)
                  003f2dcc    00000024     rts2800_fpu32.lib : cpy_tbl.c.obj (.text)
                  003f2df0    00000024                       : s_copysign.c.obj (.text)
                  003f2e14    00000022                       : i_div28.asm.obj (.text)
                  003f2e36    00000021                       : fd_toi28.asm.obj (.text)
                  003f2e57    00000020     flash.obj (.text)
                  003f2e77    0000001f     rts2800_fpu32.lib : fd_tol28.asm.obj (.text)
                  003f2e96    0000001e                       : ll_cmp28.asm.obj (.text)
                  003f2eb4    0000001e                       : memcpy.c.obj (.text)
                  003f2ed2    0000001d                       : i_tofd28.asm.obj (.text)
                  003f2eef    0000001c                       : fs_tofdfpu32.asm.obj (.text)
                  003f2f0b    0000001c                       : l_tofd28.asm.obj (.text)
                  003f2f27    00000019                       : args_main.c.obj (.text)
                  003f2f40    00000018                       : ll_aox28.asm.obj (.text)
                  003f2f58    00000011     pid.obj (.text)
                  003f2f69    00000011     rts2800_fpu32.lib : s_copysignf.c.obj (.text)
                  003f2f7a    0000000f     memCopy.obj (.text)
                  003f2f89    0000000e     datalog.obj (.text)
                  003f2f97    0000000e     rts2800_fpu32.lib : fd_sub28.asm.obj (.text)
                  003f2fa5    0000000d                       : memccpy.c.obj (.text)
                  003f2fb2    0000000c                       : memset.c.obj (.text)
                  003f2fbe    0000000c                       : strchr.c.obj (.text)
                  003f2fca    0000000b                       : u_div28.asm.obj (.text)
                  003f2fd5    0000000a     pie.obj (.text:retain)
                  003f2fdf    00000009     rts2800_fpu32.lib : _lock.c.obj (.text)
                  003f2fe8    00000009                       : fd_neg28.asm.obj (.text)
                  003f2ff1    00000009                       : strcat.c.obj (.text)
                  003f2ffa    00000009                       : wcslen.c.obj (.text)
                  003f3003    00000008     CodeStartBranch.obj (.text)
                  003f300b    00000008     rts2800_fpu32.lib : strlen.c.obj (.text)
                  003f3013    00000006     qep.obj (.text)
                  003f3019    00000005     rts2800_fpu32.lib : strcpy.c.obj (.text)
                  003f301e    00000002                       : pre_init.c.obj (.text)

codestart 
*          0    003f7ff6    00000002     
                  003f7ff6    00000002     CodeStartBranch.obj (codestart)

.econst    0    003f3020    00001634     
                  003f3020    000001f1     user_data.obj (.econst:.string)
                  003f3211    00000001     --HOLE-- [fill = 0]
                  003f3212    00000121     sci_operator.obj (.econst:.string)
                  003f3333    00000101     rts2800_fpu32.lib : ctype.c.obj (.econst:.string:__ctypes_)
                  003f3434    00000099     user_data.obj (.econst:_g_ai8DescTripTrace)
                  003f34cd    00000055     user_data.obj (.econst:_g_ai8DescAccessLevel)
                  003f3522    00000055     user_data.obj (.econst:_g_ai8DescCtrlMethod)
                  003f3577    00000055     user_data.obj (.econst:_g_ai8DescModel)
                  003f35cc    00000044     user_data.obj (.econst:_g_ai8DescInitial)
                  003f3610    00000044     user_data.obj (.econst:_g_ai8DescReferSelect)
                  003f3654    00000044     user_data.obj (.econst:_g_ai8DescStopMethod)
                  003f3698    00000033     user_data.obj (.econst:_g_ai8DescCtrlLoop)
                  003f36cb    00000001     --HOLE-- [fill = 0]
                  003f36cc    00000032     rts2800_fpu32.lib : e_powf.c.obj (.econst)
                  003f36fe    0000002e     sci_operator.obj (.econst:_$P$T1$6)
                  003f372c    00000026     rts2800_fpu32.lib : _printfi.c.obj (.econst:.string)
                  003f3752    00000025     sci_operator.obj (.econst:_$P$T0$5)
                  003f3777    00000022     user_data.obj (.econst:_g_ai8DescEnable)
                  003f3799    00000022     user_data.obj (.econst:_g_ai8DescFactory)
                  003f37bb    00000022     user_data.obj (.econst:_g_ai8DescMotorType)
                  003f37dd    00000001     --HOLE-- [fill = 0]
                  003f37de    0000001c     rts2800_fpu32.lib : _printfi.c.obj (.econst)
                  003f37fa    0000001c                       : s_scalbn.c.obj (.econst)
                  003f3816    0000001a     user_data.obj (.econst:_g_dmFunA1)
                  003f3830    0000001a     user_data.obj (.econst:_g_dmFunA2)
                  003f384a    0000001a     user_data.obj (.econst:_g_dmFunC1)
                  003f3864    0000001a     user_data.obj (.econst:_g_dmFunC2)
                  003f387e    0000001a     user_data.obj (.econst:_g_dmFunCellA1_02)
                  003f3898    0000001a     user_data.obj (.econst:_g_dmFunCellA1_03)
                  003f38b2    0000001a     user_data.obj (.econst:_g_dmFunCellA1_04)
                  003f38cc    0000001a     user_data.obj (.econst:_g_dmFunCellC1_01)
                  003f38e6    0000001a     user_data.obj (.econst:_g_dmFunCellC1_02)
                  003f3900    0000001a     user_data.obj (.econst:_g_dmFunCellC1_03)
                  003f391a    0000001a     user_data.obj (.econst:_g_dmFunCellC2_01)
                  003f3934    0000001a     user_data.obj (.econst:_g_dmFunCellC2_02)
                  003f394e    0000001a     user_data.obj (.econst:_g_dmFunCellC2_03)
                  003f3968    0000001a     user_data.obj (.econst:_g_dmFunCellC2_04)
                  003f3982    0000001a     user_data.obj (.econst:_g_dmFunCellC2_05)
                  003f399c    0000001a     user_data.obj (.econst:_g_dmFunCellC2_06)
                  003f39b6    0000001a     user_data.obj (.econst:_g_dmFunCellD1_01)
                  003f39d0    0000001a     user_data.obj (.econst:_g_dmFunCellD1_02)
                  003f39ea    0000001a     user_data.obj (.econst:_g_dmFunCellD1_03)
                  003f3a04    0000001a     user_data.obj (.econst:_g_dmFunCellD1_04)
                  003f3a1e    0000001a     user_data.obj (.econst:_g_dmFunCellD1_05)
                  003f3a38    0000001a     user_data.obj (.econst:_g_dmFunCellD1_06)
                  003f3a52    0000001a     user_data.obj (.econst:_g_dmFunCellD1_07)
                  003f3a6c    0000001a     user_data.obj (.econst:_g_dmFunCellD1_08)
                  003f3a86    0000001a     user_data.obj (.econst:_g_dmFunCellD1_09)
                  003f3aa0    0000001a     user_data.obj (.econst:_g_dmFunCellD2_01)
                  003f3aba    0000001a     user_data.obj (.econst:_g_dmFunCellD2_02)
                  003f3ad4    0000001a     user_data.obj (.econst:_g_dmFunCellD2_03)
                  003f3aee    0000001a     user_data.obj (.econst:_g_dmFunCellD2_04)
                  003f3b08    0000001a     user_data.obj (.econst:_g_dmFunCellD2_05)
                  003f3b22    0000001a     user_data.obj (.econst:_g_dmFunCellD2_06)
                  003f3b3c    0000001a     user_data.obj (.econst:_g_dmFunCellD2_07)
                  003f3b56    0000001a     user_data.obj (.econst:_g_dmFunCellD2_08)
                  003f3b70    0000001a     user_data.obj (.econst:_g_dmFunCellD3_01)
                  003f3b8a    0000001a     user_data.obj (.econst:_g_dmFunCellD3_02)
                  003f3ba4    0000001a     user_data.obj (.econst:_g_dmFunCellReserved)
                  003f3bbe    0000001a     user_data.obj (.econst:_g_dmFunCellU1_01)
                  003f3bd8    0000001a     user_data.obj (.econst:_g_dmFunCellU1_02)
                  003f3bf2    0000001a     user_data.obj (.econst:_g_dmFunCellU1_03)
                  003f3c0c    0000001a     user_data.obj (.econst:_g_dmFunCellU1_04)
                  003f3c26    0000001a     user_data.obj (.econst:_g_dmFunCellU1_05)
                  003f3c40    0000001a     user_data.obj (.econst:_g_dmFunCellU1_06)
                  003f3c5a    0000001a     user_data.obj (.econst:_g_dmFunCellU1_07)
                  003f3c74    0000001a     user_data.obj (.econst:_g_dmFunCellU1_08)
                  003f3c8e    0000001a     user_data.obj (.econst:_g_dmFunCellU1_09)
                  003f3ca8    0000001a     user_data.obj (.econst:_g_dmFunCellU1_10)
                  003f3cc2    0000001a     user_data.obj (.econst:_g_dmFunCellU1_11)
                  003f3cdc    0000001a     user_data.obj (.econst:_g_dmFunCellU1_12)
                  003f3cf6    0000001a     user_data.obj (.econst:_g_dmFunCellU1_13)
                  003f3d10    0000001a     user_data.obj (.econst:_g_dmFunCellU1_14)
                  003f3d2a    0000001a     user_data.obj (.econst:_g_dmFunCellU1_15)
                  003f3d44    0000001a     user_data.obj (.econst:_g_dmFunCellU1_16)
                  003f3d5e    0000001a     user_data.obj (.econst:_g_dmFunCellU1_17)
                  003f3d78    0000001a     user_data.obj (.econst:_g_dmFunCellU1_18)
                  003f3d92    0000001a     user_data.obj (.econst:_g_dmFunCellU1_19)
                  003f3dac    0000001a     user_data.obj (.econst:_g_dmFunCellU1_20)
                  003f3dc6    0000001a     user_data.obj (.econst:_g_dmFunCellU1_21)
                  003f3de0    0000001a     user_data.obj (.econst:_g_dmFunCellU1_22)
                  003f3dfa    0000001a     user_data.obj (.econst:_g_dmFunCellU1_23)
                  003f3e14    0000001a     user_data.obj (.econst:_g_dmFunCellU1_24)
                  003f3e2e    0000001a     user_data.obj (.econst:_g_dmFunCellU1_25)
                  003f3e48    0000001a     user_data.obj (.econst:_g_dmFunCellU1_26)
                  003f3e62    0000001a     user_data.obj (.econst:_g_dmFunCellU1_27)
                  003f3e7c    0000001a     user_data.obj (.econst:_g_dmFunCellU1_28)
                  003f3e96    0000001a     user_data.obj (.econst:_g_dmFunCellU1_29)
                  003f3eb0    0000001a     user_data.obj (.econst:_g_dmFunCellU2_01)
                  003f3eca    0000001a     user_data.obj (.econst:_g_dmFunCellU2_02)
                  003f3ee4    0000001a     user_data.obj (.econst:_g_dmFunCellU2_03)
                  003f3efe    0000001a     user_data.obj (.econst:_g_dmFunCellU2_04)
                  003f3f18    0000001a     user_data.obj (.econst:_g_dmFunCellU2_05)
                  003f3f32    0000001a     user_data.obj (.econst:_g_dmFunCellb1_01)
                  003f3f4c    0000001a     user_data.obj (.econst:_g_dmFunCellb1_02)
                  003f3f66    0000001a     user_data.obj (.econst:_g_dmFunCellb1_03)
                  003f3f80    0000001a     user_data.obj (.econst:_g_dmFunCellb1_04)
                  003f3f9a    0000001a     user_data.obj (.econst:_g_dmFunCellb1_05)
                  003f3fb4    0000001a     user_data.obj (.econst:_g_dmFunCellb1_06)
                  003f3fce    0000001a     user_data.obj (.econst:_g_dmFunCellb1_07)
                  003f3fe8    0000001a     user_data.obj (.econst:_g_dmFunCellb2_01)
                  003f4002    0000001a     user_data.obj (.econst:_g_dmFunCellb2_02)
                  003f401c    0000001a     user_data.obj (.econst:_g_dmFunCellb2_03)
                  003f4036    0000001a     user_data.obj (.econst:_g_dmFunD1)
                  003f4050    0000001a     user_data.obj (.econst:_g_dmFunD2)
                  003f406a    0000001a     user_data.obj (.econst:_g_dmFunD3)
                  003f4084    0000001a     user_data.obj (.econst:_g_dmFunU1)
                  003f409e    0000001a     user_data.obj (.econst:_g_dmFunU2)
                  003f40b8    0000001a     user_data.obj (.econst:_g_dmFunb1)
                  003f40d2    0000001a     user_data.obj (.econst:_g_dmFunb2)
                  003f40ec    0000001a     user_data.obj (.econst:_g_dmGroupA)
                  003f4106    0000001a     user_data.obj (.econst:_g_dmGroupC)
                  003f4120    0000001a     user_data.obj (.econst:_g_dmGroupD)
                  003f413a    0000001a     user_data.obj (.econst:_g_dmGroupU)
                  003f4154    0000001a     user_data.obj (.econst:_g_dmGroupb)
                  003f416e    00000018     user_data.obj (.econst:_g_dmModeAutotuning)
                  003f4186    00000018     user_data.obj (.econst:_g_dmModeInitialize)
                  003f419e    00000018     user_data.obj (.econst:_g_dmModeOperation)
                  003f41b6    00000018     user_data.obj (.econst:_g_dmModeProgram)
                  003f41ce    00000010     rts2800_fpu32.lib : e_logf.c.obj (.econst)
                  003f41de    0000000e     user_data.obj (.econst:_g_dmCellAccTime)
                  003f41ec    0000000e     user_data.obj (.econst:_g_dmCellAccessLvl)
                  003f41fa    0000000e     user_data.obj (.econst:_g_dmCellBLDC2FOC)
                  003f4208    0000000e     user_data.obj (.econst:_g_dmCellCtlLoop)
                  003f4216    0000000e     user_data.obj (.econst:_g_dmCellCtlMethod)
                  003f4224    0000000e     user_data.obj (.econst:_g_dmCellCurrentMax)
                  003f4232    0000000e     user_data.obj (.econst:_g_dmCellCurrentOut)
                  003f4240    0000000e     user_data.obj (.econst:_g_dmCellCurrentRef)
                  003f424e    0000000e     user_data.obj (.econst:_g_dmCellCurrentU)
                  003f425c    0000000e     user_data.obj (.econst:_g_dmCellCurrentV)
                  003f426a    0000000e     user_data.obj (.econst:_g_dmCellCurrentW)
                  003f4278    0000000e     user_data.obj (.econst:_g_dmCellDCBus)
                  003f4286    0000000e     user_data.obj (.econst:_g_dmCellDCBusMax)
                  003f4294    0000000e     user_data.obj (.econst:_g_dmCellDCBusMin)
                  003f42a2    0000000e     user_data.obj (.econst:_g_dmCellExtAd1)
                  003f42b0    0000000e     user_data.obj (.econst:_g_dmCellExtAd2)
                  003f42be    0000000e     user_data.obj (.econst:_g_dmCellExtAd3)
                  003f42cc    0000000e     user_data.obj (.econst:_g_dmCellExtAd4)
                  003f42da    0000000e     user_data.obj (.econst:_g_dmCellExtAd5)
                  003f42e8    0000000e     user_data.obj (.econst:_g_dmCellExtAd6)
                  003f42f6    0000000e     user_data.obj (.econst:_g_dmCellExtTemp)
                  003f4304    0000000e     user_data.obj (.econst:_g_dmCellFOC2BLDC)
                  003f4312    0000000e     user_data.obj (.econst:_g_dmCellFactory)
                  003f4320    0000000e     user_data.obj (.econst:_g_dmCellFluxEstHz)
                  003f432e    0000000e     user_data.obj (.econst:_g_dmCellFreqOut)
                  003f433c    0000000e     user_data.obj (.econst:_g_dmCellFreqRef)
                  003f434a    0000000e     user_data.obj (.econst:_g_dmCellIBias1)
                  003f4358    0000000e     user_data.obj (.econst:_g_dmCellIBias2)
                  003f4366    0000000e     user_data.obj (.econst:_g_dmCellIBias3)
                  003f4374    0000000e     user_data.obj (.econst:_g_dmCellIndAxisD)
                  003f4382    0000000e     user_data.obj (.econst:_g_dmCellIndAxisQ)
                  003f4390    0000000e     user_data.obj (.econst:_g_dmCellIndEstCurrent)
                  003f439e    0000000e     user_data.obj (.econst:_g_dmCellInitial)
                  003f43ac    0000000e     user_data.obj (.econst:_g_dmCellInputTerm)
                  003f43ba    0000000e     user_data.obj (.econst:_g_dmCellKi_BLDC)
                  003f43c8    0000000e     user_data.obj (.econst:_g_dmCellKi_Id)
                  003f43d6    0000000e     user_data.obj (.econst:_g_dmCellKi_Iq)
                  003f43e4    0000000e     user_data.obj (.econst:_g_dmCellKi_Speed)
                  003f43f2    0000000e     user_data.obj (.econst:_g_dmCellKp_BLDC)
                  003f4400    0000000e     user_data.obj (.econst:_g_dmCellKp_Id)
                  003f440e    0000000e     user_data.obj (.econst:_g_dmCellKp_Iq)
                  003f441c    0000000e     user_data.obj (.econst:_g_dmCellKp_Speed)
                  003f442a    0000000e     user_data.obj (.econst:_g_dmCellMagnetCur)
                  003f4438    0000000e     user_data.obj (.econst:_g_dmCellMaxCurrent)
                  003f4446    0000000e     user_data.obj (.econst:_g_dmCellMotorModel)
                  003f4454    0000000e     user_data.obj (.econst:_g_dmCellMotorSpd)
                  003f4462    0000000e     user_data.obj (.econst:_g_dmCellMotorSpdEnc1)
                  003f4470    0000000e     user_data.obj (.econst:_g_dmCellMotorSpdEnc2)
                  003f447e    0000000e     user_data.obj (.econst:_g_dmCellMotorSpdHall)
                  003f448c    0000000e     user_data.obj (.econst:_g_dmCellMotorType)
                  003f449a    0000000e     user_data.obj (.econst:_g_dmCellOperationSel)
                  003f44a8    0000000e     user_data.obj (.econst:_g_dmCellOutputTerm)
                  003f44b6    0000000e     user_data.obj (.econst:_g_dmCellPolePair)
                  003f44c4    0000000e     user_data.obj (.econst:_g_dmCellPowerOut)
                  003f44d2    0000000e     user_data.obj (.econst:_g_dmCellRatedFlux)
                  003f44e0    0000000e     user_data.obj (.econst:_g_dmCellReferenceSel)
                  003f44ee    0000000e     user_data.obj (.econst:_g_dmCellResEstCurrent)
                  003f44fc    0000000e     user_data.obj (.econst:_g_dmCellResRotor)
                  003f450a    0000000e     user_data.obj (.econst:_g_dmCellResStator)
                  003f4518    0000000e     user_data.obj (.econst:_g_dmCellReserved)
                  003f4526    0000000e     user_data.obj (.econst:_g_dmCellReverseProhibit)
                  003f4534    0000000e     user_data.obj (.econst:_g_dmCellStopMethod)
                  003f4542    0000000e     user_data.obj (.econst:_g_dmCellTorqueOut)
                  003f4550    0000000e     user_data.obj (.econst:_g_dmCellVBias1)
                  003f455e    0000000e     user_data.obj (.econst:_g_dmCellVBias2)
                  003f456c    0000000e     user_data.obj (.econst:_g_dmCellVBias3)
                  003f457a    0000000e     user_data.obj (.econst:_g_dmCellVersion)
                  003f4588    0000000e     user_data.obj (.econst:_g_dmCellVoltageU)
                  003f4596    0000000e     user_data.obj (.econst:_g_dmCellVoltageV)
                  003f45a4    0000000e     user_data.obj (.econst:_g_dmCellVoltageW)
                  003f45b2    0000000e     user_data.obj (.econst:_g_dmTripTrace1)
                  003f45c0    0000000e     user_data.obj (.econst:_g_dmTripTrace2)
                  003f45ce    0000000e     user_data.obj (.econst:_g_dmTripTrace3)
                  003f45dc    0000000e     user_data.obj (.econst:_g_dmTripTrace4)
                  003f45ea    0000000e     user_data.obj (.econst:_g_dmTripTrace5)
                  003f45f8    00000008     enc.obj (.econst)
                  003f4600    00000008     rts2800_fpu32.lib : s_frexp.c.obj (.econst)
                  003f4608    00000008     user.obj (.econst)
                  003f4610    00000006     rts2800_fpu32.lib : s_scalbnf.c.obj (.econst)
                  003f4616    00000004     Main.obj (.econst)
                  003f461a    00000004     ctrlQEP.obj (.econst:_$P$T0$1)
                  003f461e    00000004     ctrlQEP.obj (.econst:_$P$T1$2)
                  003f4622    00000004     ctrlQEP.obj (.econst:_$P$T2$3)
                  003f4626    00000004     ctrlQEP.obj (.econst:_$P$T3$4)
                  003f462a    00000004     ctrlQEP.obj (.econst:_$P$T4$5)
                  003f462e    00000004     ctrlQEP.obj (.econst:_$P$T5$6)
                  003f4632    00000004     rts2800_fpu32.lib : e_powf.c.obj (.econst:_bp)
                  003f4636    00000004                       : e_powf.c.obj (.econst:_dp_h)
                  003f463a    00000004                       : e_powf.c.obj (.econst:_dp_l)
                  003f463e    00000004     ctrlQEP.obj (.econst)
                  003f4642    00000004     filter.obj (.econst)
                  003f4646    00000004     hal.obj (.econst)
                  003f464a    00000004     sci_operator.obj (.econst)
                  003f464e    00000004     user_data.obj (.econst)
                  003f4652    00000002     rts2800_fpu32.lib : s_ceilf.c.obj (.econst)

IQmath     0    003f4826    00000116     
                  003f4826    00000047     IQmath_fpu32.lib : IQ24div.obj (IQmath)
                  003f486d    00000042                      : IQ24sqrt.obj (IQmath)
                  003f48af    00000029                      : IQ24sinPU.obj (IQmath)
                  003f48d8    00000027                      : IQ24cosPU.obj (IQmath)
                  003f48ff    00000016                      : IQ24toF.obj (IQmath)
                  003f4915    00000016                      : IQ30toF.obj (IQmath)
                  003f492b    00000011                      : IQ24mpyI32int.obj (IQmath)

.switch    0    003f493c    0000001e     
                  003f493c    0000001e     sci_operator.obj (.switch:_OPERATOR_convertEstState)

IQmathTables 
*          0    003fdc30    00000b50     NOLOAD SECTION
                  003fdc30    00000b50     IQmath_fpu32.lib : IQmathTables.obj (IQmathTables)

.stack     1    00000050    000003b0     UNINITIALIZED
                  00000050    000003b0     --HOLE--

.ebss      1    00008c00    000006f8     UNINITIALIZED
                  00008c00    00000404     Main.obj (.ebss)
                  00009004    0000000e     sci_operator.obj (.ebss)
                  00009012    0000000c     datalog.obj (.ebss)
                  0000901e    0000000a     hallbldc.obj (.ebss)
                  00009028    00000006     rts2800_fpu32.lib : exit.c.obj (.ebss)
                  0000902e    00000004     i2c_lcd.obj (.ebss)
                  00009032    00000002     rts2800_fpu32.lib : _lock.c.obj (.ebss:__lock)
                  00009034    00000002                       : _lock.c.obj (.ebss:__unlock)
                  00009036    00000001     cpu.obj (.ebss)
                  00009037    00000001     rts2800_fpu32.lib : errno.c.obj (.ebss)
                  00009038    00000008     --HOLE--
                  00009040    000001e8     user_data.obj (.ebss)
                  00009228    00000018     --HOLE--
                  00009240    000000b8     hal.obj (.ebss)

graph_data 
*          1    0000c000    000009a0     UNINITIALIZED
                  0000c000    000009a0     datalog.obj (graph_data)

.reset     0    003fffc0    00000002     DSECT
                  003fffc0    00000002     rts2800_fpu32.lib : boot28.asm.obj (.reset)

vectors    0    003fffc2    00000000     DSECT

MODULE SUMMARY

       Module                 code    initialized data   uninitialized data
       ------                 ----    ----------------   ------------------
    .\
       user_data.obj          4766    5068               488               
       Main.obj               2678    129                1028              
       hal.obj                3416    4                  184               
       ctrlQEP.obj            3412    28                 0                 
       sci_operator.obj       2322    422                14                
       datalog.obj            14      13                 2476              
       user.obj               1414    8                  0                 
       pwm.obj                758     0                  0                 
       hallbldc.obj           558     11                 10                
       adc.obj                494     0                  0                 
       clk.obj                394     0                  0                 
       gpio.obj               368     0                  0                 
       pie.obj                304     0                  0                 
       enc.obj                285     8                  0                 
       i2c.obj                247     0                  0                 
       sci.obj                242     0                  0                 
       i2c_24lc32.obj         229     0                  0                 
       throttle.obj           224     0                  0                 
       i2c_mcp23017.obj       209     0                  0                 
       sci_message.obj        192     0                  0                 
       i2c_message.obj        191     0                  0                 
       spi.obj                169     0                  0                 
       flash.obj              132     0                  0                 
       sci_modbus.obj         113     0                  0                 
       pll.obj                91      0                  0                 
       filter.obj             72      4                  0                 
       offset.obj             71      0                  0                 
       wdog.obj               70      0                  0                 
       pwr.obj                68      0                  0                 
       timer.obj              50      0                  0                 
       osc.obj                45      0                  0                 
       cpu.obj                37      0                  1                 
       filter_fo.obj          37      0                  0                 
       pid.obj                17      0                  0                 
       memCopy.obj            15      0                  0                 
       i2c_lcd.obj            0       7                  4                 
       CodeStartBranch.obj    10      0                  0                 
       usDelay.obj            8       0                  0                 
       qep.obj                6       0                  0                 
    +--+----------------------+-------+------------------+--------------------+
       Total:                 23728   5702               4205              
                                                                           
    ../sw/modules/iqmath/lib/f28x/float/IQmath_fpu32.lib
       IQmathTables.obj       0       2896               0                 
       IQ24div.obj            71      0                  0                 
       IQ24sqrt.obj           66      0                  0                 
       IQ24sinPU.obj          41      0                  0                 
       IQ24cosPU.obj          39      0                  0                 
       IQ24toF.obj            22      0                  0                 
       IQ30toF.obj            22      0                  0                 
       IQ24mpyI32int.obj      17      0                  0                 
    +--+----------------------+-------+------------------+--------------------+
       Total:                 278     2896               0                 
                                                                           
    C:/ti/ccsv8/tools/compiler/ti-cgt-c2000_18.1.1.LTS/lib/rts2800_fpu32.lib
       _printfi.c.obj         3399    66                 0                 
       e_powf.c.obj           896     62                 0                 
       e_logf.c.obj           299     16                 0                 
       ll_div28.asm.obj       263     0                  0                 
       ctype.c.obj            0       257                0                 
       s_scalbn.c.obj         171     28                 0                 
       fd_add28.asm.obj       156     0                  0                 
       fd_div28.asm.obj       139     0                  0                 
       fs_div28.asm.obj       136     0                  0                 
       fd_mpy28.asm.obj       131     0                  0                 
       s_frexp.c.obj          90      8                  0                 
       s_scalbnf.c.obj        87      6                  0                 
       s_ceilf.c.obj          86      2                  0                 
       boot28.asm.obj         86      0                  0                 
       exit.c.obj             41      14                 6                 
       sprintf.c.obj          50      0                  0                 
       atoi.c.obj             49      0                  0                 
       ltoa.c.obj             46      0                  0                 
       fd_cmp28.asm.obj       42      0                  0                 
       l_div28.asm.obj        42      0                  0                 
       e_sqrtf.c.obj          38      0                  0                 
       cpy_tbl.c.obj          36      0                  0                 
       s_copysign.c.obj       36      0                  0                 
       i_div28.asm.obj        34      0                  0                 
       fd_toi28.asm.obj       33      0                  0                 
       fd_tol28.asm.obj       31      0                  0                 
       ll_cmp28.asm.obj       30      0                  0                 
       memcpy.c.obj           30      0                  0                 
       i_tofd28.asm.obj       29      0                  0                 
       fs_tofdfpu32.asm.obj   28      0                  0                 
       l_tofd28.asm.obj       28      0                  0                 
       args_main.c.obj        25      0                  0                 
       ll_aox28.asm.obj       24      0                  0                 
       _lock.c.obj            9       10                 4                 
       s_copysignf.c.obj      17      0                  0                 
       fd_sub28.asm.obj       14      0                  0                 
       memccpy.c.obj          13      0                  0                 
       memset.c.obj           12      0                  0                 
       strchr.c.obj           12      0                  0                 
       u_div28.asm.obj        11      0                  0                 
       fd_neg28.asm.obj       9       0                  0                 
       strcat.c.obj           9       0                  0                 
       wcslen.c.obj           9       0                  0                 
       strlen.c.obj           8       0                  0                 
       errno.c.obj            0       4                  1                 
       strcpy.c.obj           5       0                  0                 
       pre_init.c.obj         2       0                  0                 
       startup.c.obj          1       0                  0                 
    +--+----------------------+-------+------------------+--------------------+
       Total:                 6742    473                11                
                                                                           
       Stack:                 0       0                  944               
    +--+----------------------+-------+------------------+--------------------+
       Grand Total:           30748   9071               5160              


GLOBAL DATA SYMBOLS: SORTED BY DATA PAGE

address     data page           name
--------    ----------------    ----
00000050       1 (00000040)     __stack

00008c01     230 (00008c00)     _gu16Counter_updateGlobals
00008c02     230 (00008c00)     _bFlag_Latch_softwareUpdate
00008c03     230 (00008c00)     _gModbusObj
00008c04     230 (00008c00)     _gpCtlObj
00008c06     230 (00008c00)     _giqMaxCurrentSlope
00008c08     230 (00008c00)     _gI2cMessageHandle
00008c0a     230 (00008c00)     _gModbusHandle
00008c0c     230 (00008c00)     _gEepromHandle
00008c0e     230 (00008c00)     _gCtrlHandle
00008c10     230 (00008c00)     _gHalHandle
00008c12     230 (00008c00)     _giqTorque_Flux_Iq_pu_to_Nm_sf
00008c14     230 (00008c00)     _giqTorque_Ls_Id_Iq_pu_to_Nm_sf
00008c16     230 (00008c00)     _giqFlux_pu_to_VpHz_sf
00008c18     230 (00008c00)     _giqFlux_pu_to_Wb_sf
00008c1a     230 (00008c00)     _gHallBLDCHandle
00008c1c     230 (00008c00)     _gOperHandle
00008c1e     230 (00008c00)     _gEncHandle
00008c20     230 (00008c00)     _gIoexpandHandle
00008c22     230 (00008c00)     _gThrottleHandle
00008c24     230 (00008c00)     _gEepromObj
00008c28     230 (00008c00)     _gSciMessageHandle
00008c2c     230 (00008c00)     _gPwmData
00008c32     230 (00008c00)     _gIoexpandObj

00008c40     231 (00008c40)     _gAdcData
00008c5c     231 (00008c40)     _gEncObj

00008c80     232 (00008c80)     _gDacData

00008cc0     233 (00008cc0)     _gThrottleObj

00008d00     234 (00008d00)     _gOperObj

00008d40     235 (00008d40)     _gHallBLDCObj

00008d80     236 (00008d80)     _gI2cMessage

00008e00     238 (00008e00)     _gMotorVars

00008e80     23a (00008e80)     _gUserParams

00008f40     23d (00008f40)     _gSciMessage

00009008     240 (00009000)     _g_i32EditValue
0000900a     240 (00009000)     _g_i32EditMinValue
0000900c     240 (00009000)     _g_i32EditMaxValue
0000900e     240 (00009000)     _g_i32DeltaValue
00009010     240 (00009000)     _g_pOperObj
00009012     240 (00009000)     _gDatalogHandle
00009014     240 (00009000)     _gDatalog
0000901e     240 (00009000)     _giqHall_PwmDuty
00009020     240 (00009000)     _gai8Hall_PwmIndex
00009028     240 (00009000)     ___TI_enable_exit_profile_output
0000902a     240 (00009000)     ___TI_cleanup_ptr
0000902c     240 (00009000)     ___TI_dtors_ptr
00009032     240 (00009000)     __lock
00009034     240 (00009000)     __unlock
00009036     240 (00009000)     _cpu
00009037     240 (00009000)     _errno

00009041     241 (00009040)     _g_u16DelayCnt
00009042     241 (00009040)     _g_u16Reserved
00009046     241 (00009040)     _g_dmGroupInitArray
00009048     241 (00009040)     _g_dmFunCellArrayA2
0000904a     241 (00009040)     _g_dmGroupOperArray
0000904c     241 (00009040)     _gdmHandle
0000904e     241 (00009040)     _g_dmFunCellArrayD3
00009052     241 (00009040)     _g_dmFunAArray
00009056     241 (00009040)     _g_dmFunCArray
0000905a     241 (00009040)     _g_dmFunUArray
0000905e     241 (00009040)     _g_dmFunbArray
00009062     241 (00009040)     _g_dmFunCellArrayb2
00009068     241 (00009040)     _g_dmFunCellArrayA1
0000906e     241 (00009040)     _g_dmFunDArray
00009074     241 (00009040)     _g_dmFunCellArrayC1
0000907a     241 (00009040)     _g_dmGroupProgArray

00009080     242 (00009080)     _g_dmModeArray

000090de     243 (000090c0)     _g_dmFunCellArrayU2
000090e8     243 (000090c0)     _g_dmFunCellArrayC2

00009100     244 (00009100)     _g_dmFunCellArrayb1
0000910e     244 (00009100)     _g_dmFunCellArrayD2
0000911e     244 (00009100)     _g_dmFunCellArrayD1

00009140     245 (00009140)     _g_dmFunCellArrayU1

00009180     246 (00009180)     _gdmObj

00009240     249 (00009240)     _ghal

0000c000     300 (0000c000)     _ai32DatalogBuff2

0000c340     30d (0000c340)     _ai32DatalogBuff1

0000c680     31a (0000c680)     _ai32DatalogBuff3

003f3333    fccc (003f3300)     __ctypes_

003f3434    fcd0 (003f3400)     _g_ai8DescTripTrace

003f34cd    fcd3 (003f34c0)     _g_ai8DescAccessLevel

003f3522    fcd4 (003f3500)     _g_ai8DescCtrlMethod

003f3577    fcd5 (003f3540)     _g_ai8DescModel

003f35cc    fcd7 (003f35c0)     _g_ai8DescInitial

003f3610    fcd8 (003f3600)     _g_ai8DescReferSelect

003f3654    fcd9 (003f3640)     _g_ai8DescStopMethod

003f3698    fcda (003f3680)     _g_ai8DescCtrlLoop

003f3777    fcdd (003f3740)     _g_ai8DescEnable

003f3799    fcde (003f3780)     _g_ai8DescFactory
003f37bb    fcde (003f3780)     _g_ai8DescMotorType

003f3816    fce0 (003f3800)     _g_dmFunA1
003f3830    fce0 (003f3800)     _g_dmFunA2

003f384a    fce1 (003f3840)     _g_dmFunC1
003f3864    fce1 (003f3840)     _g_dmFunC2
003f387e    fce1 (003f3840)     _g_dmFunCellA1_02

003f3898    fce2 (003f3880)     _g_dmFunCellA1_03
003f38b2    fce2 (003f3880)     _g_dmFunCellA1_04

003f38cc    fce3 (003f38c0)     _g_dmFunCellC1_01
003f38e6    fce3 (003f38c0)     _g_dmFunCellC1_02

003f3900    fce4 (003f3900)     _g_dmFunCellC1_03
003f391a    fce4 (003f3900)     _g_dmFunCellC2_01
003f3934    fce4 (003f3900)     _g_dmFunCellC2_02

003f394e    fce5 (003f3940)     _g_dmFunCellC2_03
003f3968    fce5 (003f3940)     _g_dmFunCellC2_04

003f3982    fce6 (003f3980)     _g_dmFunCellC2_05
003f399c    fce6 (003f3980)     _g_dmFunCellC2_06
003f39b6    fce6 (003f3980)     _g_dmFunCellD1_01

003f39d0    fce7 (003f39c0)     _g_dmFunCellD1_02
003f39ea    fce7 (003f39c0)     _g_dmFunCellD1_03

003f3a04    fce8 (003f3a00)     _g_dmFunCellD1_04
003f3a1e    fce8 (003f3a00)     _g_dmFunCellD1_05
003f3a38    fce8 (003f3a00)     _g_dmFunCellD1_06

003f3a52    fce9 (003f3a40)     _g_dmFunCellD1_07
003f3a6c    fce9 (003f3a40)     _g_dmFunCellD1_08

003f3a86    fcea (003f3a80)     _g_dmFunCellD1_09
003f3aa0    fcea (003f3a80)     _g_dmFunCellD2_01
003f3aba    fcea (003f3a80)     _g_dmFunCellD2_02

003f3ad4    fceb (003f3ac0)     _g_dmFunCellD2_03
003f3aee    fceb (003f3ac0)     _g_dmFunCellD2_04

003f3b08    fcec (003f3b00)     _g_dmFunCellD2_05
003f3b22    fcec (003f3b00)     _g_dmFunCellD2_06
003f3b3c    fcec (003f3b00)     _g_dmFunCellD2_07

003f3b56    fced (003f3b40)     _g_dmFunCellD2_08
003f3b70    fced (003f3b40)     _g_dmFunCellD3_01

003f3b8a    fcee (003f3b80)     _g_dmFunCellD3_02
003f3ba4    fcee (003f3b80)     _g_dmFunCellReserved
003f3bbe    fcee (003f3b80)     _g_dmFunCellU1_01

003f3bd8    fcef (003f3bc0)     _g_dmFunCellU1_02
003f3bf2    fcef (003f3bc0)     _g_dmFunCellU1_03

003f3c0c    fcf0 (003f3c00)     _g_dmFunCellU1_04
003f3c26    fcf0 (003f3c00)     _g_dmFunCellU1_05

003f3c40    fcf1 (003f3c40)     _g_dmFunCellU1_06
003f3c5a    fcf1 (003f3c40)     _g_dmFunCellU1_07
003f3c74    fcf1 (003f3c40)     _g_dmFunCellU1_08

003f3c8e    fcf2 (003f3c80)     _g_dmFunCellU1_09
003f3ca8    fcf2 (003f3c80)     _g_dmFunCellU1_10

003f3cc2    fcf3 (003f3cc0)     _g_dmFunCellU1_11
003f3cdc    fcf3 (003f3cc0)     _g_dmFunCellU1_12
003f3cf6    fcf3 (003f3cc0)     _g_dmFunCellU1_13

003f3d10    fcf4 (003f3d00)     _g_dmFunCellU1_14
003f3d2a    fcf4 (003f3d00)     _g_dmFunCellU1_15

003f3d44    fcf5 (003f3d40)     _g_dmFunCellU1_16
003f3d5e    fcf5 (003f3d40)     _g_dmFunCellU1_17
003f3d78    fcf5 (003f3d40)     _g_dmFunCellU1_18

003f3d92    fcf6 (003f3d80)     _g_dmFunCellU1_19
003f3dac    fcf6 (003f3d80)     _g_dmFunCellU1_20

003f3dc6    fcf7 (003f3dc0)     _g_dmFunCellU1_21
003f3de0    fcf7 (003f3dc0)     _g_dmFunCellU1_22
003f3dfa    fcf7 (003f3dc0)     _g_dmFunCellU1_23

003f3e14    fcf8 (003f3e00)     _g_dmFunCellU1_24
003f3e2e    fcf8 (003f3e00)     _g_dmFunCellU1_25

003f3e48    fcf9 (003f3e40)     _g_dmFunCellU1_26
003f3e62    fcf9 (003f3e40)     _g_dmFunCellU1_27
003f3e7c    fcf9 (003f3e40)     _g_dmFunCellU1_28

003f3e96    fcfa (003f3e80)     _g_dmFunCellU1_29
003f3eb0    fcfa (003f3e80)     _g_dmFunCellU2_01

003f3eca    fcfb (003f3ec0)     _g_dmFunCellU2_02
003f3ee4    fcfb (003f3ec0)     _g_dmFunCellU2_03
003f3efe    fcfb (003f3ec0)     _g_dmFunCellU2_04

003f3f18    fcfc (003f3f00)     _g_dmFunCellU2_05
003f3f32    fcfc (003f3f00)     _g_dmFunCellb1_01

003f3f4c    fcfd (003f3f40)     _g_dmFunCellb1_02
003f3f66    fcfd (003f3f40)     _g_dmFunCellb1_03

003f3f80    fcfe (003f3f80)     _g_dmFunCellb1_04
003f3f9a    fcfe (003f3f80)     _g_dmFunCellb1_05
003f3fb4    fcfe (003f3f80)     _g_dmFunCellb1_06

003f3fce    fcff (003f3fc0)     _g_dmFunCellb1_07
003f3fe8    fcff (003f3fc0)     _g_dmFunCellb2_01

003f4002    fd00 (003f4000)     _g_dmFunCellb2_02
003f401c    fd00 (003f4000)     _g_dmFunCellb2_03
003f4036    fd00 (003f4000)     _g_dmFunD1

003f4050    fd01 (003f4040)     _g_dmFunD2
003f406a    fd01 (003f4040)     _g_dmFunD3

003f4084    fd02 (003f4080)     _g_dmFunU1
003f409e    fd02 (003f4080)     _g_dmFunU2
003f40b8    fd02 (003f4080)     _g_dmFunb1

003f40d2    fd03 (003f40c0)     _g_dmFunb2
003f40ec    fd03 (003f40c0)     _g_dmGroupA

003f4106    fd04 (003f4100)     _g_dmGroupC
003f4120    fd04 (003f4100)     _g_dmGroupD
003f413a    fd04 (003f4100)     _g_dmGroupU

003f4154    fd05 (003f4140)     _g_dmGroupb
003f416e    fd05 (003f4140)     _g_dmModeAutotuning

003f4186    fd06 (003f4180)     _g_dmModeInitialize
003f419e    fd06 (003f4180)     _g_dmModeOperation
003f41b6    fd06 (003f4180)     _g_dmModeProgram

003f41de    fd07 (003f41c0)     _g_dmCellAccTime
003f41ec    fd07 (003f41c0)     _g_dmCellAccessLvl
003f41fa    fd07 (003f41c0)     _g_dmCellBLDC2FOC

003f4208    fd08 (003f4200)     _g_dmCellCtlLoop
003f4216    fd08 (003f4200)     _g_dmCellCtlMethod
003f4224    fd08 (003f4200)     _g_dmCellCurrentMax
003f4232    fd08 (003f4200)     _g_dmCellCurrentOut

003f4240    fd09 (003f4240)     _g_dmCellCurrentRef
003f424e    fd09 (003f4240)     _g_dmCellCurrentU
003f425c    fd09 (003f4240)     _g_dmCellCurrentV
003f426a    fd09 (003f4240)     _g_dmCellCurrentW
003f4278    fd09 (003f4240)     _g_dmCellDCBus

003f4286    fd0a (003f4280)     _g_dmCellDCBusMax
003f4294    fd0a (003f4280)     _g_dmCellDCBusMin
003f42a2    fd0a (003f4280)     _g_dmCellExtAd1
003f42b0    fd0a (003f4280)     _g_dmCellExtAd2
003f42be    fd0a (003f4280)     _g_dmCellExtAd3

003f42cc    fd0b (003f42c0)     _g_dmCellExtAd4
003f42da    fd0b (003f42c0)     _g_dmCellExtAd5
003f42e8    fd0b (003f42c0)     _g_dmCellExtAd6
003f42f6    fd0b (003f42c0)     _g_dmCellExtTemp

003f4304    fd0c (003f4300)     _g_dmCellFOC2BLDC
003f4312    fd0c (003f4300)     _g_dmCellFactory
003f4320    fd0c (003f4300)     _g_dmCellFluxEstHz
003f432e    fd0c (003f4300)     _g_dmCellFreqOut
003f433c    fd0c (003f4300)     _g_dmCellFreqRef

003f434a    fd0d (003f4340)     _g_dmCellIBias1
003f4358    fd0d (003f4340)     _g_dmCellIBias2
003f4366    fd0d (003f4340)     _g_dmCellIBias3
003f4374    fd0d (003f4340)     _g_dmCellIndAxisD

003f4382    fd0e (003f4380)     _g_dmCellIndAxisQ
003f4390    fd0e (003f4380)     _g_dmCellIndEstCurrent
003f439e    fd0e (003f4380)     _g_dmCellInitial
003f43ac    fd0e (003f4380)     _g_dmCellInputTerm
003f43ba    fd0e (003f4380)     _g_dmCellKi_BLDC

003f43c8    fd0f (003f43c0)     _g_dmCellKi_Id
003f43d6    fd0f (003f43c0)     _g_dmCellKi_Iq
003f43e4    fd0f (003f43c0)     _g_dmCellKi_Speed
003f43f2    fd0f (003f43c0)     _g_dmCellKp_BLDC

003f4400    fd10 (003f4400)     _g_dmCellKp_Id
003f440e    fd10 (003f4400)     _g_dmCellKp_Iq
003f441c    fd10 (003f4400)     _g_dmCellKp_Speed
003f442a    fd10 (003f4400)     _g_dmCellMagnetCur
003f4438    fd10 (003f4400)     _g_dmCellMaxCurrent

003f4446    fd11 (003f4440)     _g_dmCellMotorModel
003f4454    fd11 (003f4440)     _g_dmCellMotorSpd
003f4462    fd11 (003f4440)     _g_dmCellMotorSpdEnc1
003f4470    fd11 (003f4440)     _g_dmCellMotorSpdEnc2
003f447e    fd11 (003f4440)     _g_dmCellMotorSpdHall

003f448c    fd12 (003f4480)     _g_dmCellMotorType
003f449a    fd12 (003f4480)     _g_dmCellOperationSel
003f44a8    fd12 (003f4480)     _g_dmCellOutputTerm
003f44b6    fd12 (003f4480)     _g_dmCellPolePair

003f44c4    fd13 (003f44c0)     _g_dmCellPowerOut
003f44d2    fd13 (003f44c0)     _g_dmCellRatedFlux
003f44e0    fd13 (003f44c0)     _g_dmCellReferenceSel
003f44ee    fd13 (003f44c0)     _g_dmCellResEstCurrent
003f44fc    fd13 (003f44c0)     _g_dmCellResRotor

003f450a    fd14 (003f4500)     _g_dmCellResStator
003f4518    fd14 (003f4500)     _g_dmCellReserved
003f4526    fd14 (003f4500)     _g_dmCellReverseProhibit
003f4534    fd14 (003f4500)     _g_dmCellStopMethod

003f4542    fd15 (003f4540)     _g_dmCellTorqueOut
003f4550    fd15 (003f4540)     _g_dmCellVBias1
003f455e    fd15 (003f4540)     _g_dmCellVBias2
003f456c    fd15 (003f4540)     _g_dmCellVBias3
003f457a    fd15 (003f4540)     _g_dmCellVersion

003f4588    fd16 (003f4580)     _g_dmCellVoltageU
003f4596    fd16 (003f4580)     _g_dmCellVoltageV
003f45a4    fd16 (003f4580)     _g_dmCellVoltageW
003f45b2    fd16 (003f4580)     _g_dmTripTrace1

003f45c0    fd17 (003f45c0)     _g_dmTripTrace2
003f45ce    fd17 (003f45c0)     _g_dmTripTrace3
003f45dc    fd17 (003f45c0)     _g_dmTripTrace4
003f45ea    fd17 (003f45c0)     _g_dmTripTrace5

003fdc30    ff70 (003fdc00)     _IQsinTable

003fdd30    ff74 (003fdd00)     _IQcosTable

003fe030    ff80 (003fe000)     _IQsinTableEnd

003fe132    ff84 (003fe100)     _IQcosTableEnd
003fe132    ff84 (003fe100)     _IQdivRoundSatTable

003fe140    ff85 (003fe140)     _IQdivTable

003fe342    ff8d (003fe340)     _IQdivTableEnd
003fe342    ff8d (003fe340)     _IQisqrtRoundSatTable
003fe342    ff8d (003fe340)     _IQsqrtRoundSatTable
003fe352    ff8d (003fe340)     _IQisqrtTable
003fe352    ff8d (003fe340)     _IQsqrtTable

003fe454    ff91 (003fe440)     _IQatan2HalfPITable
003fe454    ff91 (003fe440)     _IQisqrtTableEnd
003fe454    ff91 (003fe440)     _IQsqrtTableEnd

003fe492    ff92 (003fe480)     _IQatan2Table

003fe618    ff98 (003fe600)     _IQ30mpyRndSatTable
003fe618    ff98 (003fe600)     _IQatan2TableEnd
003fe618    ff98 (003fe600)     _IQmpyRndSatTable
003fe624    ff98 (003fe600)     _IQ29mpyRndSatTable
003fe630    ff98 (003fe600)     _IQ28mpyRndSatTable
003fe63c    ff98 (003fe600)     _IQ27mpyRndSatTable

003fe648    ff99 (003fe640)     _IQ26mpyRndSatTable
003fe654    ff99 (003fe640)     _IQ25mpyRndSatTable
003fe660    ff99 (003fe640)     _IQ24mpyRndSatTable
003fe66c    ff99 (003fe640)     _IQ23mpyRndSatTable
003fe678    ff99 (003fe640)     _IQ22mpyRndSatTable

003fe684    ff9a (003fe680)     _IQ21mpyRndSatTable
003fe690    ff9a (003fe680)     _IQ20mpyRndSatTable
003fe69c    ff9a (003fe680)     _IQ19mpyRndSatTable
003fe6a8    ff9a (003fe680)     _IQ18mpyRndSatTable
003fe6b4    ff9a (003fe680)     _IQ17mpyRndSatTable

003fe6c0    ff9b (003fe6c0)     _IQ16mpyRndSatTable
003fe6cc    ff9b (003fe6c0)     _IQ15mpyRndSatTable
003fe6d8    ff9b (003fe6c0)     _IQ14mpyRndSatTable
003fe6e4    ff9b (003fe6c0)     _IQ13mpyRndSatTable
003fe6f0    ff9b (003fe6c0)     _IQ12mpyRndSatTable
003fe6fc    ff9b (003fe6c0)     _IQ11mpyRndSatTable

003fe708    ff9c (003fe700)     _IQ10mpyRndSatTable
003fe714    ff9c (003fe700)     _IQ9mpyRndSatTable
003fe720    ff9c (003fe700)     _IQ8mpyRndSatTable
003fe72c    ff9c (003fe700)     _IQ7mpyRndSatTable
003fe738    ff9c (003fe700)     _IQ6mpyRndSatTable

003fe744    ff9d (003fe740)     _IQ5mpyRndSatTable
003fe750    ff9d (003fe740)     _IQ4mpyRndSatTable
003fe75c    ff9d (003fe740)     _IQ3mpyRndSatTable
003fe768    ff9d (003fe740)     _IQ2mpyRndSatTable
003fe774    ff9d (003fe740)     _IQ1mpyRndSatTable

003fe780    ff9e (003fe780)     _IQmpyRndSatTableEnd


GLOBAL SYMBOLS: SORTED ALPHABETICALLY BY Name 

page  address   name                                             
----  -------   ----                                             
0     003ec000  .text                                            
0     003f2d33  C$$EXIT                                          
0     003f267b  FD$$ADD                                          
0     003f2cdf  FD$$CMP                                          
0     003f2717  FD$$DIV                                          
0     003f282a  FD$$MPY                                          
0     003f2fe8  FD$$NEG                                          
0     003f2f97  FD$$SUB                                          
0     003f2e36  FD$$TOI                                          
0     003f2e77  FD$$TOL                                          
0     003f27a2  FS$$DIV                                          
0     003f2eef  FS$$TOFD                                         
0     003f2e14  I$$DIV                                           
0     003f2e25  I$$MOD                                           
0     003f2ed2  I$$TOFD                                          
0     003f2d09  L$$DIV                                           
0     003f2d18  L$$MOD                                           
0     003f2f0b  L$$TOFD                                          
0     003f2f40  LL$$AND                                          
0     003f2e96  LL$$CMP                                          
0     003f1e21  LL$$DIV                                          
0     003f1e5d  LL$$MOD                                          
0     003f2f48  LL$$OR                                           
0     003f2f50  LL$$XOR                                          
0     003f2fca  U$$DIV                                           
0     003f2fcf  U$$MOD                                           
0     003f2d26  UL$$DIV                                          
0     003f2d2d  UL$$MOD                                          
0     003f2ea8  ULL$$CMP                                         
0     003f1e97  ULL$$DIV                                         
0     003f1ec6  ULL$$MOD                                         
0     003f17af  _ADC_disable                                     
0     003f17a5  _ADC_disableBandGap                              
0     003f178e  _ADC_disableInt                                  
0     003f1784  _ADC_disableNoOverlapMode                        
0     003f177a  _ADC_disableRefBuffers                           
0     003f1770  _ADC_disableVoltRefLoConv                        
0     003f1766  _ADC_enable                                      
0     003f175c  _ADC_enableBandGap                               
0     003f1746  _ADC_enableInt                                   
0     003f173c  _ADC_enableNoOverlapMode                         
0     003f1732  _ADC_enableRefBuffers                            
0     003f1728  _ADC_enableVoltRefLoConv                         
0     003f1720  _ADC_getDivideSelect                             
0     003f1718  _ADC_init                                        
0     003f170e  _ADC_powerDown                                   
0     003f1704  _ADC_powerUp                                     
0     003f16fa  _ADC_reset                                       
0     003f16e9  _ADC_setDivideSelect                             
0     003f16c8  _ADC_setIntMode                                  
0     003f16b7  _ADC_setIntPulseGenMode                          
0     003f1696  _ADC_setIntSrc                                   
0     003f168f  _ADC_setOffTrim                                  
0     003f1678  _ADC_setSampleMode                               
0     003f1665  _ADC_setSampleOverlapMode                        
0     003f1651  _ADC_setSocChanNumber                            
0     003f1647  _ADC_setSocFrc                                   
0     003f1640  _ADC_setSocFrcWord                               
0     003f162c  _ADC_setSocSampleDelay                           
0     003f1618  _ADC_setSocTrigSrc                               
0     003f1607  _ADC_setTempSensorSrc                            
0     003f15f6  _ADC_setVoltRefSrc                               
0     003f15cb  _ADC_setupSocTrigSrc                             
0     003f193c  _CLK_disableAdcClock                             
0     003f1935  _CLK_disableClaClock                             
0     003f192f  _CLK_disableClkIn                                
0     003f192b  _CLK_disableCompClock                            
0     003f1924  _CLK_disableCpuTimerClock                        
0     003f191e  _CLK_disableCrystalOsc                           
0     003f1917  _CLK_disableEcanaClock                           
0     003f1910  _CLK_disableEcap1Clock                           
0     003f1909  _CLK_disableEqep1Clock                           
0     003f1902  _CLK_disableEqep2Clock                           
0     003f18fb  _CLK_disableGpioInputClock                       
0     003f18f4  _CLK_disableHrPwmClock                           
0     003f18ed  _CLK_disableI2cClock                             
0     003f18e6  _CLK_disableLinAClock                            
0     003f18e0  _CLK_disableOsc1                                 
0     003f18da  _CLK_disableOsc1HaltMode                         
0     003f18d4  _CLK_disableOsc2                                 
0     003f18ce  _CLK_disableOsc2HaltMode                         
0     003f18c4  _CLK_disablePwmClock                             
0     003f18bd  _CLK_disableSciaClock                            
0     003f18b6  _CLK_disableScibClock                            
0     003f18af  _CLK_disableSpiaClock                            
0     003f18ab  _CLK_disableSpibClock                            
0     003f18a4  _CLK_disableTbClockSync                          
0     003f189e  _CLK_disableWatchDogHaltMode                     
0     003f1897  _CLK_enableAdcClock                              
0     003f1890  _CLK_enableClaClock                              
0     003f188a  _CLK_enableClkIn                                 
0     003f1884  _CLK_enableCompClock                             
0     003f187e  _CLK_enableCpuTimerClock                         
0     003f1878  _CLK_enableCrystalOsc                            
0     003f1871  _CLK_enableEcanaClock                            
0     003f186a  _CLK_enableEcap1Clock                            
0     003f1863  _CLK_enableEqep1Clock                            
0     003f185c  _CLK_enableEqep2Clock                            
0     003f1855  _CLK_enableGpioInputClock                        
0     003f184e  _CLK_enableHrPwmClock                            
0     003f1847  _CLK_enableI2cClock                              
0     003f1840  _CLK_enableLinAClock                             
0     003f183a  _CLK_enableOsc1                                  
0     003f1834  _CLK_enableOsc1HaltMode                          
0     003f182e  _CLK_enableOsc2                                  
0     003f1828  _CLK_enableOsc2HaltMode                          
0     003f181f  _CLK_enablePwmClock                              
0     003f1818  _CLK_enableSciaClock                             
0     003f1811  _CLK_enableScibClock                             
0     003f180a  _CLK_enableSpiaClock                             
0     003f1803  _CLK_enableSpibClock                             
0     003f17fc  _CLK_enableTbClockSync                           
0     003f17f6  _CLK_enableWatchDogHaltMode                      
0     003f17f0  _CLK_init                                        
0     003f17e9  _CLK_setClkOutPreScaler                          
0     003f17e3  _CLK_setLowSpdPreScaler                          
0     003f17dc  _CLK_setOsc2Src                                  
0     003f17d5  _CLK_setOscSrc                                   
0     003f17ce  _CLK_setTimer2PreScale                           
0     003f17c7  _CLK_setTimer2Src                                
0     003f17c0  _CLK_setWatchDogSrc                              
0     003f17b9  _CLK_setXClkInSrc                                
0     003f2da4  _CPU_clearIntFlags                               
0     003f2da1  _CPU_disableDebugInt                             
0     003f2d9e  _CPU_disableGlobalInts                           
0     003f2d99  _CPU_disableInt                                  
0     003f2d96  _CPU_disableInts                                 
0     003f2d93  _CPU_disableProtectedRegisterWrite               
0     003f2d90  _CPU_enableDebugInt                              
0     003f2d8d  _CPU_enableGlobalInts                            
0     003f2d89  _CPU_enableInt                                   
0     003f2d86  _CPU_enableProtectedRegisterWrite                
0     003f2d82  _CPU_init                                        
0     003efcec  _CTRL_getGains                                   
0     003efce5  _CTRL_getIab_filt_pu                             
0     003efcde  _CTRL_getIab_in_pu                               
0     003efcd7  _CTRL_getIdq_in_pu                               
0     003efcd0  _CTRL_getIdq_ref_pu                              
0     003efd27  _CTRL_getMagCurrent_pu                           
0     003efd24  _CTRL_getMaximumSpeed_pu                         
0     003efcc9  _CTRL_getVab_in_pu                               
0     003efcc2  _CTRL_getVab_out_pu                              
0     003efcbb  _CTRL_getVdq_out_pu                              
abs   003fa721  _CTRL_getVersion                                 
0     003efcb2  _CTRL_getWaitTimes                               
abs   003fa6fb  _CTRL_initCtrl                                   
0     0000800c  _CTRL_run                                        
0     003ef9aa  _CTRL_runOnLine_User                             
abs   003fa5d1  _CTRL_runTraj                                    
abs   003f9e64  _CTRL_setEstParams                               
0     003ef717  _CTRL_setGains                                   
0     003efd21  _CTRL_setMagCurrent_pu                           
0     003efd1e  _CTRL_setMaximumSpeed_pu                         
0     003ef741  _CTRL_setParams                                  
0     003ef704  _CTRL_setSpd_ref_krpm                            
0     003ef701  _CTRL_setSpd_ref_pu                              
abs   003f9d31  _CTRL_setUserMotorParams                         
0     003ef6f8  _CTRL_setWaitTimes                               
0     00008000  _CTRL_setup                                      
0     003ef6dc  _CTRL_setupClarke_I                              
0     003ef6c6  _CTRL_setupClarke_V                              
abs   003f9b43  _CTRL_setupCtrl                                  
abs   003f99a5  _CTRL_setupEstIdleState                          
abs   003f996a  _CTRL_setupEstOnLineState                        
abs   003f9806  _CTRL_setupTraj                                  
0     003ef614  _CTRL_updateState                                
0     003f2406  _CheckPacketFormat                               
0     003f23e4  _CheckPacketFormat0                              
0     003eccde  _ConvertAddingPoint                              
0     003ecc82  _ConvertToUnit                                   
0     003ed030  _ConverterToEditValueString                      
0     003ece5c  _ConverterToValueString                          
0     003ecee0  _ConvertrToI16EditValueString                    
0     003eccf6  _ConvertrToI16ValueString                        
0     003ecf7c  _ConvertrToI8EditValueString                     
0     003ecd96  _ConvertrToI8ValueString                         
0     003ecf29  _ConvertrToU16EditValueString                    
0     003ecd43  _ConvertrToU16ValueString                        
0     003ecfdb  _ConvertrToU8EditValueString                     
0     003ecdf5  _ConvertrToU8ValueString                         
0     003f2f89  _DATALOG_init                                    
0     003ed285  _DATA_CalCRC16                                   
0     003ec01e  _DATA_ConvertToCnt                               
0     003ed27e  _DATA_Delay                                      
0     003ed27c  _DATA_HiByte                                     
0     003ec05d  _DATA_InRange                                    
0     003ed27a  _DATA_LoByte                                     
0     003ed275  _DATA_MakeWord                                   
0     003ed26f  _DATA_min                                        
0     003ec753  _DM_ConvtoKrpm                                   
0     003ec07c  _DM_FreeRun                                      
0     003eca94  _DM_RampStop                                     
0     003ec8e4  _DM_TerminalStatus                               
0     003ed26a  _DM_autotuneEnd                                  
0     003ed261  _DM_autotunePrepStart                            
0     003ed253  _DM_autotuneStart                                
0     003ec1fd  _DM_calcPIgains                                  
0     003ecc60  _DM_convTripCodeToDescIndex                      
0     003ed222  _DM_findGroupFunctionCellIndex                   
0     003ed206  _DM_findGroupFunctionIndex                       
0     003ed203  _DM_getAccessLevel                               
0     003ed1fc  _DM_getAutotuneState                             
0     003ec7cf  _DM_getCallbackCurrentOut                        
0     003ec705  _DM_getCallbackCurrentU                          
0     003ec6f3  _DM_getCallbackCurrentV                          
0     003ec6e1  _DM_getCallbackCurrentW                          
0     003ec797  _DM_getCallbackDCBus                             
0     003ec778  _DM_getCallbackEnc1OutRpm                        
0     003ec778  _DM_getCallbackEnc2OutRpm                        
0     003ec6cb  _DM_getCallbackExtAd1                            
0     003ec6c0  _DM_getCallbackExtAd2                            
0     003ec6b5  _DM_getCallbackExtAd3                            
0     003ec6aa  _DM_getCallbackExtAd4                            
0     003ec69f  _DM_getCallbackExtAd5                            
0     003ec694  _DM_getCallbackExtAd6                            
0     003ec6d6  _DM_getCallbackExtTemp                           
0     003ec7e9  _DM_getCallbackFreqOutHz                         
0     003ec789  _DM_getCallbackFreqOutRpm                        
0     003ec76a  _DM_getCallbackHallOutRpm                        
0     003ec74d  _DM_getCallbackInputTerm                         
0     003ec7ab  _DM_getCallbackPowerOut                          
0     003ec7be  _DM_getCallbackTorqueOut                         
0     003ec690  _DM_getCallbackVersion                           
0     003ec73b  _DM_getCallbackVoltageU                          
0     003ec729  _DM_getCallbackVoltageV                          
0     003ec717  _DM_getCallbackVoltageW                          
0     003ed1f8  _DM_getCellSizeNo                                
0     003eccc0  _DM_getCellValue                                 
0     003ec8b0  _DM_getFunCell                                   
0     003ec8a6  _DM_getFunction                                  
0     003ed1f4  _DM_getFunctionSizeNo                            
0     003ec89b  _DM_getGroup                                     
0     003ed1f0  _DM_getGroupSizeNo                               
0     003ed1e9  _DM_getInitModeLevel                             
0     003ec8f3  _DM_getLocalCurrentRef                           
0     003ec92d  _DM_getLocalFreqRef                              
0     003ec893  _DM_getMode                                      
0     003ed1df  _DM_getModeName                                  
0     003ed1d7  _DM_getModeSizeNo                                
0     003ed1d5  _DM_getOperModeSizeNo                            
0     003ec8fb  _DM_getRemoteCurrentRef                          
0     003ec95c  _DM_getRemoteFreqRef                             
0     003ed1d1  _DM_getRunIdentifySignal                         
0     003ed185  _DM_getToValueInt32                              
0     003ed160  _DM_getTotalCellSizeNo                           
0     003ed149  _DM_getTotalFunctionSizeNo                       
0     003ed0da  _DM_init                                         
0     003ed0cf  _DM_isWrite                                      
0     003ed052  _DM_outEditCell                                  
0     003ece8a  _DM_outFunCell                                   
0     003ecc45  _DM_outFunction                                  
0     003ecc2c  _DM_outGroup                                     
0     003ecbff  _DM_outInverterTripName1                         
0     003ecbd2  _DM_outInverterTripName2                         
0     003ecb18  _DM_run                                          
0     003ec097  _DM_runEmergyStop                                
0     003ecace  _DM_runOperation                                 
0     003eca02  _DM_runRefLimit                                  
0     003ec9a2  _DM_saveBiasParameters                           
0     003ec161  _DM_saveMotorParameters                          
0     003ec09e  _DM_saveToEEprom                                 
0     003ec0b0  _DM_setCallbackAccTime                           
0     003ec682  _DM_setCallbackBLDCtoFOC                         
0     003ec7cc  _DM_setCallbackCtlLoop                           
0     003ec674  _DM_setCallbackFOCtoBLDC                         
0     003ec13d  _DM_setCallbackFluxEstHz                         
0     003ec602  _DM_setCallbackIndAxisD                          
0     003ec5dc  _DM_setCallbackIndAxisQ                          
0     003ec119  _DM_setCallbackIndEstCurrent                     
0     003ec54e  _DM_setCallbackKiSpeed                           
0     003ec47a  _DM_setCallbackKi_BLDC                           
0     003ec50c  _DM_setCallbackKi_Id                             
0     003ec4ca  _DM_setCallbackKi_Iq                             
0     003ec56f  _DM_setCallbackKpSpeed                           
0     003ec4a2  _DM_setCallbackKp_BLDC                           
0     003ec52d  _DM_setCallbackKp_Id                             
0     003ec4eb  _DM_setCallbackKp_Iq                             
0     003ec590  _DM_setCallbackMagnetCur                         
0     003ec0d1  _DM_setCallbackMaxCurrent                        
0     003ec365  _DM_setCallbackMotorModel                        
0     003ec5b6  _DM_setCallbackRatedFlux                         
0     003ec9a1  _DM_setCallbackReferenceSel                      
0     003ec0f5  _DM_setCallbackResEstCurrent                     
0     003ec628  _DM_setCallbackResRotor                          
0     003ec64e  _DM_setCallbackResStator                         
0     003ec988  _DM_setFreqRef                                   
0     003ec996  _DM_setInputRef                                  
0     003ec91f  _DM_setTorqueRef                                 
0     003ec8ba  _DM_setValue                                     
0     003ec803  _DM_setup                                        
0     003ec051  _DM_toggleLocalRemoteMode                        
0     003ec029  _DM_transSpeedPu                                 
0     003ec025  _Data_GetDelayCnt                                
0     003ec01f  _Data_SetDelayCnt                                
0     003eef29  _DetermineBlinkDig                               
0     003f2137  _EEPROM_Read                                     
0     003f21b6  _EEPROM_ReadPage                                 
0     003f211c  _EEPROM_Write                                    
0     003f2181  _EEPROM_WritePage                                
0     003f215e  _EEPROM_WriteVerify                              
0     003f2116  _EEPROM_init                                     
0     003f2112  _EEPROM_setup                                    
0     003f1db4  _ENC_calcElecAngle                               
0     003f1e16  _ENC_getSpeedKRPM                                
0     003f1e10  _ENC_init                                        
0     003f1dcf  _ENC_run                                         
0     003f1d04  _ENC_setup                                       
abs   003f9760  _EST_doCurrentCtrl                               
abs   003f9758  _EST_doSpeedCtrl                                 
abs   003f8c0d  _EST_getAngle_pu                                 
abs   003f96be  _EST_getFlux_VpHz                                
abs   003f96ab  _EST_getFlux_pu                                  
abs   003f968e  _EST_getFm_pu                                    
abs   003f9632  _EST_getIdRated                                  
abs   003f95ff  _EST_getLs_coarse_max_pu                         
abs   003f95f5  _EST_getLs_d_H                                   
abs   003f95f0  _EST_getLs_d_pu                                  
abs   003f95ce  _EST_getLs_q_H                                   
abs   003f95c9  _EST_getLs_q_pu                                  
abs   003f95bd  _EST_getMaxCurrentSlope_pu                       
abs   003f95b3  _EST_getOneOverDcBus_pu                          
abs   003f95ad  _EST_getRr_Ohm                                   
abs   003f9513  _EST_getRs_Ohm                                   
abs   003f94c6  _EST_getSpeed_krpm                               
abs   003f861b  _EST_getState                                    
abs   003f9458  _EST_get_krpm_to_pu_sf                           
abs   003f9453  _EST_get_pu_to_krpm_sf                           
abs   003f938d  _EST_isError                                     
abs   003f9386  _EST_isIdle                                      
abs   003f937f  _EST_isLockRotor                                 
abs   003f8679  _EST_isMotorIdentified                           
abs   003f9378  _EST_isOnLine                                    
abs   003f927b  _EST_run                                         
abs   003f8bdb  _EST_setFlag_enableForceAngle                    
abs   003f8bd3  _EST_setFlag_enableRsRecalc                      
abs   003f8b80  _EST_setId_ref_pu                                
abs   003f8b7a  _EST_setIdle                                     
abs   003f8b67  _EST_setIdle_all                                 
abs   003f8b63  _EST_setIq_ref_pu                                
abs   003f8b45  _EST_setLs_d_pu                                  
abs   003f8af1  _EST_setLs_qFmt                                  
abs   003f8ae7  _EST_setLs_q_pu                                  
abs   003f8adb  _EST_setMaxCurrentSlope_pu                       
abs   003f8a18  _EST_setRs_pu                                    
abs   003f89f5  _EST_updateId_ref_pu                             
abs   003f8713  _EST_updateState                                 
abs   003f861d  _EST_useZeroIq_ref                               
0     003f2dc9  _FILTER_FO_getDenCoeffs                          
0     003f2dc0  _FILTER_FO_getInitialConditions                  
0     003f2dba  _FILTER_FO_getNumCoeffs                          
0     003f2db4  _FILTER_FO_init                                  
0     003f2db2  _FILTER_FO_setDenCoeffs                          
0     003f2dab  _FILTER_FO_setInitialConditions                  
0     003f2da7  _FILTER_FO_setNumCoeffs                          
0     003f2b0e  _FILTER_init                                     
0     003f2ad6  _FILTER_setupCoeffs                              
0     003f2e71  _FLASH_clear3VStatus                             
0     0000834b  _FLASH_disablePipelineMode                       
0     00008345  _FLASH_enablePipelineMode                        
0     003f2e6e  _FLASH_get3VStatus                               
0     003f2e6b  _FLASH_getActiveWaitCount                        
0     003f2e67  _FLASH_getActiveWaitStatus                       
0     003f2e64  _FLASH_getPowerMode                              
0     003f2e61  _FLASH_getStandbyWaitCount                       
0     003f2e5d  _FLASH_getStandbyWaitStatus                      
0     003f2e57  _FLASH_init                                      
0     00008340  _FLASH_setActiveWaitCount                        
0     00008339  _FLASH_setNumPagedReadWaitStates                 
0     00008332  _FLASH_setNumRandomReadWaitStates                
0     0000832b  _FLASH_setOtpWaitStates                          
0     00008324  _FLASH_setPowerMode                              
0     0000831f  _FLASH_setStandbyWaitCount                       
0     003f1aa5  _GPIO_getData                                    
0     003f1a9a  _GPIO_getPortData                                
0     003f1a94  _GPIO_init                                       
0     003f1a8a  _GPIO_lpmSelect                                  
0     003f1a77  _GPIO_read                                       
0     003f1a5d  _GPIO_setDirection                               
0     003f1a52  _GPIO_setExtInt                                  
[...]
0     003f3e96  _g_dmFunCellU1_29                                
0     003f3eb0  _g_dmFunCellU2_01                                
0     003f3eca  _g_dmFunCellU2_02                                
0     003f3ee4  _g_dmFunCellU2_03                                
0     003f3efe  _g_dmFunCellU2_04                                
0     003f3f18  _g_dmFunCellU2_05                                
0     003f3f32  _g_dmFunCellb1_01                                
0     003f3f4c  _g_dmFunCellb1_02                                
0     003f3f66  _g_dmFunCellb1_03                                
0     003f3f80  _g_dmFunCellb1_04                                
0     003f3f9a  _g_dmFunCellb1_05                                
0     003f3fb4  _g_dmFunCellb1_06                                
0     003f3fce  _g_dmFunCellb1_07                                
0     003f3fe8  _g_dmFunCellb2_01                                
0     003f4002  _g_dmFunCellb2_02                                
0     003f401c  _g_dmFunCellb2_03                                
0     003f4036  _g_dmFunD1                                       
0     003f4050  _g_dmFunD2                                       
0     003f406a  _g_dmFunD3                                       
0     003f4084  _g_dmFunU1                                       
0     003f409e  _g_dmFunU2                                       
0     003f40b8  _g_dmFunb1                                       
0     003f40d2  _g_dmFunb2                                       
0     003f40ec  _g_dmGroupA                                      
0     003f4106  _g_dmGroupC                                      
0     003f4120  _g_dmGroupD                                      
0     003f413a  _g_dmGroupU                                      
0     003f4154  _g_dmGroupb                                      
0     003f416e  _g_dmModeAutotuning                              
0     003f4186  _g_dmModeInitialize                              
0     003f419e  _g_dmModeOperation                               
0     003f41b6  _g_dmModeProgram                                 
0     003f41de  _g_dmCellAccTime                                 
0     003f41ec  _g_dmCellAccessLvl                               
0     003f41fa  _g_dmCellBLDC2FOC                                
0     003f4208  _g_dmCellCtlLoop                                 
0     003f4216  _g_dmCellCtlMethod                               
0     003f4224  _g_dmCellCurrentMax                              
0     003f4232  _g_dmCellCurrentOut                              
0     003f4240  _g_dmCellCurrentRef                              
0     003f424e  _g_dmCellCurrentU                                
0     003f425c  _g_dmCellCurrentV                                
0     003f426a  _g_dmCellCurrentW                                
0     003f4278  _g_dmCellDCBus                                   
0     003f4286  _g_dmCellDCBusMax                                
0     003f4294  _g_dmCellDCBusMin                                
0     003f42a2  _g_dmCellExtAd1                                  
0     003f42b0  _g_dmCellExtAd2                                  
0     003f42be  _g_dmCellExtAd3                                  
0     003f42cc  _g_dmCellExtAd4                                  
0     003f42da  _g_dmCellExtAd5                                  
0     003f42e8  _g_dmCellExtAd6                                  
0     003f42f6  _g_dmCellExtTemp                                 
0     003f4304  _g_dmCellFOC2BLDC                                
0     003f4312  _g_dmCellFactory                                 
0     003f4320  _g_dmCellFluxEstHz                               
0     003f432e  _g_dmCellFreqOut                                 
0     003f433c  _g_dmCellFreqRef                                 
0     003f434a  _g_dmCellIBias1                                  
0     003f4358  _g_dmCellIBias2                                  
0     003f4366  _g_dmCellIBias3                                  
0     003f4374  _g_dmCellIndAxisD                                
0     003f4382  _g_dmCellIndAxisQ                                
0     003f4390  _g_dmCellIndEstCurrent                           
0     003f439e  _g_dmCellInitial                                 
0     003f43ac  _g_dmCellInputTerm                               
0     003f43ba  _g_dmCellKi_BLDC                                 
0     003f43c8  _g_dmCellKi_Id                                   
0     003f43d6  _g_dmCellKi_Iq                                   
0     003f43e4  _g_dmCellKi_Speed                                
0     003f43f2  _g_dmCellKp_BLDC                                 
0     003f4400  _g_dmCellKp_Id                                   
0     003f440e  _g_dmCellKp_Iq                                   
0     003f441c  _g_dmCellKp_Speed                                
0     003f442a  _g_dmCellMagnetCur                               
0     003f4438  _g_dmCellMaxCurrent                              
0     003f4446  _g_dmCellMotorModel                              
0     003f4454  _g_dmCellMotorSpd                                
0     003f4462  _g_dmCellMotorSpdEnc1                            
0     003f4470  _g_dmCellMotorSpdEnc2                            
0     003f447e  _g_dmCellMotorSpdHall                            
0     003f448c  _g_dmCellMotorType                               
0     003f449a  _g_dmCellOperationSel                            
0     003f44a8  _g_dmCellOutputTerm                              
0     003f44b6  _g_dmCellPolePair                                
0     003f44c4  _g_dmCellPowerOut                                
0     003f44d2  _g_dmCellRatedFlux                               
0     003f44e0  _g_dmCellReferenceSel                            
0     003f44ee  _g_dmCellResEstCurrent                           
0     003f44fc  _g_dmCellResRotor                                
0     003f450a  _g_dmCellResStator                               
0     003f4518  _g_dmCellReserved                                
0     003f4526  _g_dmCellReverseProhibit                         
0     003f4534  _g_dmCellStopMethod                              
0     003f4542  _g_dmCellTorqueOut                               
0     003f4550  _g_dmCellVBias1                                  
0     003f455e  _g_dmCellVBias2                                  
0     003f456c  _g_dmCellVBias3                                  
0     003f457a  _g_dmCellVersion                                 
0     003f4588  _g_dmCellVoltageU                                
0     003f4596  _g_dmCellVoltageV                                
0     003f45a4  _g_dmCellVoltageW                                
0     003f45b2  _g_dmTripTrace1                                  
0     003f45c0  _g_dmTripTrace2                                  
0     003f45ce  _g_dmTripTrace3                                  
0     003f45dc  _g_dmTripTrace4                                  
0     003f45ea  _g_dmTripTrace5                                  
0     003f4654  ___cinit__                                       
0     003f4654  cinit                                            
0     003f4826  __IQ24div                                        
0     003f486d  __IQ24sqrt                                       
0     003f48af  __IQ24sinPU                                      
0     003f48d8  __IQ24cosPU                                      
0     003f48ff  __IQ24toF                                        
0     003f4915  __IQ30toF                                        
0     003f492b  __IQ24mpyI32int                                  
0     003f7ff6  code_start                                       
0     003fdc30  _IQsinTable                                      
0     003fdd30  _IQcosTable                                      
0     003fe030  _IQsinTableEnd                                   
0     003fe132  _IQcosTableEnd                                   
0     003fe132  _IQdivRoundSatTable                              
0     003fe140  _IQdivTable                                      
0     003fe342  _IQdivTableEnd                                   
0     003fe342  _IQisqrtRoundSatTable                            
0     003fe342  _IQsqrtRoundSatTable                             
0     003fe352  _IQisqrtTable                                    
0     003fe352  _IQsqrtTable                                     
0     003fe454  _IQatan2HalfPITable                              
0     003fe454  _IQisqrtTableEnd                                 
0     003fe454  _IQsqrtTableEnd                                  
0     003fe492  _IQatan2Table                                    
0     003fe618  _IQ30mpyRndSatTable                              
0     003fe618  _IQatan2TableEnd                                 
0     003fe618  _IQmpyRndSatTable                                
0     003fe624  _IQ29mpyRndSatTable                              
0     003fe630  _IQ28mpyRndSatTable                              
0     003fe63c  _IQ27mpyRndSatTable                              
0     003fe648  _IQ26mpyRndSatTable                              
0     003fe654  _IQ25mpyRndSatTable                              
0     003fe660  _IQ24mpyRndSatTable                              
0     003fe66c  _IQ23mpyRndSatTable                              
0     003fe678  _IQ22mpyRndSatTable                              
0     003fe684  _IQ21mpyRndSatTable                              
0     003fe690  _IQ20mpyRndSatTable                              
0     003fe69c  _IQ19mpyRndSatTable                              
0     003fe6a8  _IQ18mpyRndSatTable                              
0     003fe6b4  _IQ17mpyRndSatTable                              
0     003fe6c0  _IQ16mpyRndSatTable                              
0     003fe6cc  _IQ15mpyRndSatTable                              
0     003fe6d8  _IQ14mpyRndSatTable                              
0     003fe6e4  _IQ13mpyRndSatTable                              
0     003fe6f0  _IQ12mpyRndSatTable                              
0     003fe6fc  _IQ11mpyRndSatTable                              
0     003fe708  _IQ10mpyRndSatTable                              
0     003fe714  _IQ9mpyRndSatTable                               
0     003fe720  _IQ8mpyRndSatTable                               
0     003fe72c  _IQ7mpyRndSatTable                               
0     003fe738  _IQ6mpyRndSatTable                               
0     003fe744  _IQ5mpyRndSatTable                               
0     003fe750  _IQ4mpyRndSatTable                               
0     003fe75c  _IQ3mpyRndSatTable                               
0     003fe768  _IQ2mpyRndSatTable                               
0     003fe774  _IQ1mpyRndSatTable                               
0     003fe780  _IQmpyRndSatTableEnd                             
1     00000050  __stack                                          
1     00000400  __STACK_END                                      
1     00008c01  _gu16Counter_updateGlobals                       
1     00008c02  _bFlag_Latch_softwareUpdate                      
1     00008c03  _gModbusObj                                      
1     00008c04  _gpCtlObj                                        
1     00008c06  _giqMaxCurrentSlope                              
1     00008c08  _gI2cMessageHandle                               
1     00008c0a  _gModbusHandle                                   
1     00008c0c  _gEepromHandle                                   
1     00008c0e  _gCtrlHandle                                     
1     00008c10  _gHalHandle                                      
1     00008c12  _giqTorque_Flux_Iq_pu_to_Nm_sf                   
1     00008c14  _giqTorque_Ls_Id_Iq_pu_to_Nm_sf                  
1     00008c16  _giqFlux_pu_to_VpHz_sf                           
1     00008c18  _giqFlux_pu_to_Wb_sf                             
1     00008c1a  _gHallBLDCHandle                                 
1     00008c1c  _gOperHandle                                     
1     00008c1e  _gEncHandle                                      
1     00008c20  _gIoexpandHandle                                 
1     00008c22  _gThrottleHandle                                 
1     00008c24  _gEepromObj                                      
1     00008c28  _gSciMessageHandle                               
1     00008c2c  _gPwmData                                        
1     00008c32  _gIoexpandObj                                    
1     00008c40  _gAdcData                                        
1     00008c5c  _gEncObj                                         
1     00008c80  _gDacData                                        
1     00008cc0  _gThrottleObj                                    
1     00008d00  _gOperObj                                        
1     00008d40  _gHallBLDCObj                                    
1     00008d80  _gI2cMessage                                     
1     00008e00  _gMotorVars                                      
1     00008e80  _gUserParams                                     
1     00008f40  _gSciMessage                                     
1     00009008  _g_i32EditValue                                  
1     0000900a  _g_i32EditMinValue                               
1     0000900c  _g_i32EditMaxValue                               
1     0000900e  _g_i32DeltaValue                                 
1     00009010  _g_pOperObj                                      
1     00009012  _gDatalogHandle                                  
1     00009014  _gDatalog                                        
1     0000901e  _giqHall_PwmDuty                                 
1     00009020  _gai8Hall_PwmIndex                               
1     00009028  ___TI_enable_exit_profile_output                 
1     0000902a  ___TI_cleanup_ptr                                
1     0000902c  ___TI_dtors_ptr                                  
1     00009032  __lock                                           
1     00009034  __unlock                                         
1     00009036  _cpu                                             
1     00009037  _errno                                           
1     00009041  _g_u16DelayCnt                                   
1     00009042  _g_u16Reserved                                   
1     00009046  _g_dmGroupInitArray                              
1     00009048  _g_dmFunCellArrayA2                              
1     0000904a  _g_dmGroupOperArray                              
1     0000904c  _gdmHandle                                       
1     0000904e  _g_dmFunCellArrayD3                              
1     00009052  _g_dmFunAArray                                   
1     00009056  _g_dmFunCArray                                   
1     0000905a  _g_dmFunUArray                                   
1     0000905e  _g_dmFunbArray                                   
1     00009062  _g_dmFunCellArrayb2                              
1     00009068  _g_dmFunCellArrayA1                              
1     0000906e  _g_dmFunDArray                                   
1     00009074  _g_dmFunCellArrayC1                              
1     0000907a  _g_dmGroupProgArray                              
1     00009080  _g_dmModeArray                                   
1     000090de  _g_dmFunCellArrayU2                              
1     000090e8  _g_dmFunCellArrayC2                              
1     00009100  _g_dmFunCellArrayb1                              
1     0000910e  _g_dmFunCellArrayD2                              
1     0000911e  _g_dmFunCellArrayD1                              
1     00009140  _g_dmFunCellArrayU1                              
1     00009180  _gdmObj                                          
1     00009240  _ghal                                            
1     0000c000  _ai32DatalogBuff2                                
1     0000c340  _ai32DatalogBuff1                                
1     0000c680  _ai32DatalogBuff3                                
abs   000003b0  __STACK_SIZE                                     
abs   003f861b  _EST_getState                                    
abs   003f861d  _EST_useZeroIq_ref                               
abs   003f8679  _EST_isMotorIdentified                           
abs   003f8713  _EST_updateState                                 
abs   003f89f5  _EST_updateId_ref_pu                             
abs   003f8a18  _EST_setRs_pu                                    
abs   003f8adb  _EST_setMaxCurrentSlope_pu                       
abs   003f8ae7  _EST_setLs_q_pu                                  
abs   003f8af1  _EST_setLs_qFmt                                  
abs   003f8b45  _EST_setLs_d_pu                                  
abs   003f8b63  _EST_setIq_ref_pu                                
abs   003f8b67  _EST_setIdle_all                                 
abs   003f8b7a  _EST_setIdle                                     
abs   003f8b80  _EST_setId_ref_pu                                
abs   003f8bd3  _EST_setFlag_enableRsRecalc                      
abs   003f8bdb  _EST_setFlag_enableForceAngle                    
abs   003f8c0d  _EST_getAngle_pu                                 
abs   003f927b  _EST_run                                         
abs   003f9378  _EST_isOnLine                                    
abs   003f937f  _EST_isLockRotor                                 
abs   003f9386  _EST_isIdle                                      
abs   003f938d  _EST_isError                                     
abs   003f9453  _EST_get_pu_to_krpm_sf                           
abs   003f9458  _EST_get_krpm_to_pu_sf                           
abs   003f94c6  _EST_getSpeed_krpm                               
abs   003f9513  _EST_getRs_Ohm                                   
abs   003f95ad  _EST_getRr_Ohm                                   
abs   003f95b3  _EST_getOneOverDcBus_pu                          
abs   003f95bd  _EST_getMaxCurrentSlope_pu                       
abs   003f95c9  _EST_getLs_q_pu                                  
abs   003f95ce  _EST_getLs_q_H                                   
abs   003f95f0  _EST_getLs_d_pu                                  
abs   003f95f5  _EST_getLs_d_H                                   
abs   003f95ff  _EST_getLs_coarse_max_pu                         
abs   003f9632  _EST_getIdRated                                  
abs   003f968e  _EST_getFm_pu                                    
abs   003f96ab  _EST_getFlux_pu                                  
abs   003f96be  _EST_getFlux_VpHz                                
abs   003f9758  _EST_doSpeedCtrl                                 
abs   003f9760  _EST_doCurrentCtrl                               
abs   003f9806  _CTRL_setupTraj                                  
abs   003f996a  _CTRL_setupEstOnLineState                        
abs   003f99a5  _CTRL_setupEstIdleState                          
abs   003f9b43  _CTRL_setupCtrl                                  
abs   003f9d31  _CTRL_setUserMotorParams                         
abs   003f9e64  _CTRL_setEstParams                               
abs   003fa5d1  _CTRL_runTraj                                    
abs   003fa6fb  _CTRL_initCtrl                                   
abs   003fa721  _CTRL_getVersion                                 
abs   ffffffff  ___TI_pprof_out_hndl                             
abs   ffffffff  ___TI_prof_data_size                             
abs   ffffffff  ___TI_prof_data_start                            
abs   ffffffff  ___binit__                                       
abs   ffffffff  ___c_args__                                      
abs   ffffffff  ___pinit__                                       
abs   ffffffff  binit                                            
abs   ffffffff  pinit                                            

[1283 symbols]
